******************************************************************************
                  TI ARM Linker PC v20.2.4                     
******************************************************************************
>> Linked Fri Apr  8 13:41:54 2022

OUTPUT FILE NAME:   <AppLab10.out>
ENTRY POINT SYMBOL: "_c_int00_noargs"  address: 00007179


MEMORY CONFIGURATION

         name            origin    length      used     unused   attr    fill
----------------------  --------  ---------  --------  --------  ----  --------
  FLASH                 00000000   00040000  0000788c  00038774  R  X
  SRAM                  20000000   00008000  00002350  00005cb0  RW X


SEGMENT ALLOCATION MAP

run origin  load origin   length   init length attrs members
----------  ----------- ---------- ----------- ----- -------
00000000    00000000    00007890   00007890    r-x
  00000000    00000000    0000026c   0000026c    r-- .intvecs
  0000026c    0000026c    000071b0   000071b0    r-x .text
  00007420    00007420    00000410   00000410    r-- .const
  00007830    00007830    00000060   00000060    r-- .cinit
20000000    20000000    00002354   00000000    rw-
  20000000    20000000    0000026c   00000000    rw- .vtable
  20000270    20000270    00001000   00000000    rw- .stack
  20001270    20001270    00001000   00000000    rw- .sysmem
  20002270    20002270    00000084   00000000    rw- .bss
  200022f4    200022f4    00000060   00000000    rw- .data


SECTION ALLOCATION MAP

 output                                  attributes/
section   page    origin      length       input sections
--------  ----  ----------  ----------   ----------------
.intvecs   0    00000000    0000026c     
                  00000000    0000026c     tm4c123gh6pm_startup_ccs.obj (.intvecs)

.text      0    0000026c    000071b0     
                  0000026c    00000c20     open_interface.obj (.text)
                  00000e8c    00000b88     main.obj (.text)
                  00001a14    00000a4e     rtsv7M4_T_le_v4SPD16_eabi.lib : _printfi.c.obj (.text:__TI_printfi)
                  00002462    00000002                                   : _lock.c.obj (.text:_nop)
                  00002464    000009c0                                   : e_pow.c.obj (.text:pow)
                  00002e24    00000738                                   : k_rem_pio2.c.obj (.text:__kernel_rem_pio2)
                  0000355c    00000508                                   : s_tan.c.obj (.text:tan)
                  00003a64    000004c8     movement.obj (.text)
                  00003f2c    00000460     rtsv7M4_T_le_v4SPD16_eabi.lib : strtod.c.obj (.text:strtod)
                  0000438c    00000360     uart.obj (.text)
                  000046ec    00000328     lcd.obj (.text)
                  00004a14    00000318     rtsv7M4_T_le_v4SPD16_eabi.lib : k_tan.c.obj (.text:__kernel_tan)
                  00004d2c    00000270                                   : _printfi.c.obj (.text:_pconv_a)
                  00004f9c    00000248     Timer.obj (.text)
                  000051e4    0000022c     ping.obj (.text)
                  00005410    000001d0     rtsv7M4_T_le_v4SPD16_eabi.lib : _printfi.c.obj (.text:_pconv_g)
                  000055e0    000001b6                                   : fd_add_t2.asm.obj (.text)
                  00005796    00000002                                   : div0.asm.obj (.text)
                  00005798    00000198     servo.obj (.text)
                  00005930    00000158     rtsv7M4_T_le_v4SPD16_eabi.lib : e_sqrt.c.obj (.text:sqrt)
                  00005a88    0000014c                                   : vla_alloc.c.obj (.text:__vla_alloc)
                  00005bd4    0000013c                                   : _printfi.c.obj (.text:_pconv_e)
                  00005d10    00000138     button.obj (.text)
                  00005e48    00000136     rtsv7M4_T_le_v4SPD16_eabi.lib : fd_div_t2.asm.obj (.text)
                  00005f7e    00000002     --HOLE-- [fill = 0]
                  00005f80    00000124                                   : _printfi.c.obj (.text:fcvt)
                  000060a4    00000120     adc.obj (.text)
                  000061c4    00000110     rtsv7M4_T_le_v4SPD16_eabi.lib : s_scalbn.c.obj (.text:scalbn)
                  000062d4    00000100                                   : memory.c.obj (.text:aligned_alloc)
                  000063d4    000000fc                                   : fd_mul_t2.asm.obj (.text)
                  000064d0    000000f8                                   : s_floor.c.obj (.text:floor)
                  000065c8    000000e4                                   : memory.c.obj (.text:free)
                  000066ac    000000e4                                   : memory.c.obj (.text:realloc)
                  00006790    000000b1                                   : _printfi.c.obj (.text:_ltostr)
                  00006841    00000001     --HOLE-- [fill = 0]
                  00006842    0000009c                                   : memcpy_t2.asm.obj (.text)
                  000068de    00000096                                   : ull_div_t2.asm.obj (.text)
                  00006974    00000086                                   : fd_cmp_t2.asm.obj (.text:__aeabi_cdcmple)
                  000069fa    00000086                                   : fd_cmp_t2.asm.obj (.text:__aeabi_cdrcmple)
                  00006a80    0000007a                                   : memset_t2.asm.obj (.text)
                  00006afa    00000002     --HOLE-- [fill = 0]
                  00006afc    00000078                                   : vla_alloc.c.obj (.text:_ZN33_INTERNAL_11_vla_alloc_c_be8bd49b21free_dead_allocationsEPv)
                  00006b74    00000070                                   : vla_alloc.c.obj (.text:__vla_dealloc)
                  00006be4    00000070                                   : memory.c.obj (.text:split)
                  00006c54    0000006e                                   : _printfi.c.obj (.text:_mcpy)
                  00006cc2    0000006e                                   : fd_tos_t2.asm.obj (.text)
                  00006d30    00000068                                   : copy_decompress_lzss.c.obj (.text:decompress:lzss:__TI_decompress_lzss)
                  00006d98    00000064                                   : s_frexp.c.obj (.text:frexp)
                  00006dfc    00000056                                   : _printfi.c.obj (.text:_pconv_f)
                  00006e52    00000054                                   : _ltoa.c.obj (.text:__TI_ltoa)
                  00006ea6    00000052                                   : _printfi.c.obj (.text:_ecpy)
                  00006ef8    0000004c                                   : atoi.c.obj (.text:atoi)
                  00006f44    00000048                                   : fd_toi_t2.asm.obj (.text)
                  00006f8c    00000044                                   : autoinit.c.obj (.text:__TI_auto_init_nobinit_nopinit:__TI_auto_init_nobinit_nopinit)
                  00006fd0    00000044                                   : fd_tou_t2.asm.obj (.text)
                  00007014    00000040                                   : strtok.c.obj (.text:strtok)
                  00007054    00000040                                   : vsnprintf.c.obj (.text:vsnprintf)
                  00007094    0000003e                                   : _printfi.c.obj (.text:_fcpy)
                  000070d2    00000002     --HOLE-- [fill = 0]
                  000070d4    00000038                                   : memory.c.obj (.text:calloc)
                  0000710c    00000038                                   : fs_tod_t2.asm.obj (.text)
                  00007144    00000034     driverlib.lib : interrupt.obj (.text:IntRegister)
                  00007178    00000034     rtsv7M4_T_le_v4SPD16_eabi.lib : boot_cortex_m.c.obj (.text:_c_int00_noargs:_c_int00_noargs)
                  000071ac    00000030                                   : vsnprintf.c.obj (.text:_outs)
                  000071dc    0000002e                                   : i_tofd_t2.asm.obj (.text)
                  0000720a    0000002a                                   : strspn.c.obj (.text:strspn)
                  00007234    00000028                                   : memory.c.obj (.text:free_list_insert)
                  0000725c    00000024                                   : strcspn.c.obj (.text:strcspn)
                  00007280    00000020                                   : u_tofd_t2.asm.obj (.text)
                  000072a0    0000001c                                   : copy_zero_init.c.obj (.text:decompress:ZI:__TI_zero_init_nomemset:__TI_zero_init_nomemset)
                  000072bc    0000001c                                   : memory.c.obj (.text:free_list_remove)
                  000072d8    0000001c                                   : memccpy.c.obj (.text:memccpy)
                  000072f4    0000001a                                   : s_copysign.c.obj (.text:copysign)
                  0000730e    00000018                                   : vsnprintf.c.obj (.text:_outc)
                  00007326    00000018     open_interface.obj (.text:oi_parseInt)
                  0000733e    00000018     rtsv7M4_T_le_v4SPD16_eabi.lib : strcmp.c.obj (.text:strcmp)
                  00007356    00000016                                   : strchr.c.obj (.text:strchr)
                  0000736c    00000014                                   : strcpy.c.obj (.text:strcpy)
                  00007380    00000014                                   : strlen.c.obj (.text:strlen)
                  00007394    00000012                                   : atof.c.obj (.text:atof)
                  000073a6    00000012                                   : wcslen.c.obj (.text:wcslen)
                  000073b8    00000010     driverlib.lib : interrupt.obj (.text:IntMasterEnable)
                  000073c8    00000010     lcd.obj (.text:lcd_clear)
                  000073d8    0000000e     rtsv7M4_T_le_v4SPD16_eabi.lib : copy_decompress_none.c.obj (.text:decompress:none:__TI_decompress_none)
                  000073e6    0000000c     driverlib.lib : cpu.obj (.text:CPUcpsie)
                  000073f2    0000000c     tm4c123gh6pm_startup_ccs.obj (.text)
                  000073fe    00000002     --HOLE-- [fill = 0]
                  00007400    00000008     rtsv7M4_T_le_v4SPD16_eabi.lib : errno.c.obj (.text:__aeabi_errno_addr)
                  00007408    00000008                                   : memory.c.obj (.text:malloc)
                  00007410    00000004                                   : error.c.obj (.text:__abort_execution)
                  00007414    00000004                                   : pre_init.c.obj (.text:_system_pre_init)
                  00007418    00000004                                   : exit.c.obj (.text:abort:abort)

.const     0    00007420    00000410     
                  00007420    00000158     rtsv7M4_T_le_v4SPD16_eabi.lib : k_rem_pio2.c.obj (.const:$O1$$)
                  00007578    00000101                                   : ctype.c.obj (.const:.string:_ctypes_)
                  00007679    00000004     lcd.obj (.const:.string:lineAddress$1)
                  0000767d    00000003     --HOLE-- [fill = 0]
                  00007680    000000c8     rtsv7M4_T_le_v4SPD16_eabi.lib : strtod.c.obj (.const:$O1$$)
                  00007748    00000080                                   : k_tan.c.obj (.const:xxx)
                  000077c8    00000030                                   : e_pow.c.obj (.const:$O1$$)
                  000077f8    00000025     data.obj (.const)
                  0000781d    0000000f     open_interface.obj (.const:.string:$P$T0$3)
                  0000782c    00000004     lcd.obj (.const:.string:lineAddresses$2)

.cinit     0    00007830    00000060     
                  00007830    0000002c     (.cinit..data.load) [load image, compression = lzss]
                  0000785c    0000000c     (__TI_handler_table)
                  00007868    00000008     (.cinit..bss.load) [load image, compression = zero_init]
                  00007870    00000008     (.cinit..vtable.load) [load image, compression = zero_init]
                  00007878    00000018     (__TI_cinit_table)

.init_array 
*          0    00000000    00000000     UNINITIALIZED

.vtable    0    20000000    0000026c     UNINITIALIZED
                  20000000    0000026c     driverlib.lib : interrupt.obj (.vtable)

.stack     0    20000270    00001000     UNINITIALIZED
                  20000270    00000004     rtsv7M4_T_le_v4SPD16_eabi.lib : boot_cortex_m.c.obj (.stack)
                  20000274    00000ffc     --HOLE--

.sysmem    0    20001270    00001000     UNINITIALIZED
                  20001270    00000010     rtsv7M4_T_le_v4SPD16_eabi.lib : memory.c.obj (.sysmem)
                  20001280    00000ff0     --HOLE--

.bss       0    20002270    00000084     UNINITIALIZED
                  20002270    00000054     lcd.obj (.bss:lastbuffer$3)
                  200022c4    00000018     open_interface.obj (.bss:firmware$2)
                  200022dc    00000014     (.common:smallest)
                  200022f0    00000004     (.common:_timeout_ticks)

.data      0    200022f4    00000060     UNINITIALIZED
                  200022f4    00000020     open_interface.obj (.data)
                  20002314    0000000c     ping.obj (.data)
                  20002320    0000000c     servo.obj (.data)
                  2000232c    00000008     rtsv7M4_T_le_v4SPD16_eabi.lib : _lock.c.obj (.data:$O1$$)
                  20002334    00000008                                   : memory.c.obj (.data:$O1$$)
                  2000233c    00000008     data.obj (.data)
                  20002344    00000004     rtsv7M4_T_le_v4SPD16_eabi.lib : errno.c.obj (.data)
                  20002348    00000004                                   : strtok.c.obj (.data)
                  2000234c    00000004                                   : vla_alloc.c.obj (.data)
                  20002350    00000001     Timer.obj (.data)
                  20002351    00000001     adc.obj (.data)
                  20002352    00000001     button.obj (.data)
                  20002353    00000001     uart.obj (.data)

__llvm_prf_cnts 
*          0    20000000    00000000     UNINITIALIZED

MODULE SUMMARY

       Module                         code    ro data   rw data
       ------                         ----    -------   -------
    .\
       open_interface.obj             3128    15        56     
       main.obj                       2952    0         20     
       movement.obj                   1224    0         0      
       lcd.obj                        824     8         84     
       uart.obj                       864     0         1      
       tm4c123gh6pm_startup_ccs.obj   12      620       0      
       Timer.obj                      584     0         5      
       ping.obj                       556     0         12     
       servo.obj                      408     0         12     
       button.obj                     312     0         1      
       adc.obj                        288     0         1      
       data.obj                       0       37        8      
    +--+------------------------------+-------+---------+---------+
       Total:                         11152   680       200    
                                                               
    C:/ti/TivaWare_C_Series-2.1.4.178/driverlib/ccs/Debug/driverlib.lib
       interrupt.obj                  68      0         620    
       cpu.obj                        12      0         0      
    +--+------------------------------+-------+---------+---------+
       Total:                         80      0         620    
                                                               
    C:\ti\ccs1031\ccs\tools\compiler\ti-cgt-arm_20.2.4.LTS\lib\rtsv7M4_T_le_v4SPD16_eabi.lib
       _printfi.c.obj                 4851    0         0      
       e_pow.c.obj                    2496    48        0      
       k_rem_pio2.c.obj               1848    344       0      
       strtod.c.obj                   1120    200       0      
       s_tan.c.obj                    1288    0         0      
       memory.c.obj                   956     0         8      
       k_tan.c.obj                    792     128       0      
       vla_alloc.c.obj                564     0         4      
       fd_add_t2.asm.obj              438     0         0      
       e_sqrt.c.obj                   344     0         0      
       fd_div_t2.asm.obj              310     0         0      
       s_scalbn.c.obj                 272     0         0      
       fd_cmp_t2.asm.obj              268     0         0      
       ctype.c.obj                    0       257       0      
       fd_mul_t2.asm.obj              252     0         0      
       s_floor.c.obj                  248     0         0      
       memcpy_t2.asm.obj              156     0         0      
       ull_div_t2.asm.obj             150     0         0      
       vsnprintf.c.obj                136     0         0      
       memset_t2.asm.obj              122     0         0      
       fd_tos_t2.asm.obj              110     0         0      
       copy_decompress_lzss.c.obj     104     0         0      
       s_frexp.c.obj                  100     0         0      
       _ltoa.c.obj                    84      0         0      
       atoi.c.obj                     76      0         0      
       fd_toi_t2.asm.obj              72      0         0      
       autoinit.c.obj                 68      0         0      
       fd_tou_t2.asm.obj              68      0         0      
       strtok.c.obj                   64      0         4      
       fs_tod_t2.asm.obj              56      0         0      
       boot_cortex_m.c.obj            52      0         0      
       i_tofd_t2.asm.obj              46      0         0      
       strspn.c.obj                   42      0         0      
       strcspn.c.obj                  36      0         0      
       u_tofd_t2.asm.obj              32      0         0      
       copy_zero_init.c.obj           28      0         0      
       memccpy.c.obj                  28      0         0      
       s_copysign.c.obj               26      0         0      
       strcmp.c.obj                   24      0         0      
       strchr.c.obj                   22      0         0      
       strcpy.c.obj                   20      0         0      
       strlen.c.obj                   20      0         0      
       atof.c.obj                     18      0         0      
       wcslen.c.obj                   18      0         0      
       copy_decompress_none.c.obj     14      0         0      
       errno.c.obj                    8       0         4      
       _lock.c.obj                    2       0         8      
       error.c.obj                    4       0         0      
       exit.c.obj                     4       0         0      
       pre_init.c.obj                 4       0         0      
       div0.asm.obj                   2       0         0      
    +--+------------------------------+-------+---------+---------+
       Total:                         17863   977       28     
                                                               
       Heap:                          0       0         4096   
       Stack:                         0       0         4096   
       Linker Generated:              0       96        0      
    +--+------------------------------+-------+---------+---------+
       Grand Total:                   29095   1753      9040   


LINKER GENERATED COPY TABLES

__TI_cinit_table @ 00007878 records: 3, size/record: 8, table size: 24
	.data: load addr=00007830, load size=0000002c bytes, run addr=200022f4, run size=00000060 bytes, compression=lzss
	.bss: load addr=00007868, load size=00000008 bytes, run addr=20002270, run size=00000084 bytes, compression=zero_init
	.vtable: load addr=00007870, load size=00000008 bytes, run addr=20000000, run size=0000026c bytes, compression=zero_init


LINKER GENERATED HANDLER TABLE

__TI_handler_table @ 0000785c records: 3, size/record: 4, table size: 12
	index: 0, handler: __TI_zero_init
	index: 1, handler: __TI_decompress_lzss
	index: 2, handler: __TI_decompress_none


GLOBAL SYMBOLS: SORTED ALPHABETICALLY BY Name 

address   name                          
-------   ----                          
00007811  B_EMERGENCY_STOP              
00007815  B_MOVE_FORWARD                
00007816  B_MOVE_FORWARD_INC            
00007817  B_MOVE_LEFT                   
00007818  B_MOVE_LEFT_INC               
00007819  B_MOVE_REVERSE                
0000781a  B_MOVE_REVERSE_INC            
0000781b  B_MOVE_RIGHT                  
0000781c  B_MOVE_RIGHT_INC              
00007814  B_MOVE_STOP                   
00007813  B_NEWLINE                     
00007812  B_SCAN                        
00007810  B_WAIT                        
00007419  C$$EXIT                       
000073e7  CPUcpsie                      
00000bc3  GPIOF_Handler                 
00007800  INT_ARR_DIGITS                
000073b9  IntMasterEnable               
00007145  IntRegister                   
0000780c  MAX_COMMAND_LEN               
00007808  MAX_OBJECTS                   
000073f3  ResetISR                      
000077fc  SCAN_LEFT                     
000077f8  SCAN_RIGHT                    
00007804  SEND_FLOAT_DECIMAL_PLACES     
000051e5  TIMER3B_Handler               
0000438d  UART1_Handler                 
20001270  __STACK_END                   
00001000  __STACK_SIZE                  
20000470  __STACK_TOP                   
00001000  __SYSMEM_SIZE                 
00007878  __TI_CINIT_Base               
00007890  __TI_CINIT_Limit              
0000785c  __TI_Handler_Table_Base       
00007868  __TI_Handler_Table_Limit      
00006f8d  __TI_auto_init_nobinit_nopinit
00006d31  __TI_decompress_lzss          
000073d9  __TI_decompress_none          
00006e53  __TI_ltoa                     
ffffffff  __TI_pprof_out_hndl           
00001a15  __TI_printfi                  
ffffffff  __TI_prof_data_size           
ffffffff  __TI_prof_data_start          
00000000  __TI_static_base__            
000072a1  __TI_zero_init_nomemset       
00007411  __abort_execution             
00006975  __aeabi_cdcmpeq               
00006975  __aeabi_cdcmple               
000069fb  __aeabi_cdrcmple              
00006cc3  __aeabi_d2f                   
00006f45  __aeabi_d2iz                  
00006fd1  __aeabi_d2uiz                 
000055eb  __aeabi_dadd                  
00005e49  __aeabi_ddiv                  
000063d5  __aeabi_dmul                  
000055e1  __aeabi_dsub                  
00007401  __aeabi_errno_addr            
0000710d  __aeabi_f2d                   
000071dd  __aeabi_i2d                   
00005797  __aeabi_idiv0                 
00005797  __aeabi_ldiv0                 
00006a81  __aeabi_memclr                
00006a81  __aeabi_memclr4               
00006a81  __aeabi_memclr8               
00006843  __aeabi_memcpy                
00006843  __aeabi_memcpy4               
00006843  __aeabi_memcpy8               
00006a83  __aeabi_memset                
00006a83  __aeabi_memset4               
00006a83  __aeabi_memset8               
00007281  __aeabi_ui2d                  
000068df  __aeabi_uldivmod              
ffffffff  __binit__                     
ffffffff  __c_args__                    
00002e25  __kernel_rem_pio2             
00004a15  __kernel_tan                  
UNDEFED   __mpu_init                    
20000270  __stack                       
20000000  __start___llvm_prf_cnts       
20000000  __stop___llvm_prf_cnts        
00005a89  __vla_alloc                   
00006b75  __vla_dealloc                 
00007179  _c_int00_noargs               
00007578  _ctypes_                      
2000232c  _lock                         
00002463  _nop                          
20002350  _running                      
20001270  _sys_memory                   
UNDEFED   _system_post_cinit            
00007415  _system_pre_init              
200022f0  _timeout_ticks                
20002330  _unlock                       
00007419  abort                         
000060a5  adc_init                      
00006147  adc_read                      
000062d5  aligned_alloc                 
00007395  atof                          
00006ef9  atoi                          
ffffffff  binit                         
00000f4d  build_object                  
00003a65  bumpLeft                      
00003ab1  bumpRight                     
00005d45  button_getButton              
00005d87  button_getButtonWait          
00005d11  button_init                   
00001791  calibrate                     
000070d5  calloc                        
20002353  command_byte                  
000072f5  copysign                      
000072f5  copysignl                     
2000231c  endTime                       
20002344  errno                         
000064d1  floor                         
000064d1  floorl                        
000065c9  free                          
00006d99  frexp                         
00006d99  frexpl                        
00000fe5  full_scan                     
20000000  g_pfnRAMVectors               
00000000  g_pfnVectors                  
0000097f  go_charge                     
0000188d  handle_buttons                
20002320  initialized                   
000073c9  lcd_clear                     
000048c1  lcd_gotoLine                  
00004729  lcd_init                      
00004927  lcd_printf                    
000047e9  lcd_putc                      
00004821  lcd_puts                      
000046ed  lcd_reverseNibble             
0000483f  lcd_sendCommand               
0000487d  lcd_sendNibble                
000048e9  lcd_setCursorPos              
000061c5  ldexp                         
000061c5  ldexpl                        
20002328  left                          
00001943  main                          
00007409  malloc                        
00000f21  measure_dist                  
000062d5  memalign                      
000072d9  memccpy                       
00006843  memcpy                        
00006a89  memset                        
200022f4  motor_cal_factor_L            
200022f8  motor_cal_factor_R            
00003db5  move_backward                 
00003cb1  move_forward                  
00003e89  move_square                   
2000233c  object_num                    
0000026d  oi_alloc                      
00000aa9  oi_checkFirmware              
000002c7  oi_close                      
00000279  oi_free                       
00000ded  oi_getMotorCalibrationLeft    
00000e01  oi_getMotorCalibrationRight   
000002b1  oi_init                       
00000289  oi_init_noupdate              
00000915  oi_loadSong                   
00007327  oi_parseInt                   
0000032b  oi_parsePacket                
0000096b  oi_play_song                  
0000084b  oi_setLeds                    
00000db1  oi_setMotorCalibration        
0000088f  oi_setWheels                  
00000b51  oi_shutoff_init               
0000098d  oi_uartInit                   
00000a31  oi_uartReceive                
00000a77  oi_uartSendBuff               
00000a15  oi_uartSendChar               
00000a59  oi_uartSendStr                
000002d9  oi_update                     
000013e5  parse                         
00005383  ping_getDistanceCM            
00005371  ping_getDistanceRAW           
00005229  ping_init                     
00005303  ping_trigger                  
00002465  pow                           
00002465  powl                          
00000e8d  raw_to_dist                   
000066ad  realloc                       
20002324  right                         
000061c5  scalbn                        
000061c5  scalbnl                       
00000ecf  scan_test                     
00005799  servo_init                    
00005859  servo_move                    
00005839  servo_setMatch                
200022dc  smallest                      
20002340  speed                         
00005931  sqrt                          
00005931  sqrtl                         
20002318  startTime                     
00007357  strchr                        
0000733f  strcmp                        
0000736d  strcpy                        
0000725d  strcspn                       
00007381  strlen                        
0000720b  strspn                        
00003f2d  strtod                        
00007015  strtok                        
00003f2d  strtold                       
0000355d  tan                           
0000355d  tanl                          
000050bb  timer_getMicros               
00005063  timer_getMillis               
00004f9d  timer_init                    
0000503f  timer_pause                   
00005051  timer_resume                  
00005015  timer_stop                    
00005115  timer_waitMicros              
00005147  timer_waitMillis              
00003afd  turn_left                     
00003bcd  turn_right                    
000043f9  uart_enable                   
00004645  uart_end                      
00004471  uart_init                     
000043bb  uart_init_interrupts          
0000461d  uart_log                      
0000463b  uart_move                     
00004631  uart_object                   
000044a5  uart_receive                  
000044b9  uart_receive_no_wait          
00004627  uart_scan                     
00004489  uart_sendChar                 
0000455d  uart_sendFloat                
000044d1  uart_sendInt                  
000045e1  uart_sendStr                  
00004651  uart_stopWait                 
00007055  vsnprintf                     
000073a7  wcslen                        


GLOBAL SYMBOLS: SORTED BY Symbol Address 

address   name                          
-------   ----                          
00000000  __TI_static_base__            
00000000  g_pfnVectors                  
0000026d  oi_alloc                      
00000279  oi_free                       
00000289  oi_init_noupdate              
000002b1  oi_init                       
000002c7  oi_close                      
000002d9  oi_update                     
0000032b  oi_parsePacket                
0000084b  oi_setLeds                    
0000088f  oi_setWheels                  
00000915  oi_loadSong                   
0000096b  oi_play_song                  
0000097f  go_charge                     
0000098d  oi_uartInit                   
00000a15  oi_uartSendChar               
00000a31  oi_uartReceive                
00000a59  oi_uartSendStr                
00000a77  oi_uartSendBuff               
00000aa9  oi_checkFirmware              
00000b51  oi_shutoff_init               
00000bc3  GPIOF_Handler                 
00000db1  oi_setMotorCalibration        
00000ded  oi_getMotorCalibrationLeft    
00000e01  oi_getMotorCalibrationRight   
00000e8d  raw_to_dist                   
00000ecf  scan_test                     
00000f21  measure_dist                  
00000f4d  build_object                  
00000fe5  full_scan                     
00001000  __STACK_SIZE                  
00001000  __SYSMEM_SIZE                 
000013e5  parse                         
00001791  calibrate                     
0000188d  handle_buttons                
00001943  main                          
00001a15  __TI_printfi                  
00002463  _nop                          
00002465  pow                           
00002465  powl                          
00002e25  __kernel_rem_pio2             
0000355d  tan                           
0000355d  tanl                          
00003a65  bumpLeft                      
00003ab1  bumpRight                     
00003afd  turn_left                     
00003bcd  turn_right                    
00003cb1  move_forward                  
00003db5  move_backward                 
00003e89  move_square                   
00003f2d  strtod                        
00003f2d  strtold                       
0000438d  UART1_Handler                 
000043bb  uart_init_interrupts          
000043f9  uart_enable                   
00004471  uart_init                     
00004489  uart_sendChar                 
000044a5  uart_receive                  
000044b9  uart_receive_no_wait          
000044d1  uart_sendInt                  
0000455d  uart_sendFloat                
000045e1  uart_sendStr                  
0000461d  uart_log                      
00004627  uart_scan                     
00004631  uart_object                   
0000463b  uart_move                     
00004645  uart_end                      
00004651  uart_stopWait                 
000046ed  lcd_reverseNibble             
00004729  lcd_init                      
000047e9  lcd_putc                      
00004821  lcd_puts                      
0000483f  lcd_sendCommand               
0000487d  lcd_sendNibble                
000048c1  lcd_gotoLine                  
000048e9  lcd_setCursorPos              
00004927  lcd_printf                    
00004a15  __kernel_tan                  
00004f9d  timer_init                    
00005015  timer_stop                    
0000503f  timer_pause                   
00005051  timer_resume                  
00005063  timer_getMillis               
000050bb  timer_getMicros               
00005115  timer_waitMicros              
00005147  timer_waitMillis              
000051e5  TIMER3B_Handler               
00005229  ping_init                     
00005303  ping_trigger                  
00005371  ping_getDistanceRAW           
00005383  ping_getDistanceCM            
000055e1  __aeabi_dsub                  
000055eb  __aeabi_dadd                  
00005797  __aeabi_idiv0                 
00005797  __aeabi_ldiv0                 
00005799  servo_init                    
00005839  servo_setMatch                
00005859  servo_move                    
00005931  sqrt                          
00005931  sqrtl                         
00005a89  __vla_alloc                   
00005d11  button_init                   
00005d45  button_getButton              
00005d87  button_getButtonWait          
00005e49  __aeabi_ddiv                  
000060a5  adc_init                      
00006147  adc_read                      
000061c5  ldexp                         
000061c5  ldexpl                        
000061c5  scalbn                        
000061c5  scalbnl                       
000062d5  aligned_alloc                 
000062d5  memalign                      
000063d5  __aeabi_dmul                  
000064d1  floor                         
000064d1  floorl                        
000065c9  free                          
000066ad  realloc                       
00006843  __aeabi_memcpy                
00006843  __aeabi_memcpy4               
00006843  __aeabi_memcpy8               
00006843  memcpy                        
000068df  __aeabi_uldivmod              
00006975  __aeabi_cdcmpeq               
00006975  __aeabi_cdcmple               
000069fb  __aeabi_cdrcmple              
00006a81  __aeabi_memclr                
00006a81  __aeabi_memclr4               
00006a81  __aeabi_memclr8               
00006a83  __aeabi_memset                
00006a83  __aeabi_memset4               
00006a83  __aeabi_memset8               
00006a89  memset                        
00006b75  __vla_dealloc                 
00006cc3  __aeabi_d2f                   
00006d31  __TI_decompress_lzss          
00006d99  frexp                         
00006d99  frexpl                        
00006e53  __TI_ltoa                     
00006ef9  atoi                          
00006f45  __aeabi_d2iz                  
00006f8d  __TI_auto_init_nobinit_nopinit
00006fd1  __aeabi_d2uiz                 
00007015  strtok                        
00007055  vsnprintf                     
000070d5  calloc                        
0000710d  __aeabi_f2d                   
00007145  IntRegister                   
00007179  _c_int00_noargs               
000071dd  __aeabi_i2d                   
0000720b  strspn                        
0000725d  strcspn                       
00007281  __aeabi_ui2d                  
000072a1  __TI_zero_init_nomemset       
000072d9  memccpy                       
000072f5  copysign                      
000072f5  copysignl                     
00007327  oi_parseInt                   
0000733f  strcmp                        
00007357  strchr                        
0000736d  strcpy                        
00007381  strlen                        
00007395  atof                          
000073a7  wcslen                        
000073b9  IntMasterEnable               
000073c9  lcd_clear                     
000073d9  __TI_decompress_none          
000073e7  CPUcpsie                      
000073f3  ResetISR                      
00007401  __aeabi_errno_addr            
00007409  malloc                        
00007411  __abort_execution             
00007415  _system_pre_init              
00007419  C$$EXIT                       
00007419  abort                         
00007578  _ctypes_                      
000077f8  SCAN_RIGHT                    
000077fc  SCAN_LEFT                     
00007800  INT_ARR_DIGITS                
00007804  SEND_FLOAT_DECIMAL_PLACES     
00007808  MAX_OBJECTS                   
0000780c  MAX_COMMAND_LEN               
00007810  B_WAIT                        
00007811  B_EMERGENCY_STOP              
00007812  B_SCAN                        
00007813  B_NEWLINE                     
00007814  B_MOVE_STOP                   
00007815  B_MOVE_FORWARD                
00007816  B_MOVE_FORWARD_INC            
00007817  B_MOVE_LEFT                   
00007818  B_MOVE_LEFT_INC               
00007819  B_MOVE_REVERSE                
0000781a  B_MOVE_REVERSE_INC            
0000781b  B_MOVE_RIGHT                  
0000781c  B_MOVE_RIGHT_INC              
0000785c  __TI_Handler_Table_Base       
00007868  __TI_Handler_Table_Limit      
00007878  __TI_CINIT_Base               
00007890  __TI_CINIT_Limit              
20000000  __start___llvm_prf_cnts       
20000000  __stop___llvm_prf_cnts        
20000000  g_pfnRAMVectors               
20000270  __stack                       
20000470  __STACK_TOP                   
20001270  __STACK_END                   
20001270  _sys_memory                   
200022dc  smallest                      
200022f0  _timeout_ticks                
200022f4  motor_cal_factor_L            
200022f8  motor_cal_factor_R            
20002318  startTime                     
2000231c  endTime                       
20002320  initialized                   
20002324  right                         
20002328  left                          
2000232c  _lock                         
20002330  _unlock                       
2000233c  object_num                    
20002340  speed                         
20002344  errno                         
20002350  _running                      
20002353  command_byte                  
ffffffff  __TI_pprof_out_hndl           
ffffffff  __TI_prof_data_size           
ffffffff  __TI_prof_data_start          
ffffffff  __binit__                     
ffffffff  __c_args__                    
ffffffff  binit                         
UNDEFED   __mpu_init                    
UNDEFED   _system_post_cinit            

[230 symbols]
