******************************************************************************
                  TI ARM Linker PC v20.2.4                     
******************************************************************************
>> Linked Wed Feb  9 12:40:46 2022

OUTPUT FILE NAME:   <Lab2.out>
ENTRY POINT SYMBOL: "_c_int00_noargs"  address: 00003819


MEMORY CONFIGURATION

         name            origin    length      used     unused   attr    fill
----------------------  --------  ---------  --------  --------  ----  --------
  FLASH                 00000000   00040000  00003ba0  0003c460  R  X
  SRAM                  20000000   00008000  00002311  00005cef  RW X


SEGMENT ALLOCATION MAP

run origin  load origin   length   init length attrs members
----------  ----------- ---------- ----------- ----- -------
00000000    00000000    00003ba0   00003ba0    r-x
  00000000    00000000    0000026c   0000026c    r-- .intvecs
  0000026c    0000026c    000037cc   000037cc    r-x .text
  00003a38    00003a38    00000118   00000118    r-- .const
  00003b50    00003b50    00000050   00000050    r-- .cinit
20000000    20000000    00002315   00000000    rw-
  20000000    20000000    0000026c   00000000    rw- .vtable
  20000270    20000270    00001000   00000000    rw- .stack
  20001270    20001270    00001000   00000000    rw- .sysmem
  20002270    20002270    00000070   00000000    rw- .bss
  200022e0    200022e0    00000035   00000000    rw- .data


SECTION ALLOCATION MAP

 output                                  attributes/
section   page    origin      length       input sections
--------  ----  ----------  ----------   ----------------
.intvecs   0    00000000    0000026c     
                  00000000    0000026c     tm4c123gh6pm_startup_ccs.obj (.intvecs)

.text      0    0000026c    000037cc     
                  0000026c    00000c20     open_interface.obj (.text)
                  00000e8c    00000a4e     rtsv7M4_T_le_v4SPD16_eabi.lib : _printfi.c.obj (.text:__TI_printfi)
                  000018da    00000002                                   : _lock.c.obj (.text:_nop)
                  000018dc    00000354     movement.obj (.text)
                  00001c30    00000328     lcd.obj (.text)
                  00001f58    00000270     rtsv7M4_T_le_v4SPD16_eabi.lib : _printfi.c.obj (.text:_pconv_a)
                  000021c8    00000248     Timer.obj (.text)
                  00002410    000001d0     rtsv7M4_T_le_v4SPD16_eabi.lib : _printfi.c.obj (.text:_pconv_g)
                  000025e0    000001b6                                   : fd_add_t2.asm.obj (.text)
                  00002796    00000002                                   : div0.asm.obj (.text)
                  00002798    0000013c                                   : _printfi.c.obj (.text:_pconv_e)
                  000028d4    00000136                                   : fd_div_t2.asm.obj (.text)
                  00002a0a    00000002     --HOLE-- [fill = 0]
                  00002a0c    00000124                                   : _printfi.c.obj (.text:fcvt)
                  00002b30    00000110                                   : s_scalbn.c.obj (.text:scalbn)
                  00002c40    00000100                                   : memory.c.obj (.text:aligned_alloc)
                  00002d40    000000fc                                   : fd_mul_t2.asm.obj (.text)
                  00002e3c    000000e4                                   : memory.c.obj (.text:free)
                  00002f20    000000b1                                   : _printfi.c.obj (.text:_ltostr)
                  00002fd1    00000001     --HOLE-- [fill = 0]
                  00002fd2    0000009c                                   : memcpy_t2.asm.obj (.text)
                  0000306e    00000096                                   : ull_div_t2.asm.obj (.text)
                  00003104    00000086                                   : fd_cmp_t2.asm.obj (.text:__aeabi_cdcmple)
                  0000318a    00000086                                   : fd_cmp_t2.asm.obj (.text:__aeabi_cdrcmple)
                  00003210    0000007c     main.obj (.text)
                  0000328c    0000007a     rtsv7M4_T_le_v4SPD16_eabi.lib : memset_t2.asm.obj (.text)
                  00003306    00000002     --HOLE-- [fill = 0]
                  00003308    00000070                                   : memory.c.obj (.text:split)
                  00003378    0000006e                                   : _printfi.c.obj (.text:_mcpy)
                  000033e6    0000006e                                   : fd_tos_t2.asm.obj (.text)
                  00003454    00000068                                   : copy_decompress_lzss.c.obj (.text:decompress:lzss:__TI_decompress_lzss)
                  000034bc    00000064                                   : s_frexp.c.obj (.text:frexp)
                  00003520    00000056                                   : _printfi.c.obj (.text:_pconv_f)
                  00003576    00000054                                   : _ltoa.c.obj (.text:__TI_ltoa)
                  000035ca    00000052                                   : _printfi.c.obj (.text:_ecpy)
                  0000361c    0000004c                                   : atoi.c.obj (.text:atoi)
                  00003668    00000048                                   : fd_toi_t2.asm.obj (.text)
                  000036b0    00000044                                   : autoinit.c.obj (.text:__TI_auto_init_nobinit_nopinit:__TI_auto_init_nobinit_nopinit)
                  000036f4    00000040                                   : vsnprintf.c.obj (.text:vsnprintf)
                  00003734    0000003e                                   : _printfi.c.obj (.text:_fcpy)
                  00003772    00000002     --HOLE-- [fill = 0]
                  00003774    00000038                                   : memory.c.obj (.text:calloc)
                  000037ac    00000038                                   : fs_tod_t2.asm.obj (.text)
                  000037e4    00000034     driverlib.lib : interrupt.obj (.text:IntRegister)
                  00003818    00000034     rtsv7M4_T_le_v4SPD16_eabi.lib : boot_cortex_m.c.obj (.text:_c_int00_noargs:_c_int00_noargs)
                  0000384c    00000030                                   : vsnprintf.c.obj (.text:_outs)
                  0000387c    0000002e                                   : i_tofd_t2.asm.obj (.text)
                  000038aa    00000002     --HOLE-- [fill = 0]
                  000038ac    00000028                                   : memory.c.obj (.text:free_list_insert)
                  000038d4    0000001c                                   : copy_zero_init.c.obj (.text:decompress:ZI:__TI_zero_init_nomemset:__TI_zero_init_nomemset)
                  000038f0    0000001c                                   : memory.c.obj (.text:free_list_remove)
                  0000390c    0000001c                                   : memccpy.c.obj (.text:memccpy)
                  00003928    0000001a                                   : s_copysign.c.obj (.text:copysign)
                  00003942    00000018                                   : vsnprintf.c.obj (.text:_outc)
                  0000395a    00000018     open_interface.obj (.text:oi_parseInt)
                  00003972    00000018     rtsv7M4_T_le_v4SPD16_eabi.lib : strcmp.c.obj (.text:strcmp)
                  0000398a    00000016                                   : strchr.c.obj (.text:strchr)
                  000039a0    00000014                                   : strcpy.c.obj (.text:strcpy)
                  000039b4    00000014                                   : strlen.c.obj (.text:strlen)
                  000039c8    00000012                                   : wcslen.c.obj (.text:wcslen)
                  000039da    00000010     driverlib.lib : interrupt.obj (.text:IntMasterEnable)
                  000039ea    00000010     lcd.obj (.text:lcd_clear)
                  000039fa    0000000e     rtsv7M4_T_le_v4SPD16_eabi.lib : copy_decompress_none.c.obj (.text:decompress:none:__TI_decompress_none)
                  00003a08    0000000c     driverlib.lib : cpu.obj (.text:CPUcpsie)
                  00003a14    0000000c     tm4c123gh6pm_startup_ccs.obj (.text)
                  00003a20    00000008     rtsv7M4_T_le_v4SPD16_eabi.lib : errno.c.obj (.text:__aeabi_errno_addr)
                  00003a28    00000008                                   : memory.c.obj (.text:malloc)
                  00003a30    00000004                                   : pre_init.c.obj (.text:_system_pre_init)
                  00003a34    00000004                                   : exit.c.obj (.text:abort:abort)

.const     0    00003a38    00000118     
                  00003a38    00000101     rtsv7M4_T_le_v4SPD16_eabi.lib : ctype.c.obj (.const:.string:_ctypes_)
                  00003b39    0000000f     open_interface.obj (.const:.string:$P$T0$3)
                  00003b48    00000004     lcd.obj (.const:.string:lineAddress$1)
                  00003b4c    00000004     lcd.obj (.const:.string:lineAddresses$2)

.cinit     0    00003b50    00000050     
                  00003b50    00000018     (.cinit..data.load) [load image, compression = lzss]
                  00003b68    0000000c     (__TI_handler_table)
                  00003b74    00000004     --HOLE-- [fill = 0]
                  00003b78    00000008     (.cinit..bss.load) [load image, compression = zero_init]
                  00003b80    00000008     (.cinit..vtable.load) [load image, compression = zero_init]
                  00003b88    00000018     (__TI_cinit_table)

.init_array 
*          0    00000000    00000000     UNINITIALIZED

.vtable    0    20000000    0000026c     UNINITIALIZED
                  20000000    0000026c     driverlib.lib : interrupt.obj (.vtable)

.stack     0    20000270    00001000     UNINITIALIZED
                  20000270    00000004     rtsv7M4_T_le_v4SPD16_eabi.lib : boot_cortex_m.c.obj (.stack)
                  20000274    00000ffc     --HOLE--

.sysmem    0    20001270    00001000     UNINITIALIZED
                  20001270    00000010     rtsv7M4_T_le_v4SPD16_eabi.lib : memory.c.obj (.sysmem)
                  20001280    00000ff0     --HOLE--

.bss       0    20002270    00000070     UNINITIALIZED
                  20002270    00000054     lcd.obj (.bss:lastbuffer$3)
                  200022c4    00000018     open_interface.obj (.bss:firmware$2)
                  200022dc    00000004     (.common:_timeout_ticks)

.data      0    200022e0    00000035     UNINITIALIZED
                  200022e0    00000020     open_interface.obj (.data)
                  20002300    00000008     rtsv7M4_T_le_v4SPD16_eabi.lib : _lock.c.obj (.data:$O1$$)
                  20002308    00000008                                   : memory.c.obj (.data:$O1$$)
                  20002310    00000004                                   : errno.c.obj (.data)
                  20002314    00000001     Timer.obj (.data)

__llvm_prf_cnts 
*          0    20000000    00000000     UNINITIALIZED

MODULE SUMMARY

       Module                         code    ro data   rw data
       ------                         ----    -------   -------
    .\
       open_interface.obj             3128    15        56     
       lcd.obj                        824     8         84     
       movement.obj                   852     0         0      
       tm4c123gh6pm_startup_ccs.obj   12      620       0      
       Timer.obj                      584     0         5      
       main.obj                       124     0         0      
    +--+------------------------------+-------+---------+---------+
       Total:                         5524    643       145    
                                                               
    C:/ti/TivaWare_C_Series-2.1.4.178/driverlib/ccs/Debug/driverlib.lib
       interrupt.obj                  68      0         620    
       cpu.obj                        12      0         0      
    +--+------------------------------+-------+---------+---------+
       Total:                         80      0         620    
                                                               
    C:\ti\ccs1031\ccs\tools\compiler\ti-cgt-arm_20.2.4.LTS\lib\rtsv7M4_T_le_v4SPD16_eabi.lib
       _printfi.c.obj                 4851    0         0      
       memory.c.obj                   728     0         8      
       fd_add_t2.asm.obj              438     0         0      
       fd_div_t2.asm.obj              310     0         0      
       s_scalbn.c.obj                 272     0         0      
       fd_cmp_t2.asm.obj              268     0         0      
       ctype.c.obj                    0       257       0      
       fd_mul_t2.asm.obj              252     0         0      
       memcpy_t2.asm.obj              156     0         0      
       ull_div_t2.asm.obj             150     0         0      
       vsnprintf.c.obj                136     0         0      
       memset_t2.asm.obj              122     0         0      
       fd_tos_t2.asm.obj              110     0         0      
       copy_decompress_lzss.c.obj     104     0         0      
       s_frexp.c.obj                  100     0         0      
       _ltoa.c.obj                    84      0         0      
       atoi.c.obj                     76      0         0      
       fd_toi_t2.asm.obj              72      0         0      
       autoinit.c.obj                 68      0         0      
       fs_tod_t2.asm.obj              56      0         0      
       boot_cortex_m.c.obj            52      0         0      
       i_tofd_t2.asm.obj              46      0         0      
       copy_zero_init.c.obj           28      0         0      
       memccpy.c.obj                  28      0         0      
       s_copysign.c.obj               26      0         0      
       strcmp.c.obj                   24      0         0      
       strchr.c.obj                   22      0         0      
       strcpy.c.obj                   20      0         0      
       strlen.c.obj                   20      0         0      
       wcslen.c.obj                   18      0         0      
       copy_decompress_none.c.obj     14      0         0      
       errno.c.obj                    8       0         4      
       _lock.c.obj                    2       0         8      
       exit.c.obj                     4       0         0      
       pre_init.c.obj                 4       0         0      
       div0.asm.obj                   2       0         0      
    +--+------------------------------+-------+---------+---------+
       Total:                         8671    257       20     
                                                               
       Heap:                          0       0         4096   
       Stack:                         0       0         4096   
       Linker Generated:              0       76        0      
    +--+------------------------------+-------+---------+---------+
       Grand Total:                   14275   976       8977   


LINKER GENERATED COPY TABLES

__TI_cinit_table @ 00003b88 records: 3, size/record: 8, table size: 24
	.data: load addr=00003b50, load size=00000018 bytes, run addr=200022e0, run size=00000035 bytes, compression=lzss
	.bss: load addr=00003b78, load size=00000008 bytes, run addr=20002270, run size=00000070 bytes, compression=zero_init
	.vtable: load addr=00003b80, load size=00000008 bytes, run addr=20000000, run size=0000026c bytes, compression=zero_init


LINKER GENERATED HANDLER TABLE

__TI_handler_table @ 00003b68 records: 3, size/record: 4, table size: 12
	index: 0, handler: __TI_zero_init
	index: 1, handler: __TI_decompress_lzss
	index: 2, handler: __TI_decompress_none


GLOBAL SYMBOLS: SORTED ALPHABETICALLY BY Name 

address   name                          
-------   ----                          
00003a35  C$$EXIT                       
00003a09  CPUcpsie                      
00000bc3  GPIOF_Handler                 
000039db  IntMasterEnable               
000037e5  IntRegister                   
00003a15  ResetISR                      
20001270  __STACK_END                   
00001000  __STACK_SIZE                  
20000470  __STACK_TOP                   
00001000  __SYSMEM_SIZE                 
00003b88  __TI_CINIT_Base               
00003ba0  __TI_CINIT_Limit              
00003b68  __TI_Handler_Table_Base       
00003b74  __TI_Handler_Table_Limit      
000036b1  __TI_auto_init_nobinit_nopinit
00003455  __TI_decompress_lzss          
000039fb  __TI_decompress_none          
00003577  __TI_ltoa                     
ffffffff  __TI_pprof_out_hndl           
00000e8d  __TI_printfi                  
ffffffff  __TI_prof_data_size           
ffffffff  __TI_prof_data_start          
00000000  __TI_static_base__            
000038d5  __TI_zero_init_nomemset       
00003105  __aeabi_cdcmpeq               
00003105  __aeabi_cdcmple               
0000318b  __aeabi_cdrcmple              
000033e7  __aeabi_d2f                   
00003669  __aeabi_d2iz                  
000025eb  __aeabi_dadd                  
000028d5  __aeabi_ddiv                  
00002d41  __aeabi_dmul                  
000025e1  __aeabi_dsub                  
00003a21  __aeabi_errno_addr            
000037ad  __aeabi_f2d                   
0000387d  __aeabi_i2d                   
00002797  __aeabi_idiv0                 
00002797  __aeabi_ldiv0                 
0000328d  __aeabi_memclr                
0000328d  __aeabi_memclr4               
0000328d  __aeabi_memclr8               
00002fd3  __aeabi_memcpy                
00002fd3  __aeabi_memcpy4               
00002fd3  __aeabi_memcpy8               
0000328f  __aeabi_memset                
0000328f  __aeabi_memset4               
0000328f  __aeabi_memset8               
0000306f  __aeabi_uldivmod              
ffffffff  __binit__                     
ffffffff  __c_args__                    
UNDEFED   __mpu_init                    
20000270  __stack                       
20000000  __start___llvm_prf_cnts       
20000000  __stop___llvm_prf_cnts        
00003819  _c_int00_noargs               
00003a38  _ctypes_                      
20002300  _lock                         
000018db  _nop                          
20002314  _running                      
20001270  _sys_memory                   
UNDEFED   _system_post_cinit            
00003a31  _system_pre_init              
200022dc  _timeout_ticks                
20002304  _unlock                       
00003a35  abort                         
00002c41  aligned_alloc                 
0000361d  atoi                          
ffffffff  binit                         
000018dd  bumpLeft                      
00001929  bumpRight                     
00003775  calloc                        
00003929  copysign                      
00003929  copysignl                     
UNDEFED   cyBot_getByte                 
UNDEFED   cyBot_sendByte                
20002310  errno                         
00002e3d  free                          
000034bd  frexp                         
000034bd  frexpl                        
20000000  g_pfnRAMVectors               
00000000  g_pfnVectors                  
0000097f  go_charge                     
000039eb  lcd_clear                     
00001e05  lcd_gotoLine                  
00001c6d  lcd_init                      
00001e6b  lcd_printf                    
00001d2d  lcd_putc                      
00001d65  lcd_puts                      
00001c31  lcd_reverseNibble             
00001d83  lcd_sendCommand               
00001dc1  lcd_sendNibble                
00001e2d  lcd_setCursorPos              
00002b31  ldexp                         
00002b31  ldexpl                        
00003249  main                          
00003a29  malloc                        
00002c41  memalign                      
0000390d  memccpy                       
00002fd3  memcpy                        
00003295  memset                        
200022e0  motor_cal_factor_L            
200022e4  motor_cal_factor_R            
00001b45  move_backward                 
00001a91  move_forward                  
00003211  move_square                   
0000026d  oi_alloc                      
00000aa9  oi_checkFirmware              
000002c7  oi_close                      
00000279  oi_free                       
00000ded  oi_getMotorCalibrationLeft    
00000e01  oi_getMotorCalibrationRight   
000002b1  oi_init                       
00000289  oi_init_noupdate              
00000915  oi_loadSong                   
0000395b  oi_parseInt                   
0000032b  oi_parsePacket                
0000096b  oi_play_song                  
0000084b  oi_setLeds                    
00000db1  oi_setMotorCalibration        
0000088f  oi_setWheels                  
00000b51  oi_shutoff_init               
0000098d  oi_uartInit                   
00000a31  oi_uartReceive                
00000a77  oi_uartSendBuff               
00000a15  oi_uartSendChar               
00000a59  oi_uartSendStr                
000002d9  oi_update                     
00002b31  scalbn                        
00002b31  scalbnl                       
0000398b  strchr                        
00003973  strcmp                        
000039a1  strcpy                        
000039b5  strlen                        
000022e7  timer_getMicros               
0000228f  timer_getMillis               
000021c9  timer_init                    
0000226b  timer_pause                   
0000227d  timer_resume                  
00002241  timer_stop                    
00002341  timer_waitMicros              
00002373  timer_waitMillis              
00001975  turn_left                     
00001a05  turn_right                    
000036f5  vsnprintf                     
000039c9  wcslen                        


GLOBAL SYMBOLS: SORTED BY Symbol Address 

address   name                          
-------   ----                          
00000000  __TI_static_base__            
00000000  g_pfnVectors                  
0000026d  oi_alloc                      
00000279  oi_free                       
00000289  oi_init_noupdate              
000002b1  oi_init                       
000002c7  oi_close                      
000002d9  oi_update                     
0000032b  oi_parsePacket                
0000084b  oi_setLeds                    
0000088f  oi_setWheels                  
00000915  oi_loadSong                   
0000096b  oi_play_song                  
0000097f  go_charge                     
0000098d  oi_uartInit                   
00000a15  oi_uartSendChar               
00000a31  oi_uartReceive                
00000a59  oi_uartSendStr                
00000a77  oi_uartSendBuff               
00000aa9  oi_checkFirmware              
00000b51  oi_shutoff_init               
00000bc3  GPIOF_Handler                 
00000db1  oi_setMotorCalibration        
00000ded  oi_getMotorCalibrationLeft    
00000e01  oi_getMotorCalibrationRight   
00000e8d  __TI_printfi                  
00001000  __STACK_SIZE                  
00001000  __SYSMEM_SIZE                 
000018db  _nop                          
000018dd  bumpLeft                      
00001929  bumpRight                     
00001975  turn_left                     
00001a05  turn_right                    
00001a91  move_forward                  
00001b45  move_backward                 
00001c31  lcd_reverseNibble             
00001c6d  lcd_init                      
00001d2d  lcd_putc                      
00001d65  lcd_puts                      
00001d83  lcd_sendCommand               
00001dc1  lcd_sendNibble                
00001e05  lcd_gotoLine                  
00001e2d  lcd_setCursorPos              
00001e6b  lcd_printf                    
000021c9  timer_init                    
00002241  timer_stop                    
0000226b  timer_pause                   
0000227d  timer_resume                  
0000228f  timer_getMillis               
000022e7  timer_getMicros               
00002341  timer_waitMicros              
00002373  timer_waitMillis              
000025e1  __aeabi_dsub                  
000025eb  __aeabi_dadd                  
00002797  __aeabi_idiv0                 
00002797  __aeabi_ldiv0                 
000028d5  __aeabi_ddiv                  
00002b31  ldexp                         
00002b31  ldexpl                        
00002b31  scalbn                        
00002b31  scalbnl                       
00002c41  aligned_alloc                 
00002c41  memalign                      
00002d41  __aeabi_dmul                  
00002e3d  free                          
00002fd3  __aeabi_memcpy                
00002fd3  __aeabi_memcpy4               
00002fd3  __aeabi_memcpy8               
00002fd3  memcpy                        
0000306f  __aeabi_uldivmod              
00003105  __aeabi_cdcmpeq               
00003105  __aeabi_cdcmple               
0000318b  __aeabi_cdrcmple              
00003211  move_square                   
00003249  main                          
0000328d  __aeabi_memclr                
0000328d  __aeabi_memclr4               
0000328d  __aeabi_memclr8               
0000328f  __aeabi_memset                
0000328f  __aeabi_memset4               
0000328f  __aeabi_memset8               
00003295  memset                        
000033e7  __aeabi_d2f                   
00003455  __TI_decompress_lzss          
000034bd  frexp                         
000034bd  frexpl                        
00003577  __TI_ltoa                     
0000361d  atoi                          
00003669  __aeabi_d2iz                  
000036b1  __TI_auto_init_nobinit_nopinit
000036f5  vsnprintf                     
00003775  calloc                        
000037ad  __aeabi_f2d                   
000037e5  IntRegister                   
00003819  _c_int00_noargs               
0000387d  __aeabi_i2d                   
000038d5  __TI_zero_init_nomemset       
0000390d  memccpy                       
00003929  copysign                      
00003929  copysignl                     
0000395b  oi_parseInt                   
00003973  strcmp                        
0000398b  strchr                        
000039a1  strcpy                        
000039b5  strlen                        
000039c9  wcslen                        
000039db  IntMasterEnable               
000039eb  lcd_clear                     
000039fb  __TI_decompress_none          
00003a09  CPUcpsie                      
00003a15  ResetISR                      
00003a21  __aeabi_errno_addr            
00003a29  malloc                        
00003a31  _system_pre_init              
00003a35  C$$EXIT                       
00003a35  abort                         
00003a38  _ctypes_                      
00003b68  __TI_Handler_Table_Base       
00003b74  __TI_Handler_Table_Limit      
00003b88  __TI_CINIT_Base               
00003ba0  __TI_CINIT_Limit              
20000000  __start___llvm_prf_cnts       
20000000  __stop___llvm_prf_cnts        
20000000  g_pfnRAMVectors               
20000270  __stack                       
20000470  __STACK_TOP                   
20001270  __STACK_END                   
20001270  _sys_memory                   
200022dc  _timeout_ticks                
200022e0  motor_cal_factor_L            
200022e4  motor_cal_factor_R            
20002300  _lock                         
20002304  _unlock                       
20002310  errno                         
20002314  _running                      
ffffffff  __TI_pprof_out_hndl           
ffffffff  __TI_prof_data_size           
ffffffff  __TI_prof_data_start          
ffffffff  __binit__                     
ffffffff  __c_args__                    
ffffffff  binit                         
UNDEFED   __mpu_init                    
UNDEFED   _system_post_cinit            
UNDEFED   cyBot_getByte                 
UNDEFED   cyBot_sendByte                

[145 symbols]
