<?xml version="1.0" encoding="ISO-8859-1" ?>
<link_info>
   <banner>TI ARM Linker PC v20.2.4.LTS</banner>
   <copyright>Copyright (c) 1996-2018 Texas Instruments Incorporated</copyright>
   <link_time>0x620affcb</link_time>
   <link_errors>0x0</link_errors>
   <output_file>Lab3.out</output_file>
   <entry_point>
      <name>_c_int00_noargs</name>
      <address>0x6bb9</address>
   </entry_point>
   <input_file_list>
      <input_file id="fl-2">
         <path>.\</path>
         <kind>object</kind>
         <file>Timer.obj</file>
         <name>Timer.obj</name>
      </input_file>
      <input_file id="fl-3">
         <path>.\</path>
         <kind>object</kind>
         <file>data.obj</file>
         <name>data.obj</name>
      </input_file>
      <input_file id="fl-4">
         <path>.\</path>
         <kind>object</kind>
         <file>lcd.obj</file>
         <name>lcd.obj</name>
      </input_file>
      <input_file id="fl-5">
         <path>.\</path>
         <kind>object</kind>
         <file>main.obj</file>
         <name>main.obj</name>
      </input_file>
      <input_file id="fl-6">
         <path>.\</path>
         <kind>object</kind>
         <file>movement.obj</file>
         <name>movement.obj</name>
      </input_file>
      <input_file id="fl-7">
         <path>.\</path>
         <kind>object</kind>
         <file>open_interface.obj</file>
         <name>open_interface.obj</name>
      </input_file>
      <input_file id="fl-8">
         <path>.\</path>
         <kind>object</kind>
         <file>puttyHandler.obj</file>
         <name>puttyHandler.obj</name>
      </input_file>
      <input_file id="fl-9">
         <path>.\</path>
         <kind>object</kind>
         <file>resetSimulation.obj</file>
         <name>resetSimulation.obj</name>
      </input_file>
      <input_file id="fl-a">
         <path>.\</path>
         <kind>object</kind>
         <file>tm4c123gh6pm_startup_ccs.obj</file>
         <name>tm4c123gh6pm_startup_ccs.obj</name>
      </input_file>
      <input_file id="fl-11">
         <kind>object</kind>
         <file>&lt;internal&gt;</file>
         <name>&lt;internal&gt;</name>
      </input_file>
      <input_file id="fl-12">
         <path>..\</path>
         <kind>archive</kind>
         <file>libcybotScan.lib</file>
         <name>cyBot_Scan.obj</name>
      </input_file>
      <input_file id="fl-13">
         <path>..\</path>
         <kind>archive</kind>
         <file>libcybotScan.lib</file>
         <name>ir.obj</name>
      </input_file>
      <input_file id="fl-14">
         <path>..\</path>
         <kind>archive</kind>
         <file>libcybotScan.lib</file>
         <name>ping.obj</name>
      </input_file>
      <input_file id="fl-15">
         <path>..\</path>
         <kind>archive</kind>
         <file>libcybotScan.lib</file>
         <name>servo.obj</name>
      </input_file>
      <input_file id="fl-16">
         <path>..\</path>
         <kind>archive</kind>
         <file>libcybotUART.lib</file>
         <name>uart.obj</name>
      </input_file>
      <input_file id="fl-cc">
         <path>C:\ti\ccs1031\ccs\tools\compiler\ti-cgt-arm_20.2.4.LTS\lib\</path>
         <kind>archive</kind>
         <file>rtsv7M4_T_le_v4SPD16_eabi.lib</file>
         <name>vla_alloc.c.obj</name>
      </input_file>
      <input_file id="fl-cd">
         <path>C:\ti\ccs1031\ccs\tools\compiler\ti-cgt-arm_20.2.4.LTS\lib\</path>
         <kind>archive</kind>
         <file>rtsv7M4_T_le_v4SPD16_eabi.lib</file>
         <name>vsnprintf.c.obj</name>
      </input_file>
      <input_file id="fl-ce">
         <path>C:\ti\ccs1031\ccs\tools\compiler\ti-cgt-arm_20.2.4.LTS\lib\</path>
         <kind>archive</kind>
         <file>rtsv7M4_T_le_v4SPD16_eabi.lib</file>
         <name>e_pow.c.obj</name>
      </input_file>
      <input_file id="fl-cf">
         <path>C:\ti\ccs1031\ccs\tools\compiler\ti-cgt-arm_20.2.4.LTS\lib\</path>
         <kind>archive</kind>
         <file>rtsv7M4_T_le_v4SPD16_eabi.lib</file>
         <name>e_sqrt.c.obj</name>
      </input_file>
      <input_file id="fl-d0">
         <path>C:\ti\ccs1031\ccs\tools\compiler\ti-cgt-arm_20.2.4.LTS\lib\</path>
         <kind>archive</kind>
         <file>rtsv7M4_T_le_v4SPD16_eabi.lib</file>
         <name>s_scalbn.c.obj</name>
      </input_file>
      <input_file id="fl-d1">
         <path>C:\ti\ccs1031\ccs\tools\compiler\ti-cgt-arm_20.2.4.LTS\lib\</path>
         <kind>archive</kind>
         <file>rtsv7M4_T_le_v4SPD16_eabi.lib</file>
         <name>s_tan.c.obj</name>
      </input_file>
      <input_file id="fl-d2">
         <path>C:\ti\ccs1031\ccs\tools\compiler\ti-cgt-arm_20.2.4.LTS\lib\</path>
         <kind>archive</kind>
         <file>rtsv7M4_T_le_v4SPD16_eabi.lib</file>
         <name>s_copysign.c.obj</name>
      </input_file>
      <input_file id="fl-d3">
         <path>C:\ti\ccs1031\ccs\tools\compiler\ti-cgt-arm_20.2.4.LTS\lib\</path>
         <kind>archive</kind>
         <file>rtsv7M4_T_le_v4SPD16_eabi.lib</file>
         <name>fd_add_t2.asm.obj</name>
      </input_file>
      <input_file id="fl-d4">
         <path>C:\ti\ccs1031\ccs\tools\compiler\ti-cgt-arm_20.2.4.LTS\lib\</path>
         <kind>archive</kind>
         <file>rtsv7M4_T_le_v4SPD16_eabi.lib</file>
         <name>fd_cmp_t2.asm.obj</name>
      </input_file>
      <input_file id="fl-d5">
         <path>C:\ti\ccs1031\ccs\tools\compiler\ti-cgt-arm_20.2.4.LTS\lib\</path>
         <kind>archive</kind>
         <file>rtsv7M4_T_le_v4SPD16_eabi.lib</file>
         <name>fd_div_t2.asm.obj</name>
      </input_file>
      <input_file id="fl-d6">
         <path>C:\ti\ccs1031\ccs\tools\compiler\ti-cgt-arm_20.2.4.LTS\lib\</path>
         <kind>archive</kind>
         <file>rtsv7M4_T_le_v4SPD16_eabi.lib</file>
         <name>fd_mul_t2.asm.obj</name>
      </input_file>
      <input_file id="fl-d7">
         <path>C:\ti\ccs1031\ccs\tools\compiler\ti-cgt-arm_20.2.4.LTS\lib\</path>
         <kind>archive</kind>
         <file>rtsv7M4_T_le_v4SPD16_eabi.lib</file>
         <name>fd_toi_t2.asm.obj</name>
      </input_file>
      <input_file id="fl-d8">
         <path>C:\ti\ccs1031\ccs\tools\compiler\ti-cgt-arm_20.2.4.LTS\lib\</path>
         <kind>archive</kind>
         <file>rtsv7M4_T_le_v4SPD16_eabi.lib</file>
         <name>fd_tos_t2.asm.obj</name>
      </input_file>
      <input_file id="fl-d9">
         <path>C:\ti\ccs1031\ccs\tools\compiler\ti-cgt-arm_20.2.4.LTS\lib\</path>
         <kind>archive</kind>
         <file>rtsv7M4_T_le_v4SPD16_eabi.lib</file>
         <name>fs_tod_t2.asm.obj</name>
      </input_file>
      <input_file id="fl-da">
         <path>C:\ti\ccs1031\ccs\tools\compiler\ti-cgt-arm_20.2.4.LTS\lib\</path>
         <kind>archive</kind>
         <file>rtsv7M4_T_le_v4SPD16_eabi.lib</file>
         <name>i_tofd_t2.asm.obj</name>
      </input_file>
      <input_file id="fl-db">
         <path>C:\ti\ccs1031\ccs\tools\compiler\ti-cgt-arm_20.2.4.LTS\lib\</path>
         <kind>archive</kind>
         <file>rtsv7M4_T_le_v4SPD16_eabi.lib</file>
         <name>memcpy_t2.asm.obj</name>
      </input_file>
      <input_file id="fl-dc">
         <path>C:\ti\ccs1031\ccs\tools\compiler\ti-cgt-arm_20.2.4.LTS\lib\</path>
         <kind>archive</kind>
         <file>rtsv7M4_T_le_v4SPD16_eabi.lib</file>
         <name>copy_zero_init.c.obj</name>
      </input_file>
      <input_file id="fl-dd">
         <path>C:\ti\ccs1031\ccs\tools\compiler\ti-cgt-arm_20.2.4.LTS\lib\</path>
         <kind>archive</kind>
         <file>rtsv7M4_T_le_v4SPD16_eabi.lib</file>
         <name>copy_decompress_none.c.obj</name>
      </input_file>
      <input_file id="fl-de">
         <path>C:\ti\ccs1031\ccs\tools\compiler\ti-cgt-arm_20.2.4.LTS\lib\</path>
         <kind>archive</kind>
         <file>rtsv7M4_T_le_v4SPD16_eabi.lib</file>
         <name>copy_decompress_lzss.c.obj</name>
      </input_file>
      <input_file id="fl-df">
         <path>C:\ti\ccs1031\ccs\tools\compiler\ti-cgt-arm_20.2.4.LTS\lib\</path>
         <kind>archive</kind>
         <file>rtsv7M4_T_le_v4SPD16_eabi.lib</file>
         <name>atoi.c.obj</name>
      </input_file>
      <input_file id="fl-e0">
         <path>C:\ti\ccs1031\ccs\tools\compiler\ti-cgt-arm_20.2.4.LTS\lib\</path>
         <kind>archive</kind>
         <file>rtsv7M4_T_le_v4SPD16_eabi.lib</file>
         <name>ctype.c.obj</name>
      </input_file>
      <input_file id="fl-e1">
         <path>C:\ti\ccs1031\ccs\tools\compiler\ti-cgt-arm_20.2.4.LTS\lib\</path>
         <kind>archive</kind>
         <file>rtsv7M4_T_le_v4SPD16_eabi.lib</file>
         <name>memory.c.obj</name>
      </input_file>
      <input_file id="fl-e2">
         <path>C:\ti\ccs1031\ccs\tools\compiler\ti-cgt-arm_20.2.4.LTS\lib\</path>
         <kind>archive</kind>
         <file>rtsv7M4_T_le_v4SPD16_eabi.lib</file>
         <name>strcmp.c.obj</name>
      </input_file>
      <input_file id="fl-e3">
         <path>C:\ti\ccs1031\ccs\tools\compiler\ti-cgt-arm_20.2.4.LTS\lib\</path>
         <kind>archive</kind>
         <file>rtsv7M4_T_le_v4SPD16_eabi.lib</file>
         <name>strcpy.c.obj</name>
      </input_file>
      <input_file id="fl-e4">
         <path>C:\ti\ccs1031\ccs\tools\compiler\ti-cgt-arm_20.2.4.LTS\lib\</path>
         <kind>archive</kind>
         <file>rtsv7M4_T_le_v4SPD16_eabi.lib</file>
         <name>strtok.c.obj</name>
      </input_file>
      <input_file id="fl-e5">
         <path>C:\ti\ccs1031\ccs\tools\compiler\ti-cgt-arm_20.2.4.LTS\lib\</path>
         <kind>archive</kind>
         <file>rtsv7M4_T_le_v4SPD16_eabi.lib</file>
         <name>k_rem_pio2.c.obj</name>
      </input_file>
      <input_file id="fl-e6">
         <path>C:\ti\ccs1031\ccs\tools\compiler\ti-cgt-arm_20.2.4.LTS\lib\</path>
         <kind>archive</kind>
         <file>rtsv7M4_T_le_v4SPD16_eabi.lib</file>
         <name>errno.c.obj</name>
      </input_file>
      <input_file id="fl-e7">
         <path>C:\ti\ccs1031\ccs\tools\compiler\ti-cgt-arm_20.2.4.LTS\lib\</path>
         <kind>archive</kind>
         <file>rtsv7M4_T_le_v4SPD16_eabi.lib</file>
         <name>boot_cortex_m.c.obj</name>
      </input_file>
      <input_file id="fl-e8">
         <path>C:\ti\ccs1031\ccs\tools\compiler\ti-cgt-arm_20.2.4.LTS\lib\</path>
         <kind>archive</kind>
         <file>rtsv7M4_T_le_v4SPD16_eabi.lib</file>
         <name>error.c.obj</name>
      </input_file>
      <input_file id="fl-e9">
         <path>C:\ti\ccs1031\ccs\tools\compiler\ti-cgt-arm_20.2.4.LTS\lib\</path>
         <kind>archive</kind>
         <file>rtsv7M4_T_le_v4SPD16_eabi.lib</file>
         <name>_printfi.c.obj</name>
      </input_file>
      <input_file id="fl-ea">
         <path>C:\ti\ccs1031\ccs\tools\compiler\ti-cgt-arm_20.2.4.LTS\lib\</path>
         <kind>archive</kind>
         <file>rtsv7M4_T_le_v4SPD16_eabi.lib</file>
         <name>k_tan.c.obj</name>
      </input_file>
      <input_file id="fl-eb">
         <path>C:\ti\ccs1031\ccs\tools\compiler\ti-cgt-arm_20.2.4.LTS\lib\</path>
         <kind>archive</kind>
         <file>rtsv7M4_T_le_v4SPD16_eabi.lib</file>
         <name>s_floor.c.obj</name>
      </input_file>
      <input_file id="fl-ec">
         <path>C:\ti\ccs1031\ccs\tools\compiler\ti-cgt-arm_20.2.4.LTS\lib\</path>
         <kind>archive</kind>
         <file>rtsv7M4_T_le_v4SPD16_eabi.lib</file>
         <name>s_frexp.c.obj</name>
      </input_file>
      <input_file id="fl-ed">
         <path>C:\ti\ccs1031\ccs\tools\compiler\ti-cgt-arm_20.2.4.LTS\lib\</path>
         <kind>archive</kind>
         <file>rtsv7M4_T_le_v4SPD16_eabi.lib</file>
         <name>ull_div_t2.asm.obj</name>
      </input_file>
      <input_file id="fl-ee">
         <path>C:\ti\ccs1031\ccs\tools\compiler\ti-cgt-arm_20.2.4.LTS\lib\</path>
         <kind>archive</kind>
         <file>rtsv7M4_T_le_v4SPD16_eabi.lib</file>
         <name>memset_t2.asm.obj</name>
      </input_file>
      <input_file id="fl-ef">
         <path>C:\ti\ccs1031\ccs\tools\compiler\ti-cgt-arm_20.2.4.LTS\lib\</path>
         <kind>archive</kind>
         <file>rtsv7M4_T_le_v4SPD16_eabi.lib</file>
         <name>autoinit.c.obj</name>
      </input_file>
      <input_file id="fl-f0">
         <path>C:\ti\ccs1031\ccs\tools\compiler\ti-cgt-arm_20.2.4.LTS\lib\</path>
         <kind>archive</kind>
         <file>rtsv7M4_T_le_v4SPD16_eabi.lib</file>
         <name>pre_init.c.obj</name>
      </input_file>
      <input_file id="fl-f1">
         <path>C:\ti\ccs1031\ccs\tools\compiler\ti-cgt-arm_20.2.4.LTS\lib\</path>
         <kind>archive</kind>
         <file>rtsv7M4_T_le_v4SPD16_eabi.lib</file>
         <name>cpy_tbl.c.obj</name>
      </input_file>
      <input_file id="fl-f2">
         <path>C:\ti\ccs1031\ccs\tools\compiler\ti-cgt-arm_20.2.4.LTS\lib\</path>
         <kind>archive</kind>
         <file>rtsv7M4_T_le_v4SPD16_eabi.lib</file>
         <name>exit.c.obj</name>
      </input_file>
      <input_file id="fl-f3">
         <path>C:\ti\ccs1031\ccs\tools\compiler\ti-cgt-arm_20.2.4.LTS\lib\</path>
         <kind>archive</kind>
         <file>rtsv7M4_T_le_v4SPD16_eabi.lib</file>
         <name>_lock.c.obj</name>
      </input_file>
      <input_file id="fl-f4">
         <path>C:\ti\ccs1031\ccs\tools\compiler\ti-cgt-arm_20.2.4.LTS\lib\</path>
         <kind>archive</kind>
         <file>rtsv7M4_T_le_v4SPD16_eabi.lib</file>
         <name>_ltoa.c.obj</name>
      </input_file>
      <input_file id="fl-f5">
         <path>C:\ti\ccs1031\ccs\tools\compiler\ti-cgt-arm_20.2.4.LTS\lib\</path>
         <kind>archive</kind>
         <file>rtsv7M4_T_le_v4SPD16_eabi.lib</file>
         <name>args_main.c.obj</name>
      </input_file>
      <input_file id="fl-f6">
         <path>C:\ti\ccs1031\ccs\tools\compiler\ti-cgt-arm_20.2.4.LTS\lib\</path>
         <kind>archive</kind>
         <file>rtsv7M4_T_le_v4SPD16_eabi.lib</file>
         <name>memccpy.c.obj</name>
      </input_file>
      <input_file id="fl-f7">
         <path>C:\ti\ccs1031\ccs\tools\compiler\ti-cgt-arm_20.2.4.LTS\lib\</path>
         <kind>archive</kind>
         <file>rtsv7M4_T_le_v4SPD16_eabi.lib</file>
         <name>strchr.c.obj</name>
      </input_file>
      <input_file id="fl-f8">
         <path>C:\ti\ccs1031\ccs\tools\compiler\ti-cgt-arm_20.2.4.LTS\lib\</path>
         <kind>archive</kind>
         <file>rtsv7M4_T_le_v4SPD16_eabi.lib</file>
         <name>strcspn.c.obj</name>
      </input_file>
      <input_file id="fl-f9">
         <path>C:\ti\ccs1031\ccs\tools\compiler\ti-cgt-arm_20.2.4.LTS\lib\</path>
         <kind>archive</kind>
         <file>rtsv7M4_T_le_v4SPD16_eabi.lib</file>
         <name>strlen.c.obj</name>
      </input_file>
      <input_file id="fl-fa">
         <path>C:\ti\ccs1031\ccs\tools\compiler\ti-cgt-arm_20.2.4.LTS\lib\</path>
         <kind>archive</kind>
         <file>rtsv7M4_T_le_v4SPD16_eabi.lib</file>
         <name>strspn.c.obj</name>
      </input_file>
      <input_file id="fl-fb">
         <path>C:\ti\ccs1031\ccs\tools\compiler\ti-cgt-arm_20.2.4.LTS\lib\</path>
         <kind>archive</kind>
         <file>rtsv7M4_T_le_v4SPD16_eabi.lib</file>
         <name>wcslen.c.obj</name>
      </input_file>
      <input_file id="fl-fc">
         <path>C:\ti\ccs1031\ccs\tools\compiler\ti-cgt-arm_20.2.4.LTS\lib\</path>
         <kind>archive</kind>
         <file>rtsv7M4_T_le_v4SPD16_eabi.lib</file>
         <name>div0.asm.obj</name>
      </input_file>
      <input_file id="fl-fd">
         <path>C:\ti\TivaWare_C_Series-2.1.4.178\driverlib\ccs\Debug\</path>
         <kind>archive</kind>
         <file>driverlib.lib</file>
         <name>interrupt.obj</name>
      </input_file>
      <input_file id="fl-fe">
         <path>C:\ti\TivaWare_C_Series-2.1.4.178\driverlib\ccs\Debug\</path>
         <kind>archive</kind>
         <file>driverlib.lib</file>
         <name>cpu.obj</name>
      </input_file>
   </input_file_list>
   <object_component_list>
      <object_component id="oc-12">
         <name>.intvecs</name>
         <load_address>0x0</load_address>
         <run_address>0x0</run_address>
         <size>0x26c</size>
         <input_file_ref idref="fl-a"/>
      </object_component>
      <object_component id="oc-148">
         <name>.text</name>
         <load_address>0x26c</load_address>
         <run_address>0x26c</run_address>
         <size>0xc20</size>
         <input_file_ref idref="fl-7"/>
      </object_component>
      <object_component id="oc-a2">
         <name>.text</name>
         <load_address>0xe8c</load_address>
         <run_address>0xe8c</run_address>
         <size>0xbc8</size>
         <input_file_ref idref="fl-5"/>
      </object_component>
      <object_component id="oc-353">
         <name>.text:__TI_printfi</name>
         <load_address>0x1a54</load_address>
         <run_address>0x1a54</run_address>
         <size>0xa4e</size>
         <input_file_ref idref="fl-e9"/>
      </object_component>
      <object_component id="oc-395">
         <name>.text:_nop</name>
         <load_address>0x24a2</load_address>
         <run_address>0x24a2</run_address>
         <size>0x2</size>
         <input_file_ref idref="fl-f3"/>
      </object_component>
      <object_component id="oc-20c">
         <name>.text:pow</name>
         <load_address>0x24a4</load_address>
         <run_address>0x24a4</run_address>
         <size>0x9c0</size>
         <input_file_ref idref="fl-ce"/>
      </object_component>
      <object_component id="oc-1b0">
         <name>.text:__kernel_rem_pio2</name>
         <load_address>0x2e64</load_address>
         <run_address>0x2e64</run_address>
         <size>0x738</size>
         <input_file_ref idref="fl-e5"/>
      </object_component>
      <object_component id="oc-eb">
         <name>.text:tan</name>
         <load_address>0x359c</load_address>
         <run_address>0x359c</run_address>
         <size>0x508</size>
         <input_file_ref idref="fl-d1"/>
      </object_component>
      <object_component id="oc-136">
         <name>.text</name>
         <load_address>0x3aa4</load_address>
         <run_address>0x3aa4</run_address>
         <size>0x380</size>
         <input_file_ref idref="fl-6"/>
      </object_component>
      <object_component id="oc-13c">
         <name>.text</name>
         <load_address>0x3e24</load_address>
         <run_address>0x3e24</run_address>
         <size>0x328</size>
         <input_file_ref idref="fl-4"/>
      </object_component>
      <object_component id="oc-1b6">
         <name>.text:__kernel_tan</name>
         <load_address>0x414c</load_address>
         <run_address>0x414c</run_address>
         <size>0x318</size>
         <input_file_ref idref="fl-ea"/>
      </object_component>
      <object_component id="oc-409">
         <name>.text:_pconv_a</name>
         <load_address>0x4464</load_address>
         <run_address>0x4464</run_address>
         <size>0x270</size>
         <input_file_ref idref="fl-e9"/>
      </object_component>
      <object_component id="oc-fc">
         <name>.text</name>
         <load_address>0x46d4</load_address>
         <run_address>0x46d4</run_address>
         <size>0x260</size>
         <input_file_ref idref="fl-12"/>
      </object_component>
      <object_component id="oc-142">
         <name>.text</name>
         <load_address>0x4934</load_address>
         <run_address>0x4934</run_address>
         <size>0x248</size>
         <input_file_ref idref="fl-2"/>
      </object_component>
      <object_component id="oc-1f7">
         <name>.text</name>
         <load_address>0x4b7c</load_address>
         <run_address>0x4b7c</run_address>
         <size>0x1ec</size>
         <input_file_ref idref="fl-14"/>
      </object_component>
      <object_component id="oc-3f7">
         <name>.text:_pconv_g</name>
         <load_address>0x4d68</load_address>
         <run_address>0x4d68</run_address>
         <size>0x1d0</size>
         <input_file_ref idref="fl-e9"/>
      </object_component>
      <object_component id="oc-1a6">
         <name>.text</name>
         <load_address>0x4f38</load_address>
         <run_address>0x4f38</run_address>
         <size>0x1b6</size>
         <input_file_ref idref="fl-d3"/>
      </object_component>
      <object_component id="oc-495">
         <name>.text</name>
         <load_address>0x50ee</load_address>
         <run_address>0x50ee</run_address>
         <size>0x2</size>
         <input_file_ref idref="fl-fc"/>
      </object_component>
      <object_component id="oc-111">
         <name>.text</name>
         <load_address>0x50f0</load_address>
         <run_address>0x50f0</run_address>
         <size>0x15c</size>
         <input_file_ref idref="fl-16"/>
      </object_component>
      <object_component id="oc-1f1">
         <name>.text</name>
         <load_address>0x524c</load_address>
         <run_address>0x524c</run_address>
         <size>0x158</size>
         <input_file_ref idref="fl-15"/>
      </object_component>
      <object_component id="oc-31a">
         <name>.text:sqrt</name>
         <load_address>0x53a4</load_address>
         <run_address>0x53a4</run_address>
         <size>0x158</size>
         <input_file_ref idref="fl-cf"/>
      </object_component>
      <object_component id="oc-102">
         <name>.text</name>
         <load_address>0x54fc</load_address>
         <run_address>0x54fc</run_address>
         <size>0x150</size>
         <input_file_ref idref="fl-8"/>
      </object_component>
      <object_component id="oc-f6">
         <name>.text:__vla_alloc</name>
         <load_address>0x564c</load_address>
         <run_address>0x564c</run_address>
         <size>0x14c</size>
         <input_file_ref idref="fl-cc"/>
      </object_component>
      <object_component id="oc-403">
         <name>.text:_pconv_e</name>
         <load_address>0x5798</load_address>
         <run_address>0x5798</run_address>
         <size>0x13c</size>
         <input_file_ref idref="fl-e9"/>
      </object_component>
      <object_component id="oc-e6">
         <name>.text</name>
         <load_address>0x58d4</load_address>
         <run_address>0x58d4</run_address>
         <size>0x136</size>
         <input_file_ref idref="fl-d5"/>
      </object_component>
      <object_component id="oc-463">
         <name>.text:fcvt</name>
         <load_address>0x5a0c</load_address>
         <run_address>0x5a0c</run_address>
         <size>0x124</size>
         <input_file_ref idref="fl-e9"/>
      </object_component>
      <object_component id="oc-1fd">
         <name>.text</name>
         <load_address>0x5b30</load_address>
         <run_address>0x5b30</run_address>
         <size>0x118</size>
         <input_file_ref idref="fl-13"/>
      </object_component>
      <object_component id="oc-2bb">
         <name>.text:scalbn</name>
         <load_address>0x5c48</load_address>
         <run_address>0x5c48</run_address>
         <size>0x110</size>
         <input_file_ref idref="fl-d0"/>
      </object_component>
      <object_component id="oc-2e4">
         <name>.text:aligned_alloc</name>
         <load_address>0x5d58</load_address>
         <run_address>0x5d58</run_address>
         <size>0x100</size>
         <input_file_ref idref="fl-e1"/>
      </object_component>
      <object_component id="oc-e1">
         <name>.text</name>
         <load_address>0x5e58</load_address>
         <run_address>0x5e58</run_address>
         <size>0xfc</size>
         <input_file_ref idref="fl-d6"/>
      </object_component>
      <object_component id="oc-2c1">
         <name>.text:floor</name>
         <load_address>0x5f54</load_address>
         <run_address>0x5f54</run_address>
         <size>0xf8</size>
         <input_file_ref idref="fl-eb"/>
      </object_component>
      <object_component id="oc-227">
         <name>.text:free</name>
         <load_address>0x604c</load_address>
         <run_address>0x604c</run_address>
         <size>0xe4</size>
         <input_file_ref idref="fl-e1"/>
      </object_component>
      <object_component id="oc-1dc">
         <name>.text:realloc</name>
         <load_address>0x6130</load_address>
         <run_address>0x6130</run_address>
         <size>0xe4</size>
         <input_file_ref idref="fl-e1"/>
      </object_component>
      <object_component id="oc-3f1">
         <name>.text:_ltostr</name>
         <load_address>0x6214</load_address>
         <run_address>0x6214</run_address>
         <size>0xb1</size>
         <input_file_ref idref="fl-e9"/>
      </object_component>
      <object_component id="oc-3e">
         <name>.text</name>
         <load_address>0x62c6</load_address>
         <run_address>0x62c6</run_address>
         <size>0x9c</size>
         <input_file_ref idref="fl-db"/>
      </object_component>
      <object_component id="oc-44a">
         <name>.text</name>
         <load_address>0x6362</load_address>
         <run_address>0x6362</run_address>
         <size>0x96</size>
         <input_file_ref idref="fl-ed"/>
      </object_component>
      <object_component id="oc-1ab">
         <name>.text:__aeabi_cdcmple</name>
         <load_address>0x63f8</load_address>
         <run_address>0x63f8</run_address>
         <size>0x86</size>
         <input_file_ref idref="fl-d4"/>
      </object_component>
      <object_component id="oc-24f">
         <name>.text:__aeabi_cdrcmple</name>
         <load_address>0x647e</load_address>
         <run_address>0x647e</run_address>
         <size>0x86</size>
         <input_file_ref idref="fl-d4"/>
      </object_component>
      <object_component id="oc-96">
         <name>.text</name>
         <load_address>0x6504</load_address>
         <run_address>0x6504</run_address>
         <size>0x7a</size>
         <input_file_ref idref="fl-ee"/>
      </object_component>
      <object_component id="oc-1d6">
         <name>.text:_ZN33_INTERNAL_11_vla_alloc_c_be8bd49b21free_dead_allocationsEPv</name>
         <load_address>0x6580</load_address>
         <run_address>0x6580</run_address>
         <size>0x78</size>
         <input_file_ref idref="fl-cc"/>
      </object_component>
      <object_component id="oc-117">
         <name>.text:__vla_dealloc</name>
         <load_address>0x65f8</load_address>
         <run_address>0x65f8</run_address>
         <size>0x70</size>
         <input_file_ref idref="fl-cc"/>
      </object_component>
      <object_component id="oc-2f2">
         <name>.text:split</name>
         <load_address>0x6668</load_address>
         <run_address>0x6668</run_address>
         <size>0x70</size>
         <input_file_ref idref="fl-e1"/>
      </object_component>
      <object_component id="oc-45c">
         <name>.text:_mcpy</name>
         <load_address>0x66d8</load_address>
         <run_address>0x66d8</run_address>
         <size>0x6e</size>
         <input_file_ref idref="fl-e9"/>
      </object_component>
      <object_component id="oc-28a">
         <name>.text</name>
         <load_address>0x6746</load_address>
         <run_address>0x6746</run_address>
         <size>0x6e</size>
         <input_file_ref idref="fl-d8"/>
      </object_component>
      <object_component id="oc-15">
         <name>.text:decompress:lzss:__TI_decompress_lzss</name>
         <load_address>0x67b4</load_address>
         <run_address>0x67b4</run_address>
         <size>0x68</size>
         <input_file_ref idref="fl-de"/>
      </object_component>
      <object_component id="oc-471">
         <name>.text:frexp</name>
         <load_address>0x681c</load_address>
         <run_address>0x681c</run_address>
         <size>0x64</size>
         <input_file_ref idref="fl-ec"/>
      </object_component>
      <object_component id="oc-3fd">
         <name>.text:_pconv_f</name>
         <load_address>0x6880</load_address>
         <run_address>0x6880</run_address>
         <size>0x56</size>
         <input_file_ref idref="fl-e9"/>
      </object_component>
      <object_component id="oc-450">
         <name>.text:__TI_ltoa</name>
         <load_address>0x68d6</load_address>
         <run_address>0x68d6</run_address>
         <size>0x54</size>
         <input_file_ref idref="fl-f4"/>
      </object_component>
      <object_component id="oc-456">
         <name>.text:_ecpy</name>
         <load_address>0x692a</load_address>
         <run_address>0x692a</run_address>
         <size>0x52</size>
         <input_file_ref idref="fl-e9"/>
      </object_component>
      <object_component id="oc-130">
         <name>.text:atoi</name>
         <load_address>0x697c</load_address>
         <run_address>0x697c</run_address>
         <size>0x4c</size>
         <input_file_ref idref="fl-df"/>
      </object_component>
      <object_component id="oc-f1">
         <name>.text</name>
         <load_address>0x69c8</load_address>
         <run_address>0x69c8</run_address>
         <size>0x48</size>
         <input_file_ref idref="fl-d7"/>
      </object_component>
      <object_component id="oc-16e">
         <name>.text:__TI_auto_init_nobinit_nopinit:__TI_auto_init_nobinit_nopinit</name>
         <load_address>0x6a10</load_address>
         <run_address>0x6a10</run_address>
         <size>0x44</size>
         <input_file_ref idref="fl-ef"/>
      </object_component>
      <object_component id="oc-124">
         <name>.text:strtok</name>
         <load_address>0x6a54</load_address>
         <run_address>0x6a54</run_address>
         <size>0x40</size>
         <input_file_ref idref="fl-e4"/>
      </object_component>
      <object_component id="oc-256">
         <name>.text:vsnprintf</name>
         <load_address>0x6a94</load_address>
         <run_address>0x6a94</run_address>
         <size>0x40</size>
         <input_file_ref idref="fl-cd"/>
      </object_component>
      <object_component id="oc-469">
         <name>.text:_fcpy</name>
         <load_address>0x6ad4</load_address>
         <run_address>0x6ad4</run_address>
         <size>0x3e</size>
         <input_file_ref idref="fl-e9"/>
      </object_component>
      <object_component id="oc-271">
         <name>.text:calloc</name>
         <load_address>0x6b14</load_address>
         <run_address>0x6b14</run_address>
         <size>0x38</size>
         <input_file_ref idref="fl-e1"/>
      </object_component>
      <object_component id="oc-d7">
         <name>.text</name>
         <load_address>0x6b4c</load_address>
         <run_address>0x6b4c</run_address>
         <size>0x38</size>
         <input_file_ref idref="fl-d9"/>
      </object_component>
      <object_component id="oc-266">
         <name>.text:IntRegister</name>
         <load_address>0x6b84</load_address>
         <run_address>0x6b84</run_address>
         <size>0x34</size>
         <input_file_ref idref="fl-fd"/>
      </object_component>
      <object_component id="oc-5c">
         <name>.text:_c_int00_noargs:_c_int00_noargs</name>
         <load_address>0x6bb8</load_address>
         <run_address>0x6bb8</run_address>
         <size>0x34</size>
         <input_file_ref idref="fl-e7"/>
      </object_component>
      <object_component id="oc-359">
         <name>.text:_outs</name>
         <load_address>0x6bec</load_address>
         <run_address>0x6bec</run_address>
         <size>0x30</size>
         <input_file_ref idref="fl-cd"/>
      </object_component>
      <object_component id="oc-dc">
         <name>.text</name>
         <load_address>0x6c1c</load_address>
         <run_address>0x6c1c</run_address>
         <size>0x2e</size>
         <input_file_ref idref="fl-da"/>
      </object_component>
      <object_component id="oc-230">
         <name>.text:strspn</name>
         <load_address>0x6c4a</load_address>
         <run_address>0x6c4a</run_address>
         <size>0x2a</size>
         <input_file_ref idref="fl-fa"/>
      </object_component>
      <object_component id="oc-338">
         <name>.text:free_list_insert</name>
         <load_address>0x6c74</load_address>
         <run_address>0x6c74</run_address>
         <size>0x28</size>
         <input_file_ref idref="fl-e1"/>
      </object_component>
      <object_component id="oc-236">
         <name>.text:strcspn</name>
         <load_address>0x6c9c</load_address>
         <run_address>0x6c9c</run_address>
         <size>0x24</size>
         <input_file_ref idref="fl-f8"/>
      </object_component>
      <object_component id="oc-4a">
         <name>.text:decompress:ZI:__TI_zero_init_nomemset:__TI_zero_init_nomemset</name>
         <load_address>0x6cc0</load_address>
         <run_address>0x6cc0</run_address>
         <size>0x1c</size>
         <input_file_ref idref="fl-dc"/>
      </object_component>
      <object_component id="oc-2ec">
         <name>.text:free_list_remove</name>
         <load_address>0x6cdc</load_address>
         <run_address>0x6cdc</run_address>
         <size>0x1c</size>
         <input_file_ref idref="fl-e1"/>
      </object_component>
      <object_component id="oc-40f">
         <name>.text:memccpy</name>
         <load_address>0x6cf8</load_address>
         <run_address>0x6cf8</run_address>
         <size>0x1c</size>
         <input_file_ref idref="fl-f6"/>
      </object_component>
      <object_component id="oc-3b4">
         <name>.text:copysign</name>
         <load_address>0x6d14</load_address>
         <run_address>0x6d14</run_address>
         <size>0x1a</size>
         <input_file_ref idref="fl-d2"/>
      </object_component>
      <object_component id="oc-35f">
         <name>.text:_outc</name>
         <load_address>0x6d2e</load_address>
         <run_address>0x6d2e</run_address>
         <size>0x18</size>
         <input_file_ref idref="fl-cd"/>
      </object_component>
      <object_component id="oc-277">
         <name>.text:oi_parseInt</name>
         <load_address>0x6d46</load_address>
         <run_address>0x6d46</run_address>
         <size>0x18</size>
         <input_file_ref idref="fl-7"/>
      </object_component>
      <object_component id="oc-12a">
         <name>.text:strcmp</name>
         <load_address>0x6d5e</load_address>
         <run_address>0x6d5e</run_address>
         <size>0x18</size>
         <input_file_ref idref="fl-e2"/>
      </object_component>
      <object_component id="oc-477">
         <name>.text:strchr</name>
         <load_address>0x6d76</load_address>
         <run_address>0x6d76</run_address>
         <size>0x16</size>
         <input_file_ref idref="fl-f7"/>
      </object_component>
      <object_component id="oc-11e">
         <name>.text:strcpy</name>
         <load_address>0x6d8c</load_address>
         <run_address>0x6d8c</run_address>
         <size>0x14</size>
         <input_file_ref idref="fl-e3"/>
      </object_component>
      <object_component id="oc-3eb">
         <name>.text:strlen</name>
         <load_address>0x6da0</load_address>
         <run_address>0x6da0</run_address>
         <size>0x14</size>
         <input_file_ref idref="fl-f9"/>
      </object_component>
      <object_component id="oc-415">
         <name>.text:wcslen</name>
         <load_address>0x6db4</load_address>
         <run_address>0x6db4</run_address>
         <size>0x12</size>
         <input_file_ref idref="fl-fb"/>
      </object_component>
      <object_component id="oc-27e">
         <name>.text:IntMasterEnable</name>
         <load_address>0x6dc6</load_address>
         <run_address>0x6dc6</run_address>
         <size>0x10</size>
         <input_file_ref idref="fl-fd"/>
      </object_component>
      <object_component id="oc-248">
         <name>.text:lcd_clear</name>
         <load_address>0x6dd6</load_address>
         <run_address>0x6dd6</run_address>
         <size>0x10</size>
         <input_file_ref idref="fl-4"/>
      </object_component>
      <object_component id="oc-1b">
         <name>.text:decompress:none:__TI_decompress_none</name>
         <load_address>0x6de6</load_address>
         <run_address>0x6de6</run_address>
         <size>0xe</size>
         <input_file_ref idref="fl-dd"/>
      </object_component>
      <object_component id="oc-385">
         <name>.text:CPUcpsie</name>
         <load_address>0x6df4</load_address>
         <run_address>0x6df4</run_address>
         <size>0xc</size>
         <input_file_ref idref="fl-fe"/>
      </object_component>
      <object_component id="oc-2a">
         <name>.text</name>
         <load_address>0x6e00</load_address>
         <run_address>0x6e00</run_address>
         <size>0xc</size>
         <input_file_ref idref="fl-a"/>
      </object_component>
      <object_component id="oc-1bc">
         <name>.text:__aeabi_errno_addr</name>
         <load_address>0x6e0c</load_address>
         <run_address>0x6e0c</run_address>
         <size>0x8</size>
         <input_file_ref idref="fl-e6"/>
      </object_component>
      <object_component id="oc-1d0">
         <name>.text:malloc</name>
         <load_address>0x6e14</load_address>
         <run_address>0x6e14</run_address>
         <size>0x8</size>
         <input_file_ref idref="fl-e1"/>
      </object_component>
      <object_component id="oc-1ca">
         <name>.text:__abort_execution</name>
         <load_address>0x6e1c</load_address>
         <run_address>0x6e1c</run_address>
         <size>0x4</size>
         <input_file_ref idref="fl-e8"/>
      </object_component>
      <object_component id="oc-9c">
         <name>.text:_system_pre_init</name>
         <load_address>0x6e20</load_address>
         <run_address>0x6e20</run_address>
         <size>0x4</size>
         <input_file_ref idref="fl-f0"/>
      </object_component>
      <object_component id="oc-162">
         <name>.text:abort:abort</name>
         <load_address>0x6e24</load_address>
         <run_address>0x6e24</run_address>
         <size>0x4</size>
         <input_file_ref idref="fl-f2"/>
      </object_component>
      <object_component id="oc-2c7">
         <name>.const:$O1$$</name>
         <load_address>0x6e28</load_address>
         <run_address>0x6e28</run_address>
         <size>0x158</size>
         <input_file_ref idref="fl-e5"/>
      </object_component>
      <object_component id="oc-243">
         <name>.const:.string:_ctypes_</name>
         <load_address>0x6f80</load_address>
         <run_address>0x6f80</run_address>
         <size>0x101</size>
         <input_file_ref idref="fl-e0"/>
      </object_component>
      <object_component id="oc-25c">
         <name>.const:.string:lineAddress$1</name>
         <load_address>0x7081</load_address>
         <run_address>0x7081</run_address>
         <size>0x4</size>
         <input_file_ref idref="fl-4"/>
      </object_component>
      <object_component id="oc-2d2">
         <name>.const:xxx</name>
         <load_address>0x7088</load_address>
         <run_address>0x7088</run_address>
         <size>0x80</size>
         <input_file_ref idref="fl-ea"/>
      </object_component>
      <object_component id="oc-320">
         <name>.const:$O1$$</name>
         <load_address>0x7108</load_address>
         <run_address>0x7108</run_address>
         <size>0x30</size>
         <input_file_ref idref="fl-ce"/>
      </object_component>
      <object_component id="oc-10b">
         <name>.const</name>
         <load_address>0x7138</load_address>
         <run_address>0x7138</run_address>
         <size>0x18</size>
         <input_file_ref idref="fl-3"/>
      </object_component>
      <object_component id="oc-287">
         <name>.const:.string:$P$T0$3</name>
         <load_address>0x7150</load_address>
         <run_address>0x7150</run_address>
         <size>0xf</size>
         <input_file_ref idref="fl-7"/>
      </object_component>
      <object_component id="oc-25d">
         <name>.const:.string:lineAddresses$2</name>
         <load_address>0x715f</load_address>
         <run_address>0x715f</run_address>
         <size>0x4</size>
         <input_file_ref idref="fl-4"/>
      </object_component>
      <object_component id="oc-4e6">
         <name>.cinit..data.load</name>
         <load_address>0x7168</load_address>
         <run_address>0x7168</run_address>
         <size>0x19</size>
      </object_component>
      <object_component id="oc-4e3">
         <name>__TI_handler_table</name>
         <load_address>0x7184</load_address>
         <run_address>0x7184</run_address>
         <size>0xc</size>
      </object_component>
      <object_component id="oc-4e7">
         <name>.cinit..bss.load</name>
         <load_address>0x7190</load_address>
         <run_address>0x7190</run_address>
         <size>0x8</size>
      </object_component>
      <object_component id="oc-4e5">
         <name>.cinit..vtable.load</name>
         <load_address>0x7198</load_address>
         <run_address>0x7198</run_address>
         <size>0x8</size>
      </object_component>
      <object_component id="oc-4e4">
         <name>__TI_cinit_table</name>
         <load_address>0x71a0</load_address>
         <run_address>0x71a0</run_address>
         <size>0x18</size>
      </object_component>
      <object_component id="oc-378">
         <name>.vtable</name>
         <uninitialized>true</uninitialized>
         <run_address>0x20000000</run_address>
         <size>0x26c</size>
         <input_file_ref idref="fl-fd"/>
      </object_component>
      <object_component id="oc-26c">
         <name>.data</name>
         <load_address>0x20002390</load_address>
         <run_address>0x20002390</run_address>
         <size>0x1</size>
         <input_file_ref idref="fl-2"/>
      </object_component>
      <object_component id="oc-108">
         <name>.data</name>
         <load_address>0x20002378</load_address>
         <run_address>0x20002378</run_address>
         <size>0x4</size>
         <input_file_ref idref="fl-3"/>
      </object_component>
      <object_component id="oc-284">
         <name>.data</name>
         <load_address>0x20002348</load_address>
         <run_address>0x20002348</run_address>
         <size>0x20</size>
         <input_file_ref idref="fl-7"/>
      </object_component>
      <object_component id="oc-203">
         <name>.data</name>
         <load_address>0x2000237c</load_address>
         <run_address>0x2000237c</run_address>
         <size>0x4</size>
         <input_file_ref idref="fl-12"/>
      </object_component>
      <object_component id="oc-223">
         <name>.data</name>
         <load_address>0x20002380</load_address>
         <run_address>0x20002380</run_address>
         <size>0x4</size>
         <input_file_ref idref="fl-16"/>
      </object_component>
      <object_component id="oc-1e2">
         <name>.data</name>
         <load_address>0x2000238c</load_address>
         <run_address>0x2000238c</run_address>
         <size>0x4</size>
         <input_file_ref idref="fl-cc"/>
      </object_component>
      <object_component id="oc-3cf">
         <name>.data:$O1$$</name>
         <load_address>0x20002370</load_address>
         <run_address>0x20002370</run_address>
         <size>0x8</size>
         <input_file_ref idref="fl-e1"/>
      </object_component>
      <object_component id="oc-23c">
         <name>.data</name>
         <load_address>0x20002388</load_address>
         <run_address>0x20002388</run_address>
         <size>0x4</size>
         <input_file_ref idref="fl-e4"/>
      </object_component>
      <object_component id="oc-2d7">
         <name>.data</name>
         <load_address>0x20002384</load_address>
         <run_address>0x20002384</run_address>
         <size>0x4</size>
         <input_file_ref idref="fl-e6"/>
      </object_component>
      <object_component id="oc-29d">
         <name>.data:$O1$$</name>
         <load_address>0x20002368</load_address>
         <run_address>0x20002368</run_address>
         <size>0x8</size>
         <input_file_ref idref="fl-f3"/>
      </object_component>
      <object_component id="oc-25e">
         <name>.bss:lastbuffer$3</name>
         <uninitialized>true</uninitialized>
         <run_address>0x20002270</run_address>
         <size>0x54</size>
         <input_file_ref idref="fl-4"/>
      </object_component>
      <object_component id="oc-28f">
         <name>.bss:firmware$2</name>
         <uninitialized>true</uninitialized>
         <run_address>0x200022f8</run_address>
         <size>0x18</size>
         <input_file_ref idref="fl-7"/>
      </object_component>
      <object_component id="oc-26f">
         <name>.common:_timeout_ticks</name>
         <uninitialized>true</uninitialized>
         <run_address>0x20002328</run_address>
         <size>0x4</size>
      </object_component>
      <object_component id="oc-14e">
         <name>.common:right_calibration_value</name>
         <uninitialized>true</uninitialized>
         <run_address>0x2000233c</run_address>
         <size>0x4</size>
      </object_component>
      <object_component id="oc-151">
         <name>.common:left_calibration_value</name>
         <uninitialized>true</uninitialized>
         <run_address>0x20002334</run_address>
         <size>0x4</size>
      </object_component>
      <object_component id="oc-10e">
         <name>.common:scanData</name>
         <uninitialized>true</uninitialized>
         <run_address>0x20002320</run_address>
         <size>0x8</size>
      </object_component>
      <object_component id="oc-11d">
         <name>.common:smallest</name>
         <uninitialized>true</uninitialized>
         <run_address>0x20002310</run_address>
         <size>0x10</size>
      </object_component>
      <object_component id="oc-314">
         <name>.common:isr_int_value</name>
         <uninitialized>true</uninitialized>
         <run_address>0x20002330</run_address>
         <size>0x4</size>
      </object_component>
      <object_component id="oc-310">
         <name>.common:risingEdge</name>
         <uninitialized>true</uninitialized>
         <run_address>0x20002340</run_address>
         <size>0x4</size>
      </object_component>
      <object_component id="oc-311">
         <name>.common:fallingEdge</name>
         <uninitialized>true</uninitialized>
         <run_address>0x2000232c</run_address>
         <size>0x4</size>
      </object_component>
      <object_component id="oc-312">
         <name>.common:pulseLength</name>
         <uninitialized>true</uninitialized>
         <run_address>0x20002338</run_address>
         <size>0x4</size>
      </object_component>
      <object_component id="oc-30d">
         <name>.common:isRisingEdge</name>
         <uninitialized>true</uninitialized>
         <run_address>0x20002344</run_address>
         <size>0x1</size>
      </object_component>
      <object_component id="oc-220">
         <name>.common:isr_char_buffer</name>
         <uninitialized>true</uninitialized>
         <run_address>0x200022c4</run_address>
         <size>0x34</size>
      </object_component>
      <object_component id="oc-24">
         <name>.sysmem</name>
         <uninitialized>true</uninitialized>
         <run_address>0x20001270</run_address>
         <size>0x10</size>
         <input_file_ref idref="fl-e1"/>
      </object_component>
      <object_component id="oc-4ea">
         <name>.sysmem</name>
         <uninitialized>true</uninitialized>
         <run_address>0x20001270</run_address>
         <size>0x0</size>
      </object_component>
      <object_component id="oc-27">
         <name>.stack</name>
         <uninitialized>true</uninitialized>
         <run_address>0x20000270</run_address>
         <size>0x4</size>
         <input_file_ref idref="fl-e7"/>
      </object_component>
      <object_component id="oc-4e9">
         <name>.stack</name>
         <uninitialized>true</uninitialized>
         <run_address>0x20000270</run_address>
         <size>0x0</size>
      </object_component>
      <object_component id="oc-c5">
         <name>.debug_info</name>
         <load_address>0x0</load_address>
         <run_address>0x0</run_address>
         <size>0x2a4</size>
         <input_file_ref idref="fl-2"/>
      </object_component>
      <object_component id="oc-26d">
         <name>.debug_info</name>
         <load_address>0x2a4</load_address>
         <run_address>0x2a4</run_address>
         <size>0xb2</size>
         <input_file_ref idref="fl-2"/>
      </object_component>
      <object_component id="oc-146">
         <name>.debug_info</name>
         <load_address>0x356</load_address>
         <run_address>0x356</run_address>
         <size>0x4fa</size>
         <input_file_ref idref="fl-2"/>
      </object_component>
      <object_component id="oc-77">
         <name>.debug_info</name>
         <load_address>0x850</load_address>
         <run_address>0x850</run_address>
         <size>0x26b</size>
         <input_file_ref idref="fl-2"/>
      </object_component>
      <object_component id="oc-39">
         <name>.debug_info</name>
         <load_address>0xabb</load_address>
         <run_address>0xabb</run_address>
         <size>0x84</size>
         <input_file_ref idref="fl-2"/>
      </object_component>
      <object_component id="oc-c0">
         <name>.debug_info</name>
         <load_address>0xb3f</load_address>
         <run_address>0xb3f</run_address>
         <size>0x2a4</size>
         <input_file_ref idref="fl-2"/>
      </object_component>
      <object_component id="oc-7c">
         <name>.debug_info</name>
         <load_address>0xde3</load_address>
         <run_address>0xde3</run_address>
         <size>0xbb</size>
         <input_file_ref idref="fl-2"/>
      </object_component>
      <object_component id="oc-218">
         <name>.debug_info</name>
         <load_address>0xe9e</load_address>
         <run_address>0xe9e</run_address>
         <size>0x94</size>
         <input_file_ref idref="fl-3"/>
      </object_component>
      <object_component id="oc-10c">
         <name>.debug_info</name>
         <load_address>0xf32</load_address>
         <run_address>0xf32</run_address>
         <size>0x19d</size>
         <input_file_ref idref="fl-3"/>
      </object_component>
      <object_component id="oc-109">
         <name>.debug_info</name>
         <load_address>0x10cf</load_address>
         <run_address>0x10cf</run_address>
         <size>0xb4</size>
         <input_file_ref idref="fl-3"/>
      </object_component>
      <object_component id="oc-260">
         <name>.debug_info</name>
         <load_address>0x1183</load_address>
         <run_address>0x1183</run_address>
         <size>0x36c</size>
         <input_file_ref idref="fl-4"/>
      </object_component>
      <object_component id="oc-24a">
         <name>.debug_info</name>
         <load_address>0x14ef</load_address>
         <run_address>0x14ef</run_address>
         <size>0x107</size>
         <input_file_ref idref="fl-4"/>
      </object_component>
      <object_component id="oc-13f">
         <name>.debug_info</name>
         <load_address>0x15f6</load_address>
         <run_address>0x15f6</run_address>
         <size>0x893</size>
         <input_file_ref idref="fl-4"/>
      </object_component>
      <object_component id="oc-373">
         <name>.debug_info</name>
         <load_address>0x1e89</load_address>
         <run_address>0x1e89</run_address>
         <size>0xcc</size>
         <input_file_ref idref="fl-4"/>
      </object_component>
      <object_component id="oc-261">
         <name>.debug_info</name>
         <load_address>0x1f55</load_address>
         <run_address>0x1f55</run_address>
         <size>0x2c</size>
         <input_file_ref idref="fl-4"/>
      </object_component>
      <object_component id="oc-10f">
         <name>.debug_info</name>
         <load_address>0x1f81</load_address>
         <run_address>0x1f81</run_address>
         <size>0x863</size>
         <input_file_ref idref="fl-5"/>
      </object_component>
      <object_component id="oc-a3">
         <name>.debug_info</name>
         <load_address>0x27e4</load_address>
         <run_address>0x27e4</run_address>
         <size>0x10eb</size>
         <input_file_ref idref="fl-5"/>
      </object_component>
      <object_component id="oc-21b">
         <name>.debug_info</name>
         <load_address>0x38cf</load_address>
         <run_address>0x38cf</run_address>
         <size>0x5aa</size>
         <input_file_ref idref="fl-5"/>
      </object_component>
      <object_component id="oc-15d">
         <name>.debug_info</name>
         <load_address>0x3e79</load_address>
         <run_address>0x3e79</run_address>
         <size>0x9d</size>
         <input_file_ref idref="fl-5"/>
      </object_component>
      <object_component id="oc-153">
         <name>.debug_info</name>
         <load_address>0x3f16</load_address>
         <run_address>0x3f16</run_address>
         <size>0x8a</size>
         <input_file_ref idref="fl-5"/>
      </object_component>
      <object_component id="oc-158">
         <name>.debug_info</name>
         <load_address>0x3fa0</load_address>
         <run_address>0x3fa0</run_address>
         <size>0x8b</size>
         <input_file_ref idref="fl-5"/>
      </object_component>
      <object_component id="oc-ce">
         <name>.debug_info</name>
         <load_address>0x402b</load_address>
         <run_address>0x402b</run_address>
         <size>0x2c</size>
         <input_file_ref idref="fl-5"/>
      </object_component>
      <object_component id="oc-255">
         <name>.debug_info</name>
         <load_address>0x4057</load_address>
         <run_address>0x4057</run_address>
         <size>0x319</size>
         <input_file_ref idref="fl-6"/>
      </object_component>
      <object_component id="oc-137">
         <name>.debug_info</name>
         <load_address>0x4370</load_address>
         <run_address>0x4370</run_address>
         <size>0x9a0</size>
         <input_file_ref idref="fl-6"/>
      </object_component>
      <object_component id="oc-291">
         <name>.debug_info</name>
         <load_address>0x4d10</load_address>
         <run_address>0x4d10</run_address>
         <size>0x3e9</size>
         <input_file_ref idref="fl-7"/>
      </object_component>
      <object_component id="oc-285">
         <name>.debug_info</name>
         <load_address>0x50f9</load_address>
         <run_address>0x50f9</run_address>
         <size>0x104</size>
         <input_file_ref idref="fl-7"/>
      </object_component>
      <object_component id="oc-288">
         <name>.debug_info</name>
         <load_address>0x51fd</load_address>
         <run_address>0x51fd</run_address>
         <size>0xb9</size>
         <input_file_ref idref="fl-7"/>
      </object_component>
      <object_component id="oc-278">
         <name>.debug_info</name>
         <load_address>0x52b6</load_address>
         <run_address>0x52b6</run_address>
         <size>0x131</size>
         <input_file_ref idref="fl-7"/>
      </object_component>
      <object_component id="oc-149">
         <name>.debug_info</name>
         <load_address>0x53e7</load_address>
         <run_address>0x53e7</run_address>
         <size>0x197b</size>
         <input_file_ref idref="fl-7"/>
      </object_component>
      <object_component id="oc-213">
         <name>.debug_info</name>
         <load_address>0x6d62</load_address>
         <run_address>0x6d62</run_address>
         <size>0x392</size>
         <input_file_ref idref="fl-8"/>
      </object_component>
      <object_component id="oc-103">
         <name>.debug_info</name>
         <load_address>0x70f4</load_address>
         <run_address>0x70f4</run_address>
         <size>0x34e</size>
         <input_file_ref idref="fl-8"/>
      </object_component>
      <object_component id="oc-32">
         <name>.debug_info</name>
         <load_address>0x7442</load_address>
         <run_address>0x7442</run_address>
         <size>0x28e</size>
         <input_file_ref idref="fl-a"/>
      </object_component>
      <object_component id="oc-13">
         <name>.debug_info</name>
         <load_address>0x76d0</load_address>
         <run_address>0x76d0</run_address>
         <size>0xcd</size>
         <input_file_ref idref="fl-a"/>
      </object_component>
      <object_component id="oc-2b">
         <name>.debug_info</name>
         <load_address>0x779d</load_address>
         <run_address>0x779d</run_address>
         <size>0x249</size>
         <input_file_ref idref="fl-a"/>
      </object_component>
      <object_component id="oc-14f">
         <name>.debug_info</name>
         <load_address>0x79e6</load_address>
         <run_address>0x79e6</run_address>
         <size>0x485</size>
         <input_file_ref idref="fl-12"/>
      </object_component>
      <object_component id="oc-204">
         <name>.debug_info</name>
         <load_address>0x7e6b</load_address>
         <run_address>0x7e6b</run_address>
         <size>0x114</size>
         <input_file_ref idref="fl-12"/>
      </object_component>
      <object_component id="oc-fd">
         <name>.debug_info</name>
         <load_address>0x7f7f</load_address>
         <run_address>0x7f7f</run_address>
         <size>0x4ce</size>
         <input_file_ref idref="fl-12"/>
      </object_component>
      <object_component id="oc-207">
         <name>.debug_info</name>
         <load_address>0x844d</load_address>
         <run_address>0x844d</run_address>
         <size>0x9d</size>
         <input_file_ref idref="fl-12"/>
      </object_component>
      <object_component id="oc-294">
         <name>.debug_info</name>
         <load_address>0x84ea</load_address>
         <run_address>0x84ea</run_address>
         <size>0x35</size>
         <input_file_ref idref="fl-12"/>
      </object_component>
      <object_component id="oc-315">
         <name>.debug_info</name>
         <load_address>0x851f</load_address>
         <run_address>0x851f</run_address>
         <size>0x2b7</size>
         <input_file_ref idref="fl-13"/>
      </object_component>
      <object_component id="oc-1ff">
         <name>.debug_info</name>
         <load_address>0x87d6</load_address>
         <run_address>0x87d6</run_address>
         <size>0x266</size>
         <input_file_ref idref="fl-13"/>
      </object_component>
      <object_component id="oc-30e">
         <name>.debug_info</name>
         <load_address>0x8a3c</load_address>
         <run_address>0x8a3c</run_address>
         <size>0x3ba</size>
         <input_file_ref idref="fl-14"/>
      </object_component>
      <object_component id="oc-1f9">
         <name>.debug_info</name>
         <load_address>0x8df6</load_address>
         <run_address>0x8df6</run_address>
         <size>0x270</size>
         <input_file_ref idref="fl-14"/>
      </object_component>
      <object_component id="oc-1f4">
         <name>.debug_info</name>
         <load_address>0x9066</load_address>
         <run_address>0x9066</run_address>
         <size>0x296</size>
         <input_file_ref idref="fl-15"/>
      </object_component>
      <object_component id="oc-221">
         <name>.debug_info</name>
         <load_address>0x92fc</load_address>
         <run_address>0x92fc</run_address>
         <size>0x326</size>
         <input_file_ref idref="fl-16"/>
      </object_component>
      <object_component id="oc-224">
         <name>.debug_info</name>
         <load_address>0x9622</load_address>
         <run_address>0x9622</run_address>
         <size>0xee</size>
         <input_file_ref idref="fl-16"/>
      </object_component>
      <object_component id="oc-113">
         <name>.debug_info</name>
         <load_address>0x9710</load_address>
         <run_address>0x9710</run_address>
         <size>0x43b</size>
         <input_file_ref idref="fl-16"/>
      </object_component>
      <object_component id="oc-331">
         <name>.debug_info</name>
         <load_address>0x9b4b</load_address>
         <run_address>0x9b4b</run_address>
         <size>0x26b</size>
         <input_file_ref idref="fl-16"/>
      </object_component>
      <object_component id="oc-3df">
         <name>.debug_info</name>
         <load_address>0x9db6</load_address>
         <run_address>0x9db6</run_address>
         <size>0x297</size>
         <input_file_ref idref="fl-16"/>
      </object_component>
      <object_component id="oc-32c">
         <name>.debug_info</name>
         <load_address>0xa04d</load_address>
         <run_address>0xa04d</run_address>
         <size>0xbb</size>
         <input_file_ref idref="fl-16"/>
      </object_component>
      <object_component id="oc-1e6">
         <name>.debug_info</name>
         <load_address>0xa108</load_address>
         <run_address>0xa108</run_address>
         <size>0x395</size>
         <input_file_ref idref="fl-cc"/>
      </object_component>
      <object_component id="oc-1e3">
         <name>.debug_info</name>
         <load_address>0xa49d</load_address>
         <run_address>0xa49d</run_address>
         <size>0x112</size>
         <input_file_ref idref="fl-cc"/>
      </object_component>
      <object_component id="oc-119">
         <name>.debug_info</name>
         <load_address>0xa5af</load_address>
         <run_address>0xa5af</run_address>
         <size>0x1d0</size>
         <input_file_ref idref="fl-cc"/>
      </object_component>
      <object_component id="oc-1d8">
         <name>.debug_info</name>
         <load_address>0xa77f</load_address>
         <run_address>0xa77f</run_address>
         <size>0x208</size>
         <input_file_ref idref="fl-cc"/>
      </object_component>
      <object_component id="oc-f9">
         <name>.debug_info</name>
         <load_address>0xa987</load_address>
         <run_address>0xa987</run_address>
         <size>0x2ef</size>
         <input_file_ref idref="fl-cc"/>
      </object_component>
      <object_component id="oc-307">
         <name>.debug_info</name>
         <load_address>0xac76</load_address>
         <run_address>0xac76</run_address>
         <size>0x2c</size>
         <input_file_ref idref="fl-cc"/>
      </object_component>
      <object_component id="oc-1e7">
         <name>.debug_info</name>
         <load_address>0xaca2</load_address>
         <run_address>0xaca2</run_address>
         <size>0x2c</size>
         <input_file_ref idref="fl-cc"/>
      </object_component>
      <object_component id="oc-2fd">
         <name>.debug_info</name>
         <load_address>0xacce</load_address>
         <run_address>0xacce</run_address>
         <size>0x2c</size>
         <input_file_ref idref="fl-cc"/>
      </object_component>
      <object_component id="oc-1ec">
         <name>.debug_info</name>
         <load_address>0xacfa</load_address>
         <run_address>0xacfa</run_address>
         <size>0x16d</size>
         <input_file_ref idref="fl-cc"/>
      </object_component>
      <object_component id="oc-302">
         <name>.debug_info</name>
         <load_address>0xae67</load_address>
         <run_address>0xae67</run_address>
         <size>0xca</size>
         <input_file_ref idref="fl-cc"/>
      </object_component>
      <object_component id="oc-366">
         <name>.debug_info</name>
         <load_address>0xaf31</load_address>
         <run_address>0xaf31</run_address>
         <size>0x340</size>
         <input_file_ref idref="fl-cd"/>
      </object_component>
      <object_component id="oc-259">
         <name>.debug_info</name>
         <load_address>0xb271</load_address>
         <run_address>0xb271</run_address>
         <size>0x208</size>
         <input_file_ref idref="fl-cd"/>
      </object_component>
      <object_component id="oc-35c">
         <name>.debug_info</name>
         <load_address>0xb479</load_address>
         <run_address>0xb479</run_address>
         <size>0x1c6</size>
         <input_file_ref idref="fl-cd"/>
      </object_component>
      <object_component id="oc-362">
         <name>.debug_info</name>
         <load_address>0xb63f</load_address>
         <run_address>0xb63f</run_address>
         <size>0x179</size>
         <input_file_ref idref="fl-cd"/>
      </object_component>
      <object_component id="oc-367">
         <name>.debug_info</name>
         <load_address>0xb7b8</load_address>
         <run_address>0xb7b8</run_address>
         <size>0x2c</size>
         <input_file_ref idref="fl-cd"/>
      </object_component>
      <object_component id="oc-36c">
         <name>.debug_info</name>
         <load_address>0xb7e4</load_address>
         <run_address>0xb7e4</run_address>
         <size>0x69</size>
         <input_file_ref idref="fl-cd"/>
      </object_component>
      <object_component id="oc-324">
         <name>.debug_info</name>
         <load_address>0xb84d</load_address>
         <run_address>0xb84d</run_address>
         <size>0x363</size>
         <input_file_ref idref="fl-ce"/>
      </object_component>
      <object_component id="oc-321">
         <name>.debug_info</name>
         <load_address>0xbbb0</load_address>
         <run_address>0xbbb0</run_address>
         <size>0x128</size>
         <input_file_ref idref="fl-ce"/>
      </object_component>
      <object_component id="oc-20d">
         <name>.debug_info</name>
         <load_address>0xbcd8</load_address>
         <run_address>0xbcd8</run_address>
         <size>0xbdf</size>
         <input_file_ref idref="fl-ce"/>
      </object_component>
      <object_component id="oc-2de">
         <name>.debug_info</name>
         <load_address>0xc8b7</load_address>
         <run_address>0xc8b7</run_address>
         <size>0x46</size>
         <input_file_ref idref="fl-ce"/>
      </object_component>
      <object_component id="oc-1c4">
         <name>.debug_info</name>
         <load_address>0xc8fd</load_address>
         <run_address>0xc8fd</run_address>
         <size>0x39</size>
         <input_file_ref idref="fl-ce"/>
      </object_component>
      <object_component id="oc-3da">
         <name>.debug_info</name>
         <load_address>0xc936</load_address>
         <run_address>0xc936</run_address>
         <size>0x2ca</size>
         <input_file_ref idref="fl-cf"/>
      </object_component>
      <object_component id="oc-31d">
         <name>.debug_info</name>
         <load_address>0xcc00</load_address>
         <run_address>0xcc00</run_address>
         <size>0x24e</size>
         <input_file_ref idref="fl-cf"/>
      </object_component>
      <object_component id="oc-3bb">
         <name>.debug_info</name>
         <load_address>0xce4e</load_address>
         <run_address>0xce4e</run_address>
         <size>0x2fd</size>
         <input_file_ref idref="fl-d0"/>
      </object_component>
      <object_component id="oc-2bc">
         <name>.debug_info</name>
         <load_address>0xd14b</load_address>
         <run_address>0xd14b</run_address>
         <size>0x225</size>
         <input_file_ref idref="fl-d0"/>
      </object_component>
      <object_component id="oc-3c2">
         <name>.debug_info</name>
         <load_address>0xd370</load_address>
         <run_address>0xd370</run_address>
         <size>0x39</size>
         <input_file_ref idref="fl-d0"/>
      </object_component>
      <object_component id="oc-2cd">
         <name>.debug_info</name>
         <load_address>0xd3a9</load_address>
         <run_address>0xd3a9</run_address>
         <size>0x2c</size>
         <input_file_ref idref="fl-d0"/>
      </object_component>
      <object_component id="oc-1c3">
         <name>.debug_info</name>
         <load_address>0xd3d5</load_address>
         <run_address>0xd3d5</run_address>
         <size>0x36f</size>
         <input_file_ref idref="fl-d1"/>
      </object_component>
      <object_component id="oc-ec">
         <name>.debug_info</name>
         <load_address>0xd744</load_address>
         <run_address>0xd744</run_address>
         <size>0x5d4</size>
         <input_file_ref idref="fl-d1"/>
      </object_component>
      <object_component id="oc-3b8">
         <name>.debug_info</name>
         <load_address>0xdd18</load_address>
         <run_address>0xdd18</run_address>
         <size>0x161</size>
         <input_file_ref idref="fl-d2"/>
      </object_component>
      <object_component id="oc-1a9">
         <name>.debug_info</name>
         <load_address>0xde79</load_address>
         <run_address>0xde79</run_address>
         <size>0x14c</size>
         <input_file_ref idref="fl-d3"/>
      </object_component>
      <object_component id="oc-1ac">
         <name>.debug_info</name>
         <load_address>0xdfc5</load_address>
         <run_address>0xdfc5</run_address>
         <size>0x128</size>
         <input_file_ref idref="fl-d4"/>
      </object_component>
      <object_component id="oc-250">
         <name>.debug_info</name>
         <load_address>0xe0ed</load_address>
         <run_address>0xe0ed</run_address>
         <size>0x12a</size>
         <input_file_ref idref="fl-d4"/>
      </object_component>
      <object_component id="oc-e7">
         <name>.debug_info</name>
         <load_address>0xe217</load_address>
         <run_address>0xe217</run_address>
         <size>0x13a</size>
         <input_file_ref idref="fl-d5"/>
      </object_component>
      <object_component id="oc-e3">
         <name>.debug_info</name>
         <load_address>0xe351</load_address>
         <run_address>0xe351</run_address>
         <size>0x13a</size>
         <input_file_ref idref="fl-d6"/>
      </object_component>
      <object_component id="oc-f3">
         <name>.debug_info</name>
         <load_address>0xe48b</load_address>
         <run_address>0xe48b</run_address>
         <size>0x12e</size>
         <input_file_ref idref="fl-d7"/>
      </object_component>
      <object_component id="oc-28b">
         <name>.debug_info</name>
         <load_address>0xe5b9</load_address>
         <run_address>0xe5b9</run_address>
         <size>0x13e</size>
         <input_file_ref idref="fl-d8"/>
      </object_component>
      <object_component id="oc-d8">
         <name>.debug_info</name>
         <load_address>0xe6f7</load_address>
         <run_address>0xe6f7</run_address>
         <size>0x12c</size>
         <input_file_ref idref="fl-d9"/>
      </object_component>
      <object_component id="oc-de">
         <name>.debug_info</name>
         <load_address>0xe823</load_address>
         <run_address>0xe823</run_address>
         <size>0x12c</size>
         <input_file_ref idref="fl-da"/>
      </object_component>
      <object_component id="oc-3f">
         <name>.debug_info</name>
         <load_address>0xe94f</load_address>
         <run_address>0xe94f</run_address>
         <size>0x119</size>
         <input_file_ref idref="fl-db"/>
      </object_component>
      <object_component id="oc-95">
         <name>.debug_info</name>
         <load_address>0xea68</load_address>
         <run_address>0xea68</run_address>
         <size>0x2d4</size>
         <input_file_ref idref="fl-dc"/>
      </object_component>
      <object_component id="oc-4b">
         <name>.debug_info</name>
         <load_address>0xed3c</load_address>
         <run_address>0xed3c</run_address>
         <size>0x1d2</size>
         <input_file_ref idref="fl-dc"/>
      </object_component>
      <object_component id="oc-90">
         <name>.debug_info</name>
         <load_address>0xef0e</load_address>
         <run_address>0xef0e</run_address>
         <size>0x46</size>
         <input_file_ref idref="fl-dc"/>
      </object_component>
      <object_component id="oc-49">
         <name>.debug_info</name>
         <load_address>0xef54</load_address>
         <run_address>0xef54</run_address>
         <size>0x2a8</size>
         <input_file_ref idref="fl-dd"/>
      </object_component>
      <object_component id="oc-1c">
         <name>.debug_info</name>
         <load_address>0xf1fc</load_address>
         <run_address>0xf1fc</run_address>
         <size>0x1ea</size>
         <input_file_ref idref="fl-dd"/>
      </object_component>
      <object_component id="oc-44">
         <name>.debug_info</name>
         <load_address>0xf3e6</load_address>
         <run_address>0xf3e6</run_address>
         <size>0x46</size>
         <input_file_ref idref="fl-dd"/>
      </object_component>
      <object_component id="oc-88">
         <name>.debug_info</name>
         <load_address>0xf42c</load_address>
         <run_address>0xf42c</run_address>
         <size>0x2c</size>
         <input_file_ref idref="fl-dd"/>
      </object_component>
      <object_component id="oc-86">
         <name>.debug_info</name>
         <load_address>0xf458</load_address>
         <run_address>0xf458</run_address>
         <size>0x29e</size>
         <input_file_ref idref="fl-de"/>
      </object_component>
      <object_component id="oc-16">
         <name>.debug_info</name>
         <load_address>0xf6f6</load_address>
         <run_address>0xf6f6</run_address>
         <size>0x250</size>
         <input_file_ref idref="fl-de"/>
      </object_component>
      <object_component id="oc-34">
         <name>.debug_info</name>
         <load_address>0xf946</load_address>
         <run_address>0xf946</run_address>
         <size>0x60</size>
         <input_file_ref idref="fl-de"/>
      </object_component>
      <object_component id="oc-c7">
         <name>.debug_info</name>
         <load_address>0xf9a6</load_address>
         <run_address>0xf9a6</run_address>
         <size>0x46</size>
         <input_file_ref idref="fl-de"/>
      </object_component>
      <object_component id="oc-81">
         <name>.debug_info</name>
         <load_address>0xf9ec</load_address>
         <run_address>0xf9ec</run_address>
         <size>0x39</size>
         <input_file_ref idref="fl-de"/>
      </object_component>
      <object_component id="oc-247">
         <name>.debug_info</name>
         <load_address>0xfa25</load_address>
         <run_address>0xfa25</run_address>
         <size>0x2b9</size>
         <input_file_ref idref="fl-df"/>
      </object_component>
      <object_component id="oc-134">
         <name>.debug_info</name>
         <load_address>0xfcde</load_address>
         <run_address>0xfcde</run_address>
         <size>0x17c</size>
         <input_file_ref idref="fl-df"/>
      </object_component>
      <object_component id="oc-34d">
         <name>.debug_info</name>
         <load_address>0xfe5a</load_address>
         <run_address>0xfe5a</run_address>
         <size>0xf9</size>
         <input_file_ref idref="fl-e0"/>
      </object_component>
      <object_component id="oc-244">
         <name>.debug_info</name>
         <load_address>0xff53</load_address>
         <run_address>0xff53</run_address>
         <size>0x105</size>
         <input_file_ref idref="fl-e0"/>
      </object_component>
      <object_component id="oc-70">
         <name>.debug_info</name>
         <load_address>0x10058</load_address>
         <run_address>0x10058</run_address>
         <size>0x3b2</size>
         <input_file_ref idref="fl-e1"/>
      </object_component>
      <object_component id="oc-25">
         <name>.debug_info</name>
         <load_address>0x1040a</load_address>
         <run_address>0x1040a</run_address>
         <size>0x10c</size>
         <input_file_ref idref="fl-e1"/>
      </object_component>
      <object_component id="oc-3d0">
         <name>.debug_info</name>
         <load_address>0x10516</load_address>
         <run_address>0x10516</run_address>
         <size>0x13f</size>
         <input_file_ref idref="fl-e1"/>
      </object_component>
      <object_component id="oc-1d1">
         <name>.debug_info</name>
         <load_address>0x10655</load_address>
         <run_address>0x10655</run_address>
         <size>0x168</size>
         <input_file_ref idref="fl-e1"/>
      </object_component>
      <object_component id="oc-2ee">
         <name>.debug_info</name>
         <load_address>0x107bd</load_address>
         <run_address>0x107bd</run_address>
         <size>0x18e</size>
         <input_file_ref idref="fl-e1"/>
      </object_component>
      <object_component id="oc-33a">
         <name>.debug_info</name>
         <load_address>0x1094b</load_address>
         <run_address>0x1094b</run_address>
         <size>0x19f</size>
         <input_file_ref idref="fl-e1"/>
      </object_component>
      <object_component id="oc-229">
         <name>.debug_info</name>
         <load_address>0x10aea</load_address>
         <run_address>0x10aea</run_address>
         <size>0x203</size>
         <input_file_ref idref="fl-e1"/>
      </object_component>
      <object_component id="oc-2f4">
         <name>.debug_info</name>
         <load_address>0x10ced</load_address>
         <run_address>0x10ced</run_address>
         <size>0x1db</size>
         <input_file_ref idref="fl-e1"/>
      </object_component>
      <object_component id="oc-1de">
         <name>.debug_info</name>
         <load_address>0x10ec8</load_address>
         <run_address>0x10ec8</run_address>
         <size>0x26e</size>
         <input_file_ref idref="fl-e1"/>
      </object_component>
      <object_component id="oc-273">
         <name>.debug_info</name>
         <load_address>0x11136</load_address>
         <run_address>0x11136</run_address>
         <size>0x1a5</size>
         <input_file_ref idref="fl-e1"/>
      </object_component>
      <object_component id="oc-2e6">
         <name>.debug_info</name>
         <load_address>0x112db</load_address>
         <run_address>0x112db</run_address>
         <size>0x299</size>
         <input_file_ref idref="fl-e1"/>
      </object_component>
      <object_component id="oc-bb">
         <name>.debug_info</name>
         <load_address>0x11574</load_address>
         <run_address>0x11574</run_address>
         <size>0xb2</size>
         <input_file_ref idref="fl-e1"/>
      </object_component>
      <object_component id="oc-b6">
         <name>.debug_info</name>
         <load_address>0x11626</load_address>
         <run_address>0x11626</run_address>
         <size>0x2c</size>
         <input_file_ref idref="fl-e1"/>
      </object_component>
      <object_component id="oc-242">
         <name>.debug_info</name>
         <load_address>0x11652</load_address>
         <run_address>0x11652</run_address>
         <size>0x28a</size>
         <input_file_ref idref="fl-e2"/>
      </object_component>
      <object_component id="oc-12b">
         <name>.debug_info</name>
         <load_address>0x118dc</load_address>
         <run_address>0x118dc</run_address>
         <size>0x273</size>
         <input_file_ref idref="fl-e2"/>
      </object_component>
      <object_component id="oc-22f">
         <name>.debug_info</name>
         <load_address>0x11b4f</load_address>
         <run_address>0x11b4f</run_address>
         <size>0x2a4</size>
         <input_file_ref idref="fl-e3"/>
      </object_component>
      <object_component id="oc-121">
         <name>.debug_info</name>
         <load_address>0x11df3</load_address>
         <run_address>0x11df3</run_address>
         <size>0x24d</size>
         <input_file_ref idref="fl-e3"/>
      </object_component>
      <object_component id="oc-240">
         <name>.debug_info</name>
         <load_address>0x12040</load_address>
         <run_address>0x12040</run_address>
         <size>0x2fe</size>
         <input_file_ref idref="fl-e4"/>
      </object_component>
      <object_component id="oc-23d">
         <name>.debug_info</name>
         <load_address>0x1233e</load_address>
         <run_address>0x1233e</run_address>
         <size>0x105</size>
         <input_file_ref idref="fl-e4"/>
      </object_component>
      <object_component id="oc-126">
         <name>.debug_info</name>
         <load_address>0x12443</load_address>
         <run_address>0x12443</run_address>
         <size>0x1ab</size>
         <input_file_ref idref="fl-e4"/>
      </object_component>
      <object_component id="oc-2cb">
         <name>.debug_info</name>
         <load_address>0x125ee</load_address>
         <run_address>0x125ee</run_address>
         <size>0x3aa</size>
         <input_file_ref idref="fl-e5"/>
      </object_component>
      <object_component id="oc-2c8">
         <name>.debug_info</name>
         <load_address>0x12998</load_address>
         <run_address>0x12998</run_address>
         <size>0x13a</size>
         <input_file_ref idref="fl-e5"/>
      </object_component>
[...]
         <object_component_ref idref="oc-148"/>
      </symbol>
      <symbol id="sm-2a5">
         <name>oi_parsePacket</name>
         <value>0x32b</value>
         <object_component_ref idref="oc-148"/>
      </symbol>
      <symbol id="sm-2a6">
         <name>oi_setLeds</name>
         <value>0x84b</value>
         <object_component_ref idref="oc-148"/>
      </symbol>
      <symbol id="sm-2a7">
         <name>oi_init</name>
         <value>0x2b1</value>
         <object_component_ref idref="oc-148"/>
      </symbol>
      <symbol id="sm-2a8">
         <name>oi_update</name>
         <value>0x2d9</value>
         <object_component_ref idref="oc-148"/>
      </symbol>
      <symbol id="sm-2a9">
         <name>oi_uartInit</name>
         <value>0x98d</value>
         <object_component_ref idref="oc-148"/>
      </symbol>
      <symbol id="sm-2c8">
         <name>sendInt</name>
         <value>0x54fd</value>
         <object_component_ref idref="oc-102"/>
      </symbol>
      <symbol id="sm-2c9">
         <name>sendMessage</name>
         <value>0x55df</value>
         <object_component_ref idref="oc-102"/>
      </symbol>
      <symbol id="sm-2ca">
         <name>sendFloat</name>
         <value>0x5577</value>
         <object_component_ref idref="oc-102"/>
      </symbol>
      <symbol id="sm-2e7">
         <name>ResetISR</name>
         <value>0x6e01</value>
         <object_component_ref idref="oc-2a"/>
      </symbol>
      <symbol id="sm-2e8">
         <name>g_pfnVectors</name>
         <value>0x0</value>
         <object_component_ref idref="oc-12"/>
      </symbol>
      <symbol id="sm-329">
         <name>cyBOT_SERVO_cal</name>
         <value>0x47ad</value>
         <object_component_ref idref="oc-fc"/>
      </symbol>
      <symbol id="sm-32a">
         <name>cyBOT_Scan</name>
         <value>0x473b</value>
         <object_component_ref idref="oc-fc"/>
      </symbol>
      <symbol id="sm-32b">
         <name>cyBOT_scan_features</name>
         <value>0x2000237c</value>
         <object_component_ref idref="oc-203"/>
      </symbol>
      <symbol id="sm-32c">
         <name>cyBOT_scan_version</name>
         <value>0x46d5</value>
         <object_component_ref idref="oc-fc"/>
      </symbol>
      <symbol id="sm-32d">
         <name>cyBOT_init_Scan</name>
         <value>0x46e3</value>
         <object_component_ref idref="oc-fc"/>
      </symbol>
      <symbol id="sm-354">
         <name>isr_int_value</name>
         <value>0x20002330</value>
      </symbol>
      <symbol id="sm-355">
         <name>ir_enableInterrupt</name>
         <value>0x5bdf</value>
         <object_component_ref idref="oc-1fd"/>
      </symbol>
      <symbol id="sm-356">
         <name>ir_getDistance</name>
         <value>0x5bc1</value>
         <object_component_ref idref="oc-1fd"/>
      </symbol>
      <symbol id="sm-357">
         <name>ir_init</name>
         <value>0x5b31</value>
         <object_component_ref idref="oc-1fd"/>
      </symbol>
      <symbol id="sm-358">
         <name>ADC0SS0_Handler</name>
         <value>0x5bc9</value>
         <object_component_ref idref="oc-1fd"/>
      </symbol>
      <symbol id="sm-359">
         <name>ir_getValue</name>
         <value>0x5b99</value>
         <object_component_ref idref="oc-1fd"/>
      </symbol>
      <symbol id="sm-388">
         <name>risingEdge</name>
         <value>0x20002340</value>
      </symbol>
      <symbol id="sm-389">
         <name>fallingEdge</name>
         <value>0x2000232c</value>
      </symbol>
      <symbol id="sm-38a">
         <name>pulseLength</name>
         <value>0x20002338</value>
      </symbol>
      <symbol id="sm-38b">
         <name>isRisingEdge</name>
         <value>0x20002344</value>
      </symbol>
      <symbol id="sm-38c">
         <name>TIMER3B_Handler</name>
         <value>0x4c6d</value>
         <object_component_ref idref="oc-1f7"/>
      </symbol>
      <symbol id="sm-38d">
         <name>ping_init</name>
         <value>0x4b7d</value>
         <object_component_ref idref="oc-1f7"/>
      </symbol>
      <symbol id="sm-38e">
         <name>ping_getDistance</name>
         <value>0x4cbf</value>
         <object_component_ref idref="oc-1f7"/>
      </symbol>
      <symbol id="sm-38f">
         <name>ping_trigger</name>
         <value>0x4c03</value>
         <object_component_ref idref="oc-1f7"/>
      </symbol>
      <symbol id="sm-3b1">
         <name>servo_move</name>
         <value>0x52dd</value>
         <object_component_ref idref="oc-1f1"/>
      </symbol>
      <symbol id="sm-3b2">
         <name>servo_init</name>
         <value>0x524d</value>
         <object_component_ref idref="oc-1f1"/>
      </symbol>
      <symbol id="sm-3b3">
         <name>servo_stop</name>
         <value>0x52d1</value>
         <object_component_ref idref="oc-1f1"/>
      </symbol>
      <symbol id="sm-3b4">
         <name>servo_setPWM</name>
         <value>0x533d</value>
         <object_component_ref idref="oc-1f1"/>
      </symbol>
      <symbol id="sm-3f0">
         <name>isr_char_buffer</name>
         <value>0x200022c4</value>
      </symbol>
      <symbol id="sm-3f1">
         <name>cyBot_getByte</name>
         <value>0x51df</value>
         <object_component_ref idref="oc-111"/>
      </symbol>
      <symbol id="sm-3f2">
         <name>cyBot_sendByte</name>
         <value>0x50f1</value>
         <object_component_ref idref="oc-111"/>
      </symbol>
      <symbol id="sm-3f3">
         <name>cyBot_uart_sendStr</name>
         <value>0x50fd</value>
         <object_component_ref idref="oc-111"/>
      </symbol>
      <symbol id="sm-3f4">
         <name>isr_counter</name>
         <value>0x20002380</value>
         <object_component_ref idref="oc-223"/>
      </symbol>
      <symbol id="sm-3f5">
         <name>cyBot_uart_sendBuffer</name>
         <value>0x5117</value>
         <object_component_ref idref="oc-111"/>
      </symbol>
      <symbol id="sm-3f6">
         <name>cyBot_uart_flush</name>
         <value>0x51c1</value>
         <object_component_ref idref="oc-111"/>
      </symbol>
      <symbol id="sm-3f7">
         <name>cyBot_UART1_Handler</name>
         <value>0x51f9</value>
         <object_component_ref idref="oc-111"/>
      </symbol>
      <symbol id="sm-3f8">
         <name>cyBot_uart_init</name>
         <value>0x512f</value>
         <object_component_ref idref="oc-111"/>
      </symbol>
      <symbol id="sm-45b">
         <name>__vla_dealloc</name>
         <value>0x65f9</value>
         <object_component_ref idref="oc-117"/>
      </symbol>
      <symbol id="sm-45c">
         <name>__vla_alloc</name>
         <value>0x564d</value>
         <object_component_ref idref="oc-f6"/>
      </symbol>
      <symbol id="sm-48b">
         <name>vsnprintf</name>
         <value>0x6a95</value>
         <object_component_ref idref="oc-256"/>
      </symbol>
      <symbol id="sm-522">
         <name>pow</name>
         <value>0x24a5</value>
         <object_component_ref idref="oc-20c"/>
      </symbol>
      <symbol id="sm-523">
         <name>powl</name>
         <value>0x24a5</value>
         <object_component_ref idref="oc-20c"/>
      </symbol>
      <symbol id="sm-545">
         <name>sqrtl</name>
         <value>0x53a5</value>
         <object_component_ref idref="oc-31a"/>
      </symbol>
      <symbol id="sm-546">
         <name>sqrt</name>
         <value>0x53a5</value>
         <object_component_ref idref="oc-31a"/>
      </symbol>
      <symbol id="sm-56d">
         <name>scalbn</name>
         <value>0x5c49</value>
         <object_component_ref idref="oc-2bb"/>
      </symbol>
      <symbol id="sm-56e">
         <name>scalbnl</name>
         <value>0x5c49</value>
         <object_component_ref idref="oc-2bb"/>
      </symbol>
      <symbol id="sm-56f">
         <name>ldexpl</name>
         <value>0x5c49</value>
         <object_component_ref idref="oc-2bb"/>
      </symbol>
      <symbol id="sm-570">
         <name>ldexp</name>
         <value>0x5c49</value>
         <object_component_ref idref="oc-2bb"/>
      </symbol>
      <symbol id="sm-5c0">
         <name>tanl</name>
         <value>0x359d</value>
         <object_component_ref idref="oc-eb"/>
      </symbol>
      <symbol id="sm-5c1">
         <name>tan</name>
         <value>0x359d</value>
         <object_component_ref idref="oc-eb"/>
      </symbol>
      <symbol id="sm-5cb">
         <name>copysign</name>
         <value>0x6d15</value>
         <object_component_ref idref="oc-3b4"/>
      </symbol>
      <symbol id="sm-5cc">
         <name>copysignl</name>
         <value>0x6d15</value>
         <object_component_ref idref="oc-3b4"/>
      </symbol>
      <symbol id="sm-5e3">
         <name>__aeabi_dsub</name>
         <value>0x4f39</value>
         <object_component_ref idref="oc-1a6"/>
      </symbol>
      <symbol id="sm-5e4">
         <name>__aeabi_dadd</name>
         <value>0x4f43</value>
         <object_component_ref idref="oc-1a6"/>
      </symbol>
      <symbol id="sm-606">
         <name>__aeabi_cdcmpeq</name>
         <value>0x63f9</value>
         <object_component_ref idref="oc-1ab"/>
      </symbol>
      <symbol id="sm-607">
         <name>__aeabi_cdcmple</name>
         <value>0x63f9</value>
         <object_component_ref idref="oc-1ab"/>
      </symbol>
      <symbol id="sm-608">
         <name>__aeabi_cdrcmple</name>
         <value>0x647f</value>
         <object_component_ref idref="oc-24f"/>
      </symbol>
      <symbol id="sm-61c">
         <name>__aeabi_ddiv</name>
         <value>0x58d5</value>
         <object_component_ref idref="oc-e6"/>
      </symbol>
      <symbol id="sm-627">
         <name>__aeabi_dmul</name>
         <value>0x5e59</value>
         <object_component_ref idref="oc-e1"/>
      </symbol>
      <symbol id="sm-631">
         <name>__aeabi_d2iz</name>
         <value>0x69c9</value>
         <object_component_ref idref="oc-f1"/>
      </symbol>
      <symbol id="sm-63d">
         <name>__aeabi_d2f</name>
         <value>0x6747</value>
         <object_component_ref idref="oc-28a"/>
      </symbol>
      <symbol id="sm-648">
         <name>__aeabi_f2d</name>
         <value>0x6b4d</value>
         <object_component_ref idref="oc-d7"/>
      </symbol>
      <symbol id="sm-652">
         <name>__aeabi_i2d</name>
         <value>0x6c1d</value>
         <object_component_ref idref="oc-dc"/>
      </symbol>
      <symbol id="sm-66d">
         <name>memcpy</name>
         <value>0x62c7</value>
         <object_component_ref idref="oc-3e"/>
      </symbol>
      <symbol id="sm-66e">
         <name>__aeabi_memcpy</name>
         <value>0x62c7</value>
         <object_component_ref idref="oc-3e"/>
      </symbol>
      <symbol id="sm-66f">
         <name>__aeabi_memcpy8</name>
         <value>0x62c7</value>
         <object_component_ref idref="oc-3e"/>
      </symbol>
      <symbol id="sm-670">
         <name>__aeabi_memcpy4</name>
         <value>0x62c7</value>
         <object_component_ref idref="oc-3e"/>
      </symbol>
      <symbol id="sm-684">
         <name>__TI_zero_init_nomemset</name>
         <value>0x6cc1</value>
         <object_component_ref idref="oc-4a"/>
      </symbol>
      <symbol id="sm-69b">
         <name>__TI_decompress_none</name>
         <value>0x6de7</value>
         <object_component_ref idref="oc-1b"/>
      </symbol>
      <symbol id="sm-6be">
         <name>__TI_decompress_lzss</name>
         <value>0x67b5</value>
         <object_component_ref idref="oc-15"/>
      </symbol>
      <symbol id="sm-6d4">
         <name>atoi</name>
         <value>0x697d</value>
         <object_component_ref idref="oc-130"/>
      </symbol>
      <symbol id="sm-6df">
         <name>_ctypes_</name>
         <value>0x6f80</value>
         <object_component_ref idref="oc-243"/>
      </symbol>
      <symbol id="sm-789">
         <name>_sys_memory</name>
         <value>0x20001270</value>
         <object_component_ref idref="oc-24"/>
      </symbol>
      <symbol id="sm-78a">
         <name>free</name>
         <value>0x604d</value>
         <object_component_ref idref="oc-227"/>
      </symbol>
      <symbol id="sm-78b">
         <name>realloc</name>
         <value>0x6131</value>
         <object_component_ref idref="oc-1dc"/>
      </symbol>
      <symbol id="sm-78c">
         <name>memalign</name>
         <value>0x5d59</value>
         <object_component_ref idref="oc-2e4"/>
      </symbol>
      <symbol id="sm-78d">
         <name>calloc</name>
         <value>0x6b15</value>
         <object_component_ref idref="oc-271"/>
      </symbol>
      <symbol id="sm-78e">
         <name>malloc</name>
         <value>0x6e15</value>
         <object_component_ref idref="oc-1d0"/>
      </symbol>
      <symbol id="sm-78f">
         <name>aligned_alloc</name>
         <value>0x5d59</value>
         <object_component_ref idref="oc-2e4"/>
      </symbol>
      <symbol id="sm-79e">
         <name>strcmp</name>
         <value>0x6d5f</value>
         <object_component_ref idref="oc-12a"/>
      </symbol>
      <symbol id="sm-7ac">
         <name>strcpy</name>
         <value>0x6d8d</value>
         <object_component_ref idref="oc-11e"/>
      </symbol>
      <symbol id="sm-7c4">
         <name>strtok</name>
         <value>0x6a55</value>
         <object_component_ref idref="oc-124"/>
      </symbol>
      <symbol id="sm-82a">
         <name>__kernel_rem_pio2</name>
         <value>0x2e65</value>
         <object_component_ref idref="oc-1b0"/>
      </symbol>
      <symbol id="sm-840">
         <name>__aeabi_errno_addr</name>
         <value>0x6e0d</value>
         <object_component_ref idref="oc-1bc"/>
      </symbol>
      <symbol id="sm-841">
         <name>errno</name>
         <value>0x20002384</value>
         <object_component_ref idref="oc-2d7"/>
      </symbol>
      <symbol id="sm-854">
         <name>__stack</name>
         <value>0x20000270</value>
         <object_component_ref idref="oc-27"/>
      </symbol>
      <symbol id="sm-855">
         <name>_c_int00_noargs</name>
         <value>0x6bb9</value>
         <object_component_ref idref="oc-5c"/>
      </symbol>
      <symbol id="sm-85f">
         <name>__abort_execution</name>
         <value>0x6e1d</value>
         <object_component_ref idref="oc-1ca"/>
      </symbol>
      <symbol id="sm-9c4">
         <name>__TI_printfi</name>
         <value>0x1a55</value>
         <object_component_ref idref="oc-353"/>
      </symbol>
      <symbol id="sm-9e2">
         <name>__kernel_tan</name>
         <value>0x414d</value>
         <object_component_ref idref="oc-1b6"/>
      </symbol>
      <symbol id="sm-9ff">
         <name>floorl</name>
         <value>0x5f55</value>
         <object_component_ref idref="oc-2c1"/>
      </symbol>
      <symbol id="sm-a00">
         <name>floor</name>
         <value>0x5f55</value>
         <object_component_ref idref="oc-2c1"/>
      </symbol>
      <symbol id="sm-a16">
         <name>frexpl</name>
         <value>0x681d</value>
         <object_component_ref idref="oc-471"/>
      </symbol>
      <symbol id="sm-a17">
         <name>frexp</name>
         <value>0x681d</value>
         <object_component_ref idref="oc-471"/>
      </symbol>
      <symbol id="sm-a24">
         <name>__aeabi_uldivmod</name>
         <value>0x6363</value>
         <object_component_ref idref="oc-44a"/>
      </symbol>
      <symbol id="sm-a33">
         <name>__aeabi_memset</name>
         <value>0x6507</value>
         <object_component_ref idref="oc-96"/>
      </symbol>
      <symbol id="sm-a34">
         <name>memset</name>
         <value>0x650d</value>
         <object_component_ref idref="oc-96"/>
      </symbol>
      <symbol id="sm-a35">
         <name>__aeabi_memset8</name>
         <value>0x6507</value>
         <object_component_ref idref="oc-96"/>
      </symbol>
      <symbol id="sm-a36">
         <name>__aeabi_memset4</name>
         <value>0x6507</value>
         <object_component_ref idref="oc-96"/>
      </symbol>
      <symbol id="sm-a37">
         <name>__aeabi_memclr8</name>
         <value>0x6505</value>
         <object_component_ref idref="oc-96"/>
      </symbol>
      <symbol id="sm-a38">
         <name>__aeabi_memclr4</name>
         <value>0x6505</value>
         <object_component_ref idref="oc-96"/>
      </symbol>
      <symbol id="sm-a39">
         <name>__aeabi_memclr</name>
         <value>0x6505</value>
         <object_component_ref idref="oc-96"/>
      </symbol>
      <symbol id="sm-a61">
         <name>__TI_auto_init_nobinit_nopinit</name>
         <value>0x6a11</value>
         <object_component_ref idref="oc-16e"/>
      </symbol>
      <symbol id="sm-a6b">
         <name>_system_pre_init</name>
         <value>0x6e21</value>
         <object_component_ref idref="oc-9c"/>
      </symbol>
      <symbol id="sm-a77">
         <name>C$$EXIT</name>
         <value>0x6e25</value>
         <object_component_ref idref="oc-162"/>
      </symbol>
      <symbol id="sm-a78">
         <name>abort</name>
         <value>0x6e25</value>
         <object_component_ref idref="oc-162"/>
      </symbol>
      <symbol id="sm-a8d">
         <name>_nop</name>
         <value>0x24a3</value>
         <object_component_ref idref="oc-395"/>
      </symbol>
      <symbol id="sm-a8e">
         <name>_lock</name>
         <value>0x20002368</value>
         <object_component_ref idref="oc-29d"/>
      </symbol>
      <symbol id="sm-a8f">
         <name>_unlock</name>
         <value>0x2000236c</value>
         <object_component_ref idref="oc-29d"/>
      </symbol>
      <symbol id="sm-a9e">
         <name>__TI_ltoa</name>
         <value>0x68d7</value>
         <object_component_ref idref="oc-450"/>
      </symbol>
      <symbol id="sm-aaf">
         <name>memccpy</name>
         <value>0x6cf9</value>
         <object_component_ref idref="oc-40f"/>
      </symbol>
      <symbol id="sm-abf">
         <name>strchr</name>
         <value>0x6d77</value>
         <object_component_ref idref="oc-477"/>
      </symbol>
      <symbol id="sm-ad0">
         <name>strcspn</name>
         <value>0x6c9d</value>
         <object_component_ref idref="oc-236"/>
      </symbol>
      <symbol id="sm-ade">
         <name>strlen</name>
         <value>0x6da1</value>
         <object_component_ref idref="oc-3eb"/>
      </symbol>
      <symbol id="sm-af0">
         <name>strspn</name>
         <value>0x6c4b</value>
         <object_component_ref idref="oc-230"/>
      </symbol>
      <symbol id="sm-b09">
         <name>wcslen</name>
         <value>0x6db5</value>
         <object_component_ref idref="oc-415"/>
      </symbol>
      <symbol id="sm-b13">
         <name>__aeabi_idiv0</name>
         <value>0x50ef</value>
         <object_component_ref idref="oc-495"/>
      </symbol>
      <symbol id="sm-b14">
         <name>__aeabi_ldiv0</name>
         <value>0x50ef</value>
         <object_component_ref idref="oc-495"/>
      </symbol>
      <symbol id="sm-b39">
         <name>IntRegister</name>
         <value>0x6b85</value>
         <object_component_ref idref="oc-266"/>
      </symbol>
      <symbol id="sm-b3a">
         <name>g_pfnRAMVectors</name>
         <value>0x20000000</value>
         <object_component_ref idref="oc-378"/>
      </symbol>
      <symbol id="sm-b3b">
         <name>IntMasterEnable</name>
         <value>0x6dc7</value>
         <object_component_ref idref="oc-27e"/>
      </symbol>
      <symbol id="sm-b45">
         <name>CPUcpsie</name>
         <value>0x6df5</value>
         <object_component_ref idref="oc-385"/>
      </symbol>
      <symbol id="sm-b46">
         <name>__TI_static_base__</name>
         <value>0x0</value>
      </symbol>
      <symbol id="sm-b49">
         <name>__mpu_init</name>
         <value>0x0</value>
      </symbol>
      <symbol id="sm-b4a">
         <name>_system_post_cinit</name>
         <value>0x0</value>
      </symbol>
   </symbol_table>
   <title>Link successful</title>
</link_info>
