******************************************************************************
                  TI ARM Linker PC v20.2.4                     
******************************************************************************
>> Linked Wed Feb 16 13:09:19 2022

OUTPUT FILE NAME:   <Lab4.out>
ENTRY POINT SYMBOL: "_c_int00_noargs"  address: 00006da9


MEMORY CONFIGURATION

         name            origin    length      used     unused   attr    fill
----------------------  --------  ---------  --------  --------  ----  --------
  FLASH                 00000000   00040000  000073a3  00038c5d  R  X
  SRAM                  20000000   00008000  0000238b  00005c75  RW X


SEGMENT ALLOCATION MAP

run origin  load origin   length   init length attrs members
----------  ----------- ---------- ----------- ----- -------
00000000    00000000    000073a8   000073a8    r-x
  00000000    00000000    0000026c   0000026c    r-- .intvecs
  0000026c    0000026c    00006dac   00006dac    r-x .text
  00007018    00007018    0000033b   0000033b    r-- .const
  00007358    00007358    00000050   00000050    r-- .cinit
20000000    20000000    00002392   00000000    rw-
  20000000    20000000    0000026c   00000000    rw- .vtable
  20000270    20000270    00001000   00000000    rw- .stack
  20001270    20001270    00001000   00000000    rw- .sysmem
  20002270    20002270    000000d5   00000000    rw- .bss
  20002348    20002348    0000004a   00000000    rw- .data


SECTION ALLOCATION MAP

 output                                  attributes/
section   page    origin      length       input sections
--------  ----  ----------  ----------   ----------------
.intvecs   0    00000000    0000026c     
                  00000000    0000026c     tm4c123gh6pm_startup_ccs.obj (.intvecs)

.text      0    0000026c    00006dac     
                  0000026c    00000c80     main.obj (.text)
                  00000eec    00000c20     open_interface.obj (.text)
                  00001b0c    00000a4e     rtsv7M4_T_le_v4SPD16_eabi.lib : _printfi.c.obj (.text:__TI_printfi)
                  0000255a    00000002                                   : _lock.c.obj (.text:_nop)
                  0000255c    000009c0                                   : e_pow.c.obj (.text:pow)
                  00002f1c    00000738                                   : k_rem_pio2.c.obj (.text:__kernel_rem_pio2)
                  00003654    00000508                                   : s_tan.c.obj (.text:tan)
                  00003b5c    00000380     movement.obj (.text)
                  00003edc    00000328     lcd.obj (.text)
                  00004204    00000318     rtsv7M4_T_le_v4SPD16_eabi.lib : k_tan.c.obj (.text:__kernel_tan)
                  0000451c    00000270                                   : _printfi.c.obj (.text:_pconv_a)
                  0000478c    00000260     libcybotScan.lib : cyBot_Scan.obj (.text)
                  000049ec    00000248     Timer.obj (.text)
                  00004c34    000001ec     libcybotScan.lib : ping.obj (.text)
                  00004e20    000001d0     rtsv7M4_T_le_v4SPD16_eabi.lib : _printfi.c.obj (.text:_pconv_g)
                  00004ff0    000001b6                                   : fd_add_t2.asm.obj (.text)
                  000051a6    00000002                                   : div0.asm.obj (.text)
                  000051a8    0000015c     libcybotUART.lib : uart.obj (.text)
                  00005304    00000158     libcybotScan.lib : servo.obj (.text)
                  0000545c    00000158     rtsv7M4_T_le_v4SPD16_eabi.lib : e_sqrt.c.obj (.text:sqrt)
                  000055b4    00000150     puttyHandler.obj (.text)
                  00005704    0000014c     rtsv7M4_T_le_v4SPD16_eabi.lib : vla_alloc.c.obj (.text:__vla_alloc)
                  00005850    0000013c                                   : _printfi.c.obj (.text:_pconv_e)
                  0000598c    00000138     button.obj (.text)
                  00005ac4    00000136     rtsv7M4_T_le_v4SPD16_eabi.lib : fd_div_t2.asm.obj (.text)
                  00005bfa    00000002     --HOLE-- [fill = 0]
                  00005bfc    00000124                                   : _printfi.c.obj (.text:fcvt)
                  00005d20    00000118     libcybotScan.lib : ir.obj (.text)
                  00005e38    00000110     rtsv7M4_T_le_v4SPD16_eabi.lib : s_scalbn.c.obj (.text:scalbn)
                  00005f48    00000100                                   : memory.c.obj (.text:aligned_alloc)
                  00006048    000000fc                                   : fd_mul_t2.asm.obj (.text)
                  00006144    000000f8                                   : s_floor.c.obj (.text:floor)
                  0000623c    000000e4                                   : memory.c.obj (.text:free)
                  00006320    000000e4                                   : memory.c.obj (.text:realloc)
                  00006404    000000b1                                   : _printfi.c.obj (.text:_ltostr)
                  000064b5    00000001     --HOLE-- [fill = 0]
                  000064b6    0000009c                                   : memcpy_t2.asm.obj (.text)
                  00006552    00000096                                   : ull_div_t2.asm.obj (.text)
                  000065e8    00000086                                   : fd_cmp_t2.asm.obj (.text:__aeabi_cdcmple)
                  0000666e    00000086                                   : fd_cmp_t2.asm.obj (.text:__aeabi_cdrcmple)
                  000066f4    0000007a                                   : memset_t2.asm.obj (.text)
                  0000676e    00000002     --HOLE-- [fill = 0]
                  00006770    00000078                                   : vla_alloc.c.obj (.text:_ZN33_INTERNAL_11_vla_alloc_c_be8bd49b21free_dead_allocationsEPv)
                  000067e8    00000070                                   : vla_alloc.c.obj (.text:__vla_dealloc)
                  00006858    00000070                                   : memory.c.obj (.text:split)
                  000068c8    0000006e                                   : _printfi.c.obj (.text:_mcpy)
                  00006936    0000006e                                   : fd_tos_t2.asm.obj (.text)
                  000069a4    00000068                                   : copy_decompress_lzss.c.obj (.text:decompress:lzss:__TI_decompress_lzss)
                  00006a0c    00000064                                   : s_frexp.c.obj (.text:frexp)
                  00006a70    00000056                                   : _printfi.c.obj (.text:_pconv_f)
                  00006ac6    00000054                                   : _ltoa.c.obj (.text:__TI_ltoa)
                  00006b1a    00000052                                   : _printfi.c.obj (.text:_ecpy)
                  00006b6c    0000004c                                   : atoi.c.obj (.text:atoi)
                  00006bb8    00000048                                   : fd_toi_t2.asm.obj (.text)
                  00006c00    00000044                                   : autoinit.c.obj (.text:__TI_auto_init_nobinit_nopinit:__TI_auto_init_nobinit_nopinit)
                  00006c44    00000040                                   : strtok.c.obj (.text:strtok)
                  00006c84    00000040                                   : vsnprintf.c.obj (.text:vsnprintf)
                  00006cc4    0000003e                                   : _printfi.c.obj (.text:_fcpy)
                  00006d02    00000002     --HOLE-- [fill = 0]
                  00006d04    00000038                                   : memory.c.obj (.text:calloc)
                  00006d3c    00000038                                   : fs_tod_t2.asm.obj (.text)
                  00006d74    00000034     driverlib.lib : interrupt.obj (.text:IntRegister)
                  00006da8    00000034     rtsv7M4_T_le_v4SPD16_eabi.lib : boot_cortex_m.c.obj (.text:_c_int00_noargs:_c_int00_noargs)
                  00006ddc    00000030                                   : vsnprintf.c.obj (.text:_outs)
                  00006e0c    0000002e                                   : i_tofd_t2.asm.obj (.text)
                  00006e3a    0000002a                                   : strspn.c.obj (.text:strspn)
                  00006e64    00000028                                   : memory.c.obj (.text:free_list_insert)
                  00006e8c    00000024                                   : strcspn.c.obj (.text:strcspn)
                  00006eb0    0000001c                                   : copy_zero_init.c.obj (.text:decompress:ZI:__TI_zero_init_nomemset:__TI_zero_init_nomemset)
                  00006ecc    0000001c                                   : memory.c.obj (.text:free_list_remove)
                  00006ee8    0000001c                                   : memccpy.c.obj (.text:memccpy)
                  00006f04    0000001a                                   : s_copysign.c.obj (.text:copysign)
                  00006f1e    00000018                                   : vsnprintf.c.obj (.text:_outc)
                  00006f36    00000018     open_interface.obj (.text:oi_parseInt)
                  00006f4e    00000018     rtsv7M4_T_le_v4SPD16_eabi.lib : strcmp.c.obj (.text:strcmp)
                  00006f66    00000016                                   : strchr.c.obj (.text:strchr)
                  00006f7c    00000014                                   : strcpy.c.obj (.text:strcpy)
                  00006f90    00000014                                   : strlen.c.obj (.text:strlen)
                  00006fa4    00000012                                   : wcslen.c.obj (.text:wcslen)
                  00006fb6    00000010     driverlib.lib : interrupt.obj (.text:IntMasterEnable)
                  00006fc6    00000010     lcd.obj (.text:lcd_clear)
                  00006fd6    0000000e     rtsv7M4_T_le_v4SPD16_eabi.lib : copy_decompress_none.c.obj (.text:decompress:none:__TI_decompress_none)
                  00006fe4    0000000c     driverlib.lib : cpu.obj (.text:CPUcpsie)
                  00006ff0    0000000c     tm4c123gh6pm_startup_ccs.obj (.text)
                  00006ffc    00000008     rtsv7M4_T_le_v4SPD16_eabi.lib : errno.c.obj (.text:__aeabi_errno_addr)
                  00007004    00000008                                   : memory.c.obj (.text:malloc)
                  0000700c    00000004                                   : error.c.obj (.text:__abort_execution)
                  00007010    00000004                                   : pre_init.c.obj (.text:_system_pre_init)
                  00007014    00000004                                   : exit.c.obj (.text:abort:abort)

.const     0    00007018    0000033b     
                  00007018    00000158     rtsv7M4_T_le_v4SPD16_eabi.lib : k_rem_pio2.c.obj (.const:$O1$$)
                  00007170    00000101                                   : ctype.c.obj (.const:.string:_ctypes_)
                  00007271    00000004     lcd.obj (.const:.string:lineAddress$1)
                  00007275    00000003     --HOLE-- [fill = 0]
                  00007278    00000080     rtsv7M4_T_le_v4SPD16_eabi.lib : k_tan.c.obj (.const:xxx)
                  000072f8    00000030                                   : e_pow.c.obj (.const:$O1$$)
                  00007328    00000018     data.obj (.const)
                  00007340    0000000f     open_interface.obj (.const:.string:$P$T0$3)
                  0000734f    00000004     lcd.obj (.const:.string:lineAddresses$2)

.cinit     0    00007358    00000050     
                  00007358    00000019     (.cinit..data.load) [load image, compression = lzss]
                  00007371    00000003     --HOLE-- [fill = 0]
                  00007374    0000000c     (__TI_handler_table)
                  00007380    00000008     (.cinit..bss.load) [load image, compression = zero_init]
                  00007388    00000008     (.cinit..vtable.load) [load image, compression = zero_init]
                  00007390    00000018     (__TI_cinit_table)

.init_array 
*          0    00000000    00000000     UNINITIALIZED

.vtable    0    20000000    0000026c     UNINITIALIZED
                  20000000    0000026c     driverlib.lib : interrupt.obj (.vtable)

.stack     0    20000270    00001000     UNINITIALIZED
                  20000270    00000004     rtsv7M4_T_le_v4SPD16_eabi.lib : boot_cortex_m.c.obj (.stack)
                  20000274    00000ffc     --HOLE--

.sysmem    0    20001270    00001000     UNINITIALIZED
                  20001270    00000010     rtsv7M4_T_le_v4SPD16_eabi.lib : memory.c.obj (.sysmem)
                  20001280    00000ff0     --HOLE--

.bss       0    20002270    000000d5     UNINITIALIZED
                  20002270    00000054     lcd.obj (.bss:lastbuffer$3)
                  200022c4    00000034     (.common:isr_char_buffer)
                  200022f8    00000018     open_interface.obj (.bss:firmware$2)
                  20002310    00000010     (.common:smallest)
                  20002320    00000008     (.common:scanData)
                  20002328    00000004     (.common:_timeout_ticks)
                  2000232c    00000004     (.common:fallingEdge)
                  20002330    00000004     (.common:isr_int_value)
                  20002334    00000004     (.common:left_calibration_value)
                  20002338    00000004     (.common:pulseLength)
                  2000233c    00000004     (.common:right_calibration_value)
                  20002340    00000004     (.common:risingEdge)
                  20002344    00000001     (.common:isRisingEdge)

.data      0    20002348    0000004a     UNINITIALIZED
                  20002348    00000020     open_interface.obj (.data)
                  20002368    00000008     rtsv7M4_T_le_v4SPD16_eabi.lib : _lock.c.obj (.data:$O1$$)
                  20002370    00000008                                   : memory.c.obj (.data:$O1$$)
                  20002378    00000004     data.obj (.data)
                  2000237c    00000004     libcybotScan.lib : cyBot_Scan.obj (.data)
                  20002380    00000004     libcybotUART.lib : uart.obj (.data)
                  20002384    00000004     rtsv7M4_T_le_v4SPD16_eabi.lib : errno.c.obj (.data)
                  20002388    00000004                                   : strtok.c.obj (.data)
                  2000238c    00000004                                   : vla_alloc.c.obj (.data)
                  20002390    00000001     Timer.obj (.data)
                  20002391    00000001     button.obj (.data)

__llvm_prf_cnts 
*          0    20000000    00000000     UNINITIALIZED

MODULE SUMMARY

       Module                         code    ro data   rw data
       ------                         ----    -------   -------
    .\
       main.obj                       3200    0         32     
       open_interface.obj             3128    15        56     
       lcd.obj                        824     8         84     
       movement.obj                   896     0         0      
       tm4c123gh6pm_startup_ccs.obj   12      620       0      
       Timer.obj                      584     0         5      
       puttyHandler.obj               336     0         0      
       button.obj                     312     0         1      
       data.obj                       0       24        4      
    +--+------------------------------+-------+---------+---------+
       Total:                         9292    667       182    
                                                               
    ../libcybotScan.lib
       cyBot_Scan.obj                 608     0         4      
       ping.obj                       492     0         13     
       servo.obj                      344     0         0      
       ir.obj                         280     0         4      
    +--+------------------------------+-------+---------+---------+
       Total:                         1724    0         21     
                                                               
    ../libcybotUART.lib
       uart.obj                       348     0         56     
    +--+------------------------------+-------+---------+---------+
       Total:                         348     0         56     
                                                               
    C:/ti/TivaWare_C_Series-2.1.4.178/driverlib/ccs/Debug/driverlib.lib
       interrupt.obj                  68      0         620    
       cpu.obj                        12      0         0      
    +--+------------------------------+-------+---------+---------+
       Total:                         80      0         620    
                                                               
    C:\ti\ccs1031\ccs\tools\compiler\ti-cgt-arm_20.2.4.LTS\lib\rtsv7M4_T_le_v4SPD16_eabi.lib
       _printfi.c.obj                 4851    0         0      
       e_pow.c.obj                    2496    48        0      
       k_rem_pio2.c.obj               1848    344       0      
       s_tan.c.obj                    1288    0         0      
       memory.c.obj                   956     0         8      
       k_tan.c.obj                    792     128       0      
       vla_alloc.c.obj                564     0         4      
       fd_add_t2.asm.obj              438     0         0      
       e_sqrt.c.obj                   344     0         0      
       fd_div_t2.asm.obj              310     0         0      
       s_scalbn.c.obj                 272     0         0      
       fd_cmp_t2.asm.obj              268     0         0      
       ctype.c.obj                    0       257       0      
       fd_mul_t2.asm.obj              252     0         0      
       s_floor.c.obj                  248     0         0      
       memcpy_t2.asm.obj              156     0         0      
       ull_div_t2.asm.obj             150     0         0      
       vsnprintf.c.obj                136     0         0      
       memset_t2.asm.obj              122     0         0      
       fd_tos_t2.asm.obj              110     0         0      
       copy_decompress_lzss.c.obj     104     0         0      
       s_frexp.c.obj                  100     0         0      
       _ltoa.c.obj                    84      0         0      
       atoi.c.obj                     76      0         0      
       fd_toi_t2.asm.obj              72      0         0      
       autoinit.c.obj                 68      0         0      
       strtok.c.obj                   64      0         4      
       fs_tod_t2.asm.obj              56      0         0      
       boot_cortex_m.c.obj            52      0         0      
       i_tofd_t2.asm.obj              46      0         0      
       strspn.c.obj                   42      0         0      
       strcspn.c.obj                  36      0         0      
       copy_zero_init.c.obj           28      0         0      
       memccpy.c.obj                  28      0         0      
       s_copysign.c.obj               26      0         0      
       strcmp.c.obj                   24      0         0      
       strchr.c.obj                   22      0         0      
       strcpy.c.obj                   20      0         0      
       strlen.c.obj                   20      0         0      
       wcslen.c.obj                   18      0         0      
       copy_decompress_none.c.obj     14      0         0      
       errno.c.obj                    8       0         4      
       _lock.c.obj                    2       0         8      
       error.c.obj                    4       0         0      
       exit.c.obj                     4       0         0      
       pre_init.c.obj                 4       0         0      
       div0.asm.obj                   2       0         0      
    +--+------------------------------+-------+---------+---------+
       Total:                         16625   777       28     
                                                               
       Heap:                          0       0         4096   
       Stack:                         0       0         4096   
       Linker Generated:              0       77        0      
    +--+------------------------------+-------+---------+---------+
       Grand Total:                   28069   1521      9099   


LINKER GENERATED COPY TABLES

__TI_cinit_table @ 00007390 records: 3, size/record: 8, table size: 24
	.data: load addr=00007358, load size=00000019 bytes, run addr=20002348, run size=0000004a bytes, compression=lzss
	.bss: load addr=00007380, load size=00000008 bytes, run addr=20002270, run size=000000d5 bytes, compression=zero_init
	.vtable: load addr=00007388, load size=00000008 bytes, run addr=20000000, run size=0000026c bytes, compression=zero_init


LINKER GENERATED HANDLER TABLE

__TI_handler_table @ 00007374 records: 3, size/record: 4, table size: 12
	index: 0, handler: __TI_zero_init
	index: 1, handler: __TI_decompress_lzss
	index: 2, handler: __TI_decompress_none


GLOBAL SYMBOLS: SORTED ALPHABETICALLY BY Name 

address   name                          
-------   ----                          
00005db9  ADC0SS0_Handler               
00007015  C$$EXIT                       
00006fe5  CPUcpsie                      
00001843  GPIOF_Handler                 
00007330  INT_ARR_DIGITS                
00006fb7  IntMasterEnable               
00006d75  IntRegister                   
0000733c  MAX_COMMAND_LEN               
00007338  MAX_OBJECTS                   
00006ff1  ResetISR                      
0000732c  SCAN_LEFT                     
00007328  SCAN_RIGHT                    
00007334  SEND_FLOAT_DECIMAL_PLACES     
00004d25  TIMER3B_Handler               
20001270  __STACK_END                   
00001000  __STACK_SIZE                  
20000470  __STACK_TOP                   
00001000  __SYSMEM_SIZE                 
00007390  __TI_CINIT_Base               
000073a8  __TI_CINIT_Limit              
00007374  __TI_Handler_Table_Base       
00007380  __TI_Handler_Table_Limit      
00006c01  __TI_auto_init_nobinit_nopinit
000069a5  __TI_decompress_lzss          
00006fd7  __TI_decompress_none          
00006ac7  __TI_ltoa                     
ffffffff  __TI_pprof_out_hndl           
00001b0d  __TI_printfi                  
ffffffff  __TI_prof_data_size           
ffffffff  __TI_prof_data_start          
00000000  __TI_static_base__            
00006eb1  __TI_zero_init_nomemset       
0000700d  __abort_execution             
000065e9  __aeabi_cdcmpeq               
000065e9  __aeabi_cdcmple               
0000666f  __aeabi_cdrcmple              
00006937  __aeabi_d2f                   
00006bb9  __aeabi_d2iz                  
00004ffb  __aeabi_dadd                  
00005ac5  __aeabi_ddiv                  
00006049  __aeabi_dmul                  
00004ff1  __aeabi_dsub                  
00006ffd  __aeabi_errno_addr            
00006d3d  __aeabi_f2d                   
00006e0d  __aeabi_i2d                   
000051a7  __aeabi_idiv0                 
000051a7  __aeabi_ldiv0                 
000066f5  __aeabi_memclr                
000066f5  __aeabi_memclr4               
000066f5  __aeabi_memclr8               
000064b7  __aeabi_memcpy                
000064b7  __aeabi_memcpy4               
000064b7  __aeabi_memcpy8               
000066f7  __aeabi_memset                
000066f7  __aeabi_memset4               
000066f7  __aeabi_memset8               
00006553  __aeabi_uldivmod              
ffffffff  __binit__                     
ffffffff  __c_args__                    
00002f1d  __kernel_rem_pio2             
00004205  __kernel_tan                  
UNDEFED   __mpu_init                    
20000270  __stack                       
20000000  __start___llvm_prf_cnts       
20000000  __stop___llvm_prf_cnts        
00005705  __vla_alloc                   
000067e9  __vla_dealloc                 
00006da9  _c_int00_noargs               
00007170  _ctypes_                      
20002368  _lock                         
0000255b  _nop                          
20002390  _running                      
20001270  _sys_memory                   
UNDEFED   _system_post_cinit            
00007011  _system_pre_init              
20002328  _timeout_ticks                
2000236c  _unlock                       
00007015  abort                         
00005f49  aligned_alloc                 
00006b6d  atoi                          
ffffffff  binit                         
00003b5d  bumpLeft                      
00003ba9  bumpRight                     
000059c1  button_getButton              
00005a03  button_getButtonWait          
0000598d  button_init                   
00006d05  calloc                        
00006f05  copysign                      
00006f05  copysignl                     
00004865  cyBOT_SERVO_cal               
000047f3  cyBOT_Scan                    
0000479b  cyBOT_init_Scan               
2000237c  cyBOT_scan_features           
0000478d  cyBOT_scan_version            
000052b1  cyBot_UART1_Handler           
00005297  cyBot_getByte                 
000051a9  cyBot_sendByte                
00005279  cyBot_uart_flush              
000051e7  cyBot_uart_init               
000051cf  cyBot_uart_sendBuffer         
000051b5  cyBot_uart_sendStr            
20002384  errno                         
2000232c  fallingEdge                   
00006145  floor                         
00006145  floorl                        
0000623d  free                          
00006a0d  frexp                         
00006a0d  frexpl                        
20000000  g_pfnRAMVectors               
00000000  g_pfnVectors                  
000015ff  go_charge                     
00005dcf  ir_enableInterrupt            
00005db1  ir_getDistance                
00005d89  ir_getValue                   
00005d21  ir_init                       
20002344  isRisingEdge                  
200022c4  isr_char_buffer               
20002380  isr_counter                   
20002330  isr_int_value                 
00006fc7  lcd_clear                     
000040b1  lcd_gotoLine                  
00003f19  lcd_init                      
00004117  lcd_printf                    
00003fd9  lcd_putc                      
00004011  lcd_puts                      
00003edd  lcd_reverseNibble             
0000402f  lcd_sendCommand               
0000406d  lcd_sendNibble                
000040d9  lcd_setCursorPos              
00005e39  ldexp                         
00005e39  ldexpl                        
20002334  left_calibration_value        
00000c2d  main                          
00007005  malloc                        
00005f49  memalign                      
00006ee9  memccpy                       
000064b7  memcpy                        
000066fd  memset                        
20002348  motor_cal_factor_L            
2000234c  motor_cal_factor_R            
00003d95  move_backward                 
00003d21  move_forward                  
00003e1d  move_square                   
20002378  object_num                    
00000eed  oi_alloc                      
00001729  oi_checkFirmware              
00000f47  oi_close                      
00000ef9  oi_free                       
00001a6d  oi_getMotorCalibrationLeft    
00001a81  oi_getMotorCalibrationRight   
00000f31  oi_init                       
00000f09  oi_init_noupdate              
00001595  oi_loadSong                   
00006f37  oi_parseInt                   
00000fab  oi_parsePacket                
000015eb  oi_play_song                  
000014cb  oi_setLeds                    
00001a31  oi_setMotorCalibration        
0000150f  oi_setWheels                  
000017d1  oi_shutoff_init               
0000160d  oi_uartInit                   
000016b1  oi_uartReceive                
000016f7  oi_uartSendBuff               
00001695  oi_uartSendChar               
000016d9  oi_uartSendStr                
00000f59  oi_update                     
0000089d  parse                         
00004d77  ping_getDistance              
00004c35  ping_init                     
00004cbb  ping_trigger                  
0000255d  pow                           
0000255d  powl                          
20002338  pulseLength                   
00006321  realloc                       
2000233c  right_calibration_value       
20002340  risingEdge                    
00005e39  scalbn                        
00005e39  scalbnl                       
0000037d  scan                          
20002320  scanData                      
0000562f  sendFloat                     
000055b5  sendInt                       
00005697  sendMessage                   
00005305  servo_init                    
00005395  servo_move                    
000053f5  servo_setPWM                  
00005389  servo_stop                    
20002310  smallest                      
0000026d  smallestObject                
0000545d  sqrt                          
0000545d  sqrtl                         
00006f67  strchr                        
00006f4f  strcmp                        
00006f7d  strcpy                        
00006e8d  strcspn                       
00006f91  strlen                        
00006e3b  strspn                        
00006c45  strtok                        
00003655  tan                           
00003655  tanl                          
00004b0b  timer_getMicros               
00004ab3  timer_getMillis               
000049ed  timer_init                    
00004a8f  timer_pause                   
00004aa1  timer_resume                  
00004a65  timer_stop                    
00004b65  timer_waitMicros              
00004b97  timer_waitMillis              
00003bf5  turn_left                     
00003c89  turn_right                    
00006c85  vsnprintf                     
00006fa5  wcslen                        


GLOBAL SYMBOLS: SORTED BY Symbol Address 

address   name                          
-------   ----                          
00000000  __TI_static_base__            
00000000  g_pfnVectors                  
0000026d  smallestObject                
0000037d  scan                          
0000089d  parse                         
00000c2d  main                          
00000eed  oi_alloc                      
00000ef9  oi_free                       
00000f09  oi_init_noupdate              
00000f31  oi_init                       
00000f47  oi_close                      
00000f59  oi_update                     
00000fab  oi_parsePacket                
00001000  __STACK_SIZE                  
00001000  __SYSMEM_SIZE                 
000014cb  oi_setLeds                    
0000150f  oi_setWheels                  
00001595  oi_loadSong                   
000015eb  oi_play_song                  
000015ff  go_charge                     
0000160d  oi_uartInit                   
00001695  oi_uartSendChar               
000016b1  oi_uartReceive                
000016d9  oi_uartSendStr                
000016f7  oi_uartSendBuff               
00001729  oi_checkFirmware              
000017d1  oi_shutoff_init               
00001843  GPIOF_Handler                 
00001a31  oi_setMotorCalibration        
00001a6d  oi_getMotorCalibrationLeft    
00001a81  oi_getMotorCalibrationRight   
00001b0d  __TI_printfi                  
0000255b  _nop                          
0000255d  pow                           
0000255d  powl                          
00002f1d  __kernel_rem_pio2             
00003655  tan                           
00003655  tanl                          
00003b5d  bumpLeft                      
00003ba9  bumpRight                     
00003bf5  turn_left                     
00003c89  turn_right                    
00003d21  move_forward                  
00003d95  move_backward                 
00003e1d  move_square                   
00003edd  lcd_reverseNibble             
00003f19  lcd_init                      
00003fd9  lcd_putc                      
00004011  lcd_puts                      
0000402f  lcd_sendCommand               
0000406d  lcd_sendNibble                
000040b1  lcd_gotoLine                  
000040d9  lcd_setCursorPos              
00004117  lcd_printf                    
00004205  __kernel_tan                  
0000478d  cyBOT_scan_version            
0000479b  cyBOT_init_Scan               
000047f3  cyBOT_Scan                    
00004865  cyBOT_SERVO_cal               
000049ed  timer_init                    
00004a65  timer_stop                    
00004a8f  timer_pause                   
00004aa1  timer_resume                  
00004ab3  timer_getMillis               
00004b0b  timer_getMicros               
00004b65  timer_waitMicros              
00004b97  timer_waitMillis              
00004c35  ping_init                     
00004cbb  ping_trigger                  
00004d25  TIMER3B_Handler               
00004d77  ping_getDistance              
00004ff1  __aeabi_dsub                  
00004ffb  __aeabi_dadd                  
000051a7  __aeabi_idiv0                 
000051a7  __aeabi_ldiv0                 
000051a9  cyBot_sendByte                
000051b5  cyBot_uart_sendStr            
000051cf  cyBot_uart_sendBuffer         
000051e7  cyBot_uart_init               
00005279  cyBot_uart_flush              
00005297  cyBot_getByte                 
000052b1  cyBot_UART1_Handler           
00005305  servo_init                    
00005389  servo_stop                    
00005395  servo_move                    
000053f5  servo_setPWM                  
0000545d  sqrt                          
0000545d  sqrtl                         
000055b5  sendInt                       
0000562f  sendFloat                     
00005697  sendMessage                   
00005705  __vla_alloc                   
0000598d  button_init                   
000059c1  button_getButton              
00005a03  button_getButtonWait          
00005ac5  __aeabi_ddiv                  
00005d21  ir_init                       
00005d89  ir_getValue                   
00005db1  ir_getDistance                
00005db9  ADC0SS0_Handler               
00005dcf  ir_enableInterrupt            
00005e39  ldexp                         
00005e39  ldexpl                        
00005e39  scalbn                        
00005e39  scalbnl                       
00005f49  aligned_alloc                 
00005f49  memalign                      
00006049  __aeabi_dmul                  
00006145  floor                         
00006145  floorl                        
0000623d  free                          
00006321  realloc                       
000064b7  __aeabi_memcpy                
000064b7  __aeabi_memcpy4               
000064b7  __aeabi_memcpy8               
000064b7  memcpy                        
00006553  __aeabi_uldivmod              
000065e9  __aeabi_cdcmpeq               
000065e9  __aeabi_cdcmple               
0000666f  __aeabi_cdrcmple              
000066f5  __aeabi_memclr                
000066f5  __aeabi_memclr4               
000066f5  __aeabi_memclr8               
000066f7  __aeabi_memset                
000066f7  __aeabi_memset4               
000066f7  __aeabi_memset8               
000066fd  memset                        
000067e9  __vla_dealloc                 
00006937  __aeabi_d2f                   
000069a5  __TI_decompress_lzss          
00006a0d  frexp                         
00006a0d  frexpl                        
00006ac7  __TI_ltoa                     
00006b6d  atoi                          
00006bb9  __aeabi_d2iz                  
00006c01  __TI_auto_init_nobinit_nopinit
00006c45  strtok                        
00006c85  vsnprintf                     
00006d05  calloc                        
00006d3d  __aeabi_f2d                   
00006d75  IntRegister                   
00006da9  _c_int00_noargs               
00006e0d  __aeabi_i2d                   
00006e3b  strspn                        
00006e8d  strcspn                       
00006eb1  __TI_zero_init_nomemset       
00006ee9  memccpy                       
00006f05  copysign                      
00006f05  copysignl                     
00006f37  oi_parseInt                   
00006f4f  strcmp                        
00006f67  strchr                        
00006f7d  strcpy                        
00006f91  strlen                        
00006fa5  wcslen                        
00006fb7  IntMasterEnable               
00006fc7  lcd_clear                     
00006fd7  __TI_decompress_none          
00006fe5  CPUcpsie                      
00006ff1  ResetISR                      
00006ffd  __aeabi_errno_addr            
00007005  malloc                        
0000700d  __abort_execution             
00007011  _system_pre_init              
00007015  C$$EXIT                       
00007015  abort                         
00007170  _ctypes_                      
00007328  SCAN_RIGHT                    
0000732c  SCAN_LEFT                     
00007330  INT_ARR_DIGITS                
00007334  SEND_FLOAT_DECIMAL_PLACES     
00007338  MAX_OBJECTS                   
0000733c  MAX_COMMAND_LEN               
00007374  __TI_Handler_Table_Base       
00007380  __TI_Handler_Table_Limit      
00007390  __TI_CINIT_Base               
000073a8  __TI_CINIT_Limit              
20000000  __start___llvm_prf_cnts       
20000000  __stop___llvm_prf_cnts        
20000000  g_pfnRAMVectors               
20000270  __stack                       
20000470  __STACK_TOP                   
20001270  __STACK_END                   
20001270  _sys_memory                   
200022c4  isr_char_buffer               
20002310  smallest                      
20002320  scanData                      
20002328  _timeout_ticks                
2000232c  fallingEdge                   
20002330  isr_int_value                 
20002334  left_calibration_value        
20002338  pulseLength                   
2000233c  right_calibration_value       
20002340  risingEdge                    
20002344  isRisingEdge                  
20002348  motor_cal_factor_L            
2000234c  motor_cal_factor_R            
20002368  _lock                         
2000236c  _unlock                       
20002378  object_num                    
2000237c  cyBOT_scan_features           
20002380  isr_counter                   
20002384  errno                         
20002390  _running                      
ffffffff  __TI_pprof_out_hndl           
ffffffff  __TI_prof_data_size           
ffffffff  __TI_prof_data_start          
ffffffff  __binit__                     
ffffffff  __c_args__                    
ffffffff  binit                         
UNDEFED   __mpu_init                    
UNDEFED   _system_post_cinit            

[212 symbols]
