******************************************************************************
                  TI ARM Linker PC v20.2.4                     
******************************************************************************
>> Linked Wed Feb 23 13:53:25 2022

OUTPUT FILE NAME:   <Lab5.out>
ENTRY POINT SYMBOL: "_c_int00_noargs"  address: 00006f05


MEMORY CONFIGURATION

         name            origin    length      used     unused   attr    fill
----------------------  --------  ---------  --------  --------  ----  --------
  FLASH                 00000000   00040000  00007507  00038af9  R  X
  SRAM                  20000000   00008000  00002357  00005ca9  RW X


SEGMENT ALLOCATION MAP

run origin  load origin   length   init length attrs members
----------  ----------- ---------- ----------- ----- -------
00000000    00000000    00007510   00007510    r-x
  00000000    00000000    0000026c   0000026c    r-- .intvecs
  0000026c    0000026c    00006f08   00006f08    r-x .text
  00007178    00007178    0000033b   0000033b    r-- .const
  000074b8    000074b8    00000058   00000058    r-- .cinit
20000000    20000000    0000235e   00000000    rw-
  20000000    20000000    0000026c   00000000    rw- .vtable
  20000270    20000270    00001000   00000000    rw- .stack
  20001270    20001270    00001000   00000000    rw- .sysmem
  20002270    20002270    000000a1   00000000    rw- .bss
  20002314    20002314    0000004a   00000000    rw- .data


SECTION ALLOCATION MAP

 output                                  attributes/
section   page    origin      length       input sections
--------  ----  ----------  ----------   ----------------
.intvecs   0    00000000    0000026c     
                  00000000    0000026c     tm4c123gh6pm_startup_ccs.obj (.intvecs)

.text      0    0000026c    00006f08     
                  0000026c    00000db8     main.obj (.text)
                  00001024    00000c20     open_interface.obj (.text)
                  00001c44    00000a4e     rtsv7M4_T_le_v4SPD16_eabi.lib : _printfi.c.obj (.text:__TI_printfi)
                  00002692    00000002                                   : _lock.c.obj (.text:_nop)
                  00002694    000009c0                                   : e_pow.c.obj (.text:pow)
                  00003054    00000738                                   : k_rem_pio2.c.obj (.text:__kernel_rem_pio2)
                  0000378c    00000508                                   : s_tan.c.obj (.text:tan)
                  00003c94    000003d8     movement.obj (.text)
                  0000406c    00000328     lcd.obj (.text)
                  00004394    00000318     rtsv7M4_T_le_v4SPD16_eabi.lib : k_tan.c.obj (.text:__kernel_tan)
                  000046ac    00000278     uart.obj (.text)
                  00004924    00000270     rtsv7M4_T_le_v4SPD16_eabi.lib : _printfi.c.obj (.text:_pconv_a)
                  00004b94    00000260     libcybotScan.lib : cyBot_Scan.obj (.text)
                  00004df4    00000248     Timer.obj (.text)
                  0000503c    000001ec     libcybotScan.lib : ping.obj (.text)
                  00005228    000001d0     rtsv7M4_T_le_v4SPD16_eabi.lib : _printfi.c.obj (.text:_pconv_g)
                  000053f8    000001b6                                   : fd_add_t2.asm.obj (.text)
                  000055ae    00000002                                   : div0.asm.obj (.text)
                  000055b0    00000158     libcybotScan.lib : servo.obj (.text)
                  00005708    00000158     rtsv7M4_T_le_v4SPD16_eabi.lib : e_sqrt.c.obj (.text:sqrt)
                  00005860    0000014c                                   : vla_alloc.c.obj (.text:__vla_alloc)
                  000059ac    0000013c                                   : _printfi.c.obj (.text:_pconv_e)
                  00005ae8    00000138     button.obj (.text)
                  00005c20    00000136     rtsv7M4_T_le_v4SPD16_eabi.lib : fd_div_t2.asm.obj (.text)
                  00005d56    00000002     --HOLE-- [fill = 0]
                  00005d58    00000124                                   : _printfi.c.obj (.text:fcvt)
                  00005e7c    00000118     libcybotScan.lib : ir.obj (.text)
                  00005f94    00000110     rtsv7M4_T_le_v4SPD16_eabi.lib : s_scalbn.c.obj (.text:scalbn)
                  000060a4    00000100                                   : memory.c.obj (.text:aligned_alloc)
                  000061a4    000000fc                                   : fd_mul_t2.asm.obj (.text)
                  000062a0    000000f8                                   : s_floor.c.obj (.text:floor)
                  00006398    000000e4                                   : memory.c.obj (.text:free)
                  0000647c    000000e4                                   : memory.c.obj (.text:realloc)
                  00006560    000000b1                                   : _printfi.c.obj (.text:_ltostr)
                  00006611    00000001     --HOLE-- [fill = 0]
                  00006612    0000009c                                   : memcpy_t2.asm.obj (.text)
                  000066ae    00000096                                   : ull_div_t2.asm.obj (.text)
                  00006744    00000086                                   : fd_cmp_t2.asm.obj (.text:__aeabi_cdcmple)
                  000067ca    00000086                                   : fd_cmp_t2.asm.obj (.text:__aeabi_cdrcmple)
                  00006850    0000007a                                   : memset_t2.asm.obj (.text)
                  000068ca    00000002     --HOLE-- [fill = 0]
                  000068cc    00000078                                   : vla_alloc.c.obj (.text:_ZN33_INTERNAL_11_vla_alloc_c_be8bd49b21free_dead_allocationsEPv)
                  00006944    00000070                                   : vla_alloc.c.obj (.text:__vla_dealloc)
                  000069b4    00000070                                   : memory.c.obj (.text:split)
                  00006a24    0000006e                                   : _printfi.c.obj (.text:_mcpy)
                  00006a92    0000006e                                   : fd_tos_t2.asm.obj (.text)
                  00006b00    00000068                                   : copy_decompress_lzss.c.obj (.text:decompress:lzss:__TI_decompress_lzss)
                  00006b68    00000064                                   : s_frexp.c.obj (.text:frexp)
                  00006bcc    00000056                                   : _printfi.c.obj (.text:_pconv_f)
                  00006c22    00000054                                   : _ltoa.c.obj (.text:__TI_ltoa)
                  00006c76    00000052                                   : _printfi.c.obj (.text:_ecpy)
                  00006cc8    0000004c                                   : atoi.c.obj (.text:atoi)
                  00006d14    00000048                                   : fd_toi_t2.asm.obj (.text)
                  00006d5c    00000044                                   : autoinit.c.obj (.text:__TI_auto_init_nobinit_nopinit:__TI_auto_init_nobinit_nopinit)
                  00006da0    00000040                                   : strtok.c.obj (.text:strtok)
                  00006de0    00000040                                   : vsnprintf.c.obj (.text:vsnprintf)
                  00006e20    0000003e                                   : _printfi.c.obj (.text:_fcpy)
                  00006e5e    00000002     --HOLE-- [fill = 0]
                  00006e60    00000038                                   : memory.c.obj (.text:calloc)
                  00006e98    00000038                                   : fs_tod_t2.asm.obj (.text)
                  00006ed0    00000034     driverlib.lib : interrupt.obj (.text:IntRegister)
                  00006f04    00000034     rtsv7M4_T_le_v4SPD16_eabi.lib : boot_cortex_m.c.obj (.text:_c_int00_noargs:_c_int00_noargs)
                  00006f38    00000030                                   : vsnprintf.c.obj (.text:_outs)
                  00006f68    0000002e                                   : i_tofd_t2.asm.obj (.text)
                  00006f96    0000002a                                   : strspn.c.obj (.text:strspn)
                  00006fc0    00000028                                   : memory.c.obj (.text:free_list_insert)
                  00006fe8    00000024                                   : strcspn.c.obj (.text:strcspn)
                  0000700c    0000001c                                   : copy_zero_init.c.obj (.text:decompress:ZI:__TI_zero_init_nomemset:__TI_zero_init_nomemset)
                  00007028    0000001c                                   : memory.c.obj (.text:free_list_remove)
                  00007044    0000001c                                   : memccpy.c.obj (.text:memccpy)
                  00007060    0000001a                                   : s_copysign.c.obj (.text:copysign)
                  0000707a    00000018                                   : vsnprintf.c.obj (.text:_outc)
                  00007092    00000018     open_interface.obj (.text:oi_parseInt)
                  000070aa    00000018     rtsv7M4_T_le_v4SPD16_eabi.lib : strcmp.c.obj (.text:strcmp)
                  000070c2    00000016                                   : strchr.c.obj (.text:strchr)
                  000070d8    00000014                                   : strcpy.c.obj (.text:strcpy)
                  000070ec    00000014                                   : strlen.c.obj (.text:strlen)
                  00007100    00000012                                   : wcslen.c.obj (.text:wcslen)
                  00007112    00000010     driverlib.lib : interrupt.obj (.text:IntMasterEnable)
                  00007122    00000010     lcd.obj (.text:lcd_clear)
                  00007132    0000000e     rtsv7M4_T_le_v4SPD16_eabi.lib : copy_decompress_none.c.obj (.text:decompress:none:__TI_decompress_none)
                  00007140    0000000c     driverlib.lib : cpu.obj (.text:CPUcpsie)
                  0000714c    0000000c     tm4c123gh6pm_startup_ccs.obj (.text)
                  00007158    00000008     rtsv7M4_T_le_v4SPD16_eabi.lib : errno.c.obj (.text:__aeabi_errno_addr)
                  00007160    00000008                                   : memory.c.obj (.text:malloc)
                  00007168    00000004                                   : error.c.obj (.text:__abort_execution)
                  0000716c    00000004                                   : pre_init.c.obj (.text:_system_pre_init)
                  00007170    00000004                                   : exit.c.obj (.text:abort:abort)

.const     0    00007178    0000033b     
                  00007178    00000158     rtsv7M4_T_le_v4SPD16_eabi.lib : k_rem_pio2.c.obj (.const:$O1$$)
                  000072d0    00000101                                   : ctype.c.obj (.const:.string:_ctypes_)
                  000073d1    00000004     lcd.obj (.const:.string:lineAddress$1)
                  000073d5    00000003     --HOLE-- [fill = 0]
                  000073d8    00000080     rtsv7M4_T_le_v4SPD16_eabi.lib : k_tan.c.obj (.const:xxx)
                  00007458    00000030                                   : e_pow.c.obj (.const:$O1$$)
                  00007488    00000018     data.obj (.const)
                  000074a0    0000000f     open_interface.obj (.const:.string:$P$T0$3)
                  000074af    00000004     lcd.obj (.const:.string:lineAddresses$2)

.cinit     0    000074b8    00000058     
                  000074b8    0000001f     (.cinit..data.load) [load image, compression = lzss]
                  000074d7    00000001     --HOLE-- [fill = 0]
                  000074d8    0000000c     (__TI_handler_table)
                  000074e4    00000004     --HOLE-- [fill = 0]
                  000074e8    00000008     (.cinit..bss.load) [load image, compression = zero_init]
                  000074f0    00000008     (.cinit..vtable.load) [load image, compression = zero_init]
                  000074f8    00000018     (__TI_cinit_table)

.init_array 
*          0    00000000    00000000     UNINITIALIZED

.vtable    0    20000000    0000026c     UNINITIALIZED
                  20000000    0000026c     driverlib.lib : interrupt.obj (.vtable)

.stack     0    20000270    00001000     UNINITIALIZED
                  20000270    00000004     rtsv7M4_T_le_v4SPD16_eabi.lib : boot_cortex_m.c.obj (.stack)
                  20000274    00000ffc     --HOLE--

.sysmem    0    20001270    00001000     UNINITIALIZED
                  20001270    00000010     rtsv7M4_T_le_v4SPD16_eabi.lib : memory.c.obj (.sysmem)
                  20001280    00000ff0     --HOLE--

.bss       0    20002270    000000a1     UNINITIALIZED
                  20002270    00000054     lcd.obj (.bss:lastbuffer$3)
                  200022c4    00000018     open_interface.obj (.bss:firmware$2)
                  200022dc    00000010     (.common:smallest)
                  200022ec    00000008     (.common:scanData)
                  200022f4    00000004     (.common:_timeout_ticks)
                  200022f8    00000004     (.common:fallingEdge)
                  200022fc    00000004     (.common:isr_int_value)
                  20002300    00000004     (.common:left_calibration_value)
                  20002304    00000004     (.common:pulseLength)
                  20002308    00000004     (.common:right_calibration_value)
                  2000230c    00000004     (.common:risingEdge)
                  20002310    00000001     (.common:isRisingEdge)

.data      0    20002314    0000004a     UNINITIALIZED
                  20002314    00000020     open_interface.obj (.data)
                  20002334    00000008     rtsv7M4_T_le_v4SPD16_eabi.lib : _lock.c.obj (.data:$O1$$)
                  2000233c    00000008                                   : memory.c.obj (.data:$O1$$)
                  20002344    00000008     data.obj (.data)
                  2000234c    00000004     libcybotScan.lib : cyBot_Scan.obj (.data)
                  20002350    00000004     rtsv7M4_T_le_v4SPD16_eabi.lib : errno.c.obj (.data)
                  20002354    00000004                                   : strtok.c.obj (.data)
                  20002358    00000004                                   : vla_alloc.c.obj (.data)
                  2000235c    00000001     Timer.obj (.data)
                  2000235d    00000001     button.obj (.data)

__llvm_prf_cnts 
*          0    20000000    00000000     UNINITIALIZED

MODULE SUMMARY

       Module                         code    ro data   rw data
       ------                         ----    -------   -------
    .\
       main.obj                       3512    0         32     
       open_interface.obj             3128    15        56     
       movement.obj                   984     0         0      
       lcd.obj                        824     8         84     
       tm4c123gh6pm_startup_ccs.obj   12      620       0      
       uart.obj                       632     0         0      
       Timer.obj                      584     0         5      
       button.obj                     312     0         1      
       data.obj                       0       24        8      
    +--+------------------------------+-------+---------+---------+
       Total:                         9988    667       186    
                                                               
    ../libcybotScan.lib
       cyBot_Scan.obj                 608     0         4      
       ping.obj                       492     0         13     
       servo.obj                      344     0         0      
       ir.obj                         280     0         4      
    +--+------------------------------+-------+---------+---------+
       Total:                         1724    0         21     
                                                               
    C:/ti/TivaWare_C_Series-2.1.4.178/driverlib/ccs/Debug/driverlib.lib
       interrupt.obj                  68      0         620    
       cpu.obj                        12      0         0      
    +--+------------------------------+-------+---------+---------+
       Total:                         80      0         620    
                                                               
    C:\ti\ccs1031\ccs\tools\compiler\ti-cgt-arm_20.2.4.LTS\lib\rtsv7M4_T_le_v4SPD16_eabi.lib
       _printfi.c.obj                 4851    0         0      
       e_pow.c.obj                    2496    48        0      
       k_rem_pio2.c.obj               1848    344       0      
       s_tan.c.obj                    1288    0         0      
       memory.c.obj                   956     0         8      
       k_tan.c.obj                    792     128       0      
       vla_alloc.c.obj                564     0         4      
       fd_add_t2.asm.obj              438     0         0      
       e_sqrt.c.obj                   344     0         0      
       fd_div_t2.asm.obj              310     0         0      
       s_scalbn.c.obj                 272     0         0      
       fd_cmp_t2.asm.obj              268     0         0      
       ctype.c.obj                    0       257       0      
       fd_mul_t2.asm.obj              252     0         0      
       s_floor.c.obj                  248     0         0      
       memcpy_t2.asm.obj              156     0         0      
       ull_div_t2.asm.obj             150     0         0      
       vsnprintf.c.obj                136     0         0      
       memset_t2.asm.obj              122     0         0      
       fd_tos_t2.asm.obj              110     0         0      
       copy_decompress_lzss.c.obj     104     0         0      
       s_frexp.c.obj                  100     0         0      
       _ltoa.c.obj                    84      0         0      
       atoi.c.obj                     76      0         0      
       fd_toi_t2.asm.obj              72      0         0      
       autoinit.c.obj                 68      0         0      
       strtok.c.obj                   64      0         4      
       fs_tod_t2.asm.obj              56      0         0      
       boot_cortex_m.c.obj            52      0         0      
       i_tofd_t2.asm.obj              46      0         0      
       strspn.c.obj                   42      0         0      
       strcspn.c.obj                  36      0         0      
       copy_zero_init.c.obj           28      0         0      
       memccpy.c.obj                  28      0         0      
       s_copysign.c.obj               26      0         0      
       strcmp.c.obj                   24      0         0      
       strchr.c.obj                   22      0         0      
       strcpy.c.obj                   20      0         0      
       strlen.c.obj                   20      0         0      
       wcslen.c.obj                   18      0         0      
       copy_decompress_none.c.obj     14      0         0      
       errno.c.obj                    8       0         4      
       _lock.c.obj                    2       0         8      
       error.c.obj                    4       0         0      
       exit.c.obj                     4       0         0      
       pre_init.c.obj                 4       0         0      
       div0.asm.obj                   2       0         0      
    +--+------------------------------+-------+---------+---------+
       Total:                         16625   777       28     
                                                               
       Heap:                          0       0         4096   
       Stack:                         0       0         4096   
       Linker Generated:              0       83        0      
    +--+------------------------------+-------+---------+---------+
       Grand Total:                   28417   1527      9047   


LINKER GENERATED COPY TABLES

__TI_cinit_table @ 000074f8 records: 3, size/record: 8, table size: 24
	.data: load addr=000074b8, load size=0000001f bytes, run addr=20002314, run size=0000004a bytes, compression=lzss
	.bss: load addr=000074e8, load size=00000008 bytes, run addr=20002270, run size=000000a1 bytes, compression=zero_init
	.vtable: load addr=000074f0, load size=00000008 bytes, run addr=20000000, run size=0000026c bytes, compression=zero_init


LINKER GENERATED HANDLER TABLE

__TI_handler_table @ 000074d8 records: 3, size/record: 4, table size: 12
	index: 0, handler: __TI_zero_init
	index: 1, handler: __TI_decompress_lzss
	index: 2, handler: __TI_decompress_none


GLOBAL SYMBOLS: SORTED ALPHABETICALLY BY Name 

address   name                          
-------   ----                          
00005f15  ADC0SS0_Handler               
00007171  C$$EXIT                       
00007141  CPUcpsie                      
0000197b  GPIOF_Handler                 
00007490  INT_ARR_DIGITS                
00007113  IntMasterEnable               
00006ed1  IntRegister                   
0000749c  MAX_COMMAND_LEN               
00007498  MAX_OBJECTS                   
0000714d  ResetISR                      
0000748c  SCAN_LEFT                     
00007488  SCAN_RIGHT                    
00007494  SEND_FLOAT_DECIMAL_PLACES     
0000512d  TIMER3B_Handler               
20001270  __STACK_END                   
00001000  __STACK_SIZE                  
20000470  __STACK_TOP                   
00001000  __SYSMEM_SIZE                 
000074f8  __TI_CINIT_Base               
00007510  __TI_CINIT_Limit              
000074d8  __TI_Handler_Table_Base       
000074e4  __TI_Handler_Table_Limit      
00006d5d  __TI_auto_init_nobinit_nopinit
00006b01  __TI_decompress_lzss          
00007133  __TI_decompress_none          
00006c23  __TI_ltoa                     
ffffffff  __TI_pprof_out_hndl           
00001c45  __TI_printfi                  
ffffffff  __TI_prof_data_size           
ffffffff  __TI_prof_data_start          
00000000  __TI_static_base__            
0000700d  __TI_zero_init_nomemset       
00007169  __abort_execution             
00006745  __aeabi_cdcmpeq               
00006745  __aeabi_cdcmple               
000067cb  __aeabi_cdrcmple              
00006a93  __aeabi_d2f                   
00006d15  __aeabi_d2iz                  
00005403  __aeabi_dadd                  
00005c21  __aeabi_ddiv                  
000061a5  __aeabi_dmul                  
000053f9  __aeabi_dsub                  
00007159  __aeabi_errno_addr            
00006e99  __aeabi_f2d                   
00006f69  __aeabi_i2d                   
000055af  __aeabi_idiv0                 
000055af  __aeabi_ldiv0                 
00006851  __aeabi_memclr                
00006851  __aeabi_memclr4               
00006851  __aeabi_memclr8               
00006613  __aeabi_memcpy                
00006613  __aeabi_memcpy4               
00006613  __aeabi_memcpy8               
00006853  __aeabi_memset                
00006853  __aeabi_memset4               
00006853  __aeabi_memset8               
000066af  __aeabi_uldivmod              
ffffffff  __binit__                     
ffffffff  __c_args__                    
00003055  __kernel_rem_pio2             
00004395  __kernel_tan                  
UNDEFED   __mpu_init                    
20000270  __stack                       
20000000  __start___llvm_prf_cnts       
20000000  __stop___llvm_prf_cnts        
00005861  __vla_alloc                   
00006945  __vla_dealloc                 
00006f05  _c_int00_noargs               
000072d0  _ctypes_                      
20002334  _lock                         
00002693  _nop                          
2000235c  _running                      
20001270  _sys_memory                   
UNDEFED   _system_post_cinit            
0000716d  _system_pre_init              
200022f4  _timeout_ticks                
20002338  _unlock                       
00007171  abort                         
000060a5  aligned_alloc                 
00006cc9  atoi                          
ffffffff  binit                         
00003c95  bumpLeft                      
00003ce1  bumpRight                     
00005b1d  button_getButton              
00005b5f  button_getButtonWait          
00005ae9  button_init                   
00006e61  calloc                        
00007061  copysign                      
00007061  copysignl                     
00004c6d  cyBOT_SERVO_cal               
00004bfb  cyBOT_Scan                    
00004ba3  cyBOT_init_Scan               
2000234c  cyBOT_scan_features           
00004b95  cyBOT_scan_version            
20002350  errno                         
200022f8  fallingEdge                   
000062a1  floor                         
000062a1  floorl                        
00006399  free                          
00006b69  frexp                         
00006b69  frexpl                        
20000000  g_pfnRAMVectors               
00000000  g_pfnVectors                  
00001737  go_charge                     
00005f2b  ir_enableInterrupt            
00005f0d  ir_getDistance                
00005ee5  ir_getValue                   
00005e7d  ir_init                       
20002310  isRisingEdge                  
200022fc  isr_int_value                 
00007123  lcd_clear                     
00004241  lcd_gotoLine                  
000040a9  lcd_init                      
000042a7  lcd_printf                    
00004169  lcd_putc                      
000041a1  lcd_puts                      
0000406d  lcd_reverseNibble             
000041bf  lcd_sendCommand               
000041fd  lcd_sendNibble                
00004269  lcd_setCursorPos              
00005f95  ldexp                         
00005f95  ldexpl                        
20002300  left_calibration_value        
00000c89  main                          
00007161  malloc                        
000060a5  memalign                      
00007045  memccpy                       
00006613  memcpy                        
00006859  memset                        
20002314  motor_cal_factor_L            
20002318  motor_cal_factor_R            
00003f31  move_backward                 
00003e69  move_forward                  
00003fad  move_square                   
20002344  object_num                    
00001025  oi_alloc                      
00001861  oi_checkFirmware              
0000107f  oi_close                      
00001031  oi_free                       
00001ba5  oi_getMotorCalibrationLeft    
00001bb9  oi_getMotorCalibrationRight   
00001069  oi_init                       
00001041  oi_init_noupdate              
000016cd  oi_loadSong                   
00007093  oi_parseInt                   
000010e3  oi_parsePacket                
00001723  oi_play_song                  
00001603  oi_setLeds                    
00001b69  oi_setMotorCalibration        
00001647  oi_setWheels                  
00001909  oi_shutoff_init               
00001745  oi_uartInit                   
000017e9  oi_uartReceive                
0000182f  oi_uartSendBuff               
000017cd  oi_uartSendChar               
00001811  oi_uartSendStr                
00001091  oi_update                     
0000089d  parse                         
0000517f  ping_getDistance              
0000503d  ping_init                     
000050c3  ping_trigger                  
00002695  pow                           
00002695  powl                          
20002304  pulseLength                   
0000647d  realloc                       
20002308  right_calibration_value       
2000230c  risingEdge                    
00005f95  scalbn                        
00005f95  scalbnl                       
0000037d  scan                          
200022ec  scanData                      
000055b1  servo_init                    
00005641  servo_move                    
000056a1  servo_setPWM                  
00005635  servo_stop                    
200022dc  smallest                      
0000026d  smallestObject                
20002348  speed                         
00005709  sqrt                          
00005709  sqrtl                         
000070c3  strchr                        
000070ab  strcmp                        
000070d9  strcpy                        
00006fe9  strcspn                       
000070ed  strlen                        
00006f97  strspn                        
00006da1  strtok                        
0000378d  tan                           
0000378d  tanl                          
00004f13  timer_getMicros               
00004ebb  timer_getMillis               
00004df5  timer_init                    
00004e97  timer_pause                   
00004ea9  timer_resume                  
00004e6d  timer_stop                    
00004f6d  timer_waitMicros              
00004f9f  timer_waitMillis              
00003d2d  turn_left                     
00003dc9  turn_right                    
000046ad  uart_init                     
0000474d  uart_receive                  
00004773  uart_receive_no_wait          
00004731  uart_sendChar                 
00004813  uart_sendFloat                
00004799  uart_sendInt                  
0000487b  uart_sendStr                  
00006de1  vsnprintf                     
00007101  wcslen                        


GLOBAL SYMBOLS: SORTED BY Symbol Address 

address   name                          
-------   ----                          
00000000  __TI_static_base__            
00000000  g_pfnVectors                  
0000026d  smallestObject                
0000037d  scan                          
0000089d  parse                         
00000c89  main                          
00001000  __STACK_SIZE                  
00001000  __SYSMEM_SIZE                 
00001025  oi_alloc                      
00001031  oi_free                       
00001041  oi_init_noupdate              
00001069  oi_init                       
0000107f  oi_close                      
00001091  oi_update                     
000010e3  oi_parsePacket                
00001603  oi_setLeds                    
00001647  oi_setWheels                  
000016cd  oi_loadSong                   
00001723  oi_play_song                  
00001737  go_charge                     
00001745  oi_uartInit                   
000017cd  oi_uartSendChar               
000017e9  oi_uartReceive                
00001811  oi_uartSendStr                
0000182f  oi_uartSendBuff               
00001861  oi_checkFirmware              
00001909  oi_shutoff_init               
0000197b  GPIOF_Handler                 
00001b69  oi_setMotorCalibration        
00001ba5  oi_getMotorCalibrationLeft    
00001bb9  oi_getMotorCalibrationRight   
00001c45  __TI_printfi                  
00002693  _nop                          
00002695  pow                           
00002695  powl                          
00003055  __kernel_rem_pio2             
0000378d  tan                           
0000378d  tanl                          
00003c95  bumpLeft                      
00003ce1  bumpRight                     
00003d2d  turn_left                     
00003dc9  turn_right                    
00003e69  move_forward                  
00003f31  move_backward                 
00003fad  move_square                   
0000406d  lcd_reverseNibble             
000040a9  lcd_init                      
00004169  lcd_putc                      
000041a1  lcd_puts                      
000041bf  lcd_sendCommand               
000041fd  lcd_sendNibble                
00004241  lcd_gotoLine                  
00004269  lcd_setCursorPos              
000042a7  lcd_printf                    
00004395  __kernel_tan                  
000046ad  uart_init                     
00004731  uart_sendChar                 
0000474d  uart_receive                  
00004773  uart_receive_no_wait          
00004799  uart_sendInt                  
00004813  uart_sendFloat                
0000487b  uart_sendStr                  
00004b95  cyBOT_scan_version            
00004ba3  cyBOT_init_Scan               
00004bfb  cyBOT_Scan                    
00004c6d  cyBOT_SERVO_cal               
00004df5  timer_init                    
00004e6d  timer_stop                    
00004e97  timer_pause                   
00004ea9  timer_resume                  
00004ebb  timer_getMillis               
00004f13  timer_getMicros               
00004f6d  timer_waitMicros              
00004f9f  timer_waitMillis              
0000503d  ping_init                     
000050c3  ping_trigger                  
0000512d  TIMER3B_Handler               
0000517f  ping_getDistance              
000053f9  __aeabi_dsub                  
00005403  __aeabi_dadd                  
000055af  __aeabi_idiv0                 
000055af  __aeabi_ldiv0                 
000055b1  servo_init                    
00005635  servo_stop                    
00005641  servo_move                    
000056a1  servo_setPWM                  
00005709  sqrt                          
00005709  sqrtl                         
00005861  __vla_alloc                   
00005ae9  button_init                   
00005b1d  button_getButton              
00005b5f  button_getButtonWait          
00005c21  __aeabi_ddiv                  
00005e7d  ir_init                       
00005ee5  ir_getValue                   
00005f0d  ir_getDistance                
00005f15  ADC0SS0_Handler               
00005f2b  ir_enableInterrupt            
00005f95  ldexp                         
00005f95  ldexpl                        
00005f95  scalbn                        
00005f95  scalbnl                       
000060a5  aligned_alloc                 
000060a5  memalign                      
000061a5  __aeabi_dmul                  
000062a1  floor                         
000062a1  floorl                        
00006399  free                          
0000647d  realloc                       
00006613  __aeabi_memcpy                
00006613  __aeabi_memcpy4               
00006613  __aeabi_memcpy8               
00006613  memcpy                        
000066af  __aeabi_uldivmod              
00006745  __aeabi_cdcmpeq               
00006745  __aeabi_cdcmple               
000067cb  __aeabi_cdrcmple              
00006851  __aeabi_memclr                
00006851  __aeabi_memclr4               
00006851  __aeabi_memclr8               
00006853  __aeabi_memset                
00006853  __aeabi_memset4               
00006853  __aeabi_memset8               
00006859  memset                        
00006945  __vla_dealloc                 
00006a93  __aeabi_d2f                   
00006b01  __TI_decompress_lzss          
00006b69  frexp                         
00006b69  frexpl                        
00006c23  __TI_ltoa                     
00006cc9  atoi                          
00006d15  __aeabi_d2iz                  
00006d5d  __TI_auto_init_nobinit_nopinit
00006da1  strtok                        
00006de1  vsnprintf                     
00006e61  calloc                        
00006e99  __aeabi_f2d                   
00006ed1  IntRegister                   
00006f05  _c_int00_noargs               
00006f69  __aeabi_i2d                   
00006f97  strspn                        
00006fe9  strcspn                       
0000700d  __TI_zero_init_nomemset       
00007045  memccpy                       
00007061  copysign                      
00007061  copysignl                     
00007093  oi_parseInt                   
000070ab  strcmp                        
000070c3  strchr                        
000070d9  strcpy                        
000070ed  strlen                        
00007101  wcslen                        
00007113  IntMasterEnable               
00007123  lcd_clear                     
00007133  __TI_decompress_none          
00007141  CPUcpsie                      
0000714d  ResetISR                      
00007159  __aeabi_errno_addr            
00007161  malloc                        
00007169  __abort_execution             
0000716d  _system_pre_init              
00007171  C$$EXIT                       
00007171  abort                         
000072d0  _ctypes_                      
00007488  SCAN_RIGHT                    
0000748c  SCAN_LEFT                     
00007490  INT_ARR_DIGITS                
00007494  SEND_FLOAT_DECIMAL_PLACES     
00007498  MAX_OBJECTS                   
0000749c  MAX_COMMAND_LEN               
000074d8  __TI_Handler_Table_Base       
000074e4  __TI_Handler_Table_Limit      
000074f8  __TI_CINIT_Base               
00007510  __TI_CINIT_Limit              
20000000  __start___llvm_prf_cnts       
20000000  __stop___llvm_prf_cnts        
20000000  g_pfnRAMVectors               
20000270  __stack                       
20000470  __STACK_TOP                   
20001270  __STACK_END                   
20001270  _sys_memory                   
200022dc  smallest                      
200022ec  scanData                      
200022f4  _timeout_ticks                
200022f8  fallingEdge                   
200022fc  isr_int_value                 
20002300  left_calibration_value        
20002304  pulseLength                   
20002308  right_calibration_value       
2000230c  risingEdge                    
20002310  isRisingEdge                  
20002314  motor_cal_factor_L            
20002318  motor_cal_factor_R            
20002334  _lock                         
20002338  _unlock                       
20002344  object_num                    
20002348  speed                         
2000234c  cyBOT_scan_features           
20002350  errno                         
2000235c  _running                      
ffffffff  __TI_pprof_out_hndl           
ffffffff  __TI_prof_data_size           
ffffffff  __TI_prof_data_start          
ffffffff  __binit__                     
ffffffff  __c_args__                    
ffffffff  binit                         
UNDEFED   __mpu_init                    
UNDEFED   _system_post_cinit            

[208 symbols]
