******************************************************************************
                  TI ARM Linker PC v20.2.4                     
******************************************************************************
>> Linked Wed Mar  2 12:54:44 2022

OUTPUT FILE NAME:   <Lab6.out>
ENTRY POINT SYMBOL: "_c_int00_noargs"  address: 00006f89


MEMORY CONFIGURATION

         name            origin    length      used     unused   attr    fill
----------------------  --------  ---------  --------  --------  ----  --------
  FLASH                 00000000   00040000  0000758b  00038a75  R  X
  SRAM                  20000000   00008000  00002358  00005ca8  RW X


SEGMENT ALLOCATION MAP

run origin  load origin   length   init length attrs members
----------  ----------- ---------- ----------- ----- -------
00000000    00000000    00007590   00007590    r-x
  00000000    00000000    0000026c   0000026c    r-- .intvecs
  0000026c    0000026c    00006f8c   00006f8c    r-x .text
  000071f8    000071f8    0000033b   0000033b    r-- .const
  00007538    00007538    00000058   00000058    r-- .cinit
20000000    20000000    0000235f   00000000    rw-
  20000000    20000000    0000026c   00000000    rw- .vtable
  20000270    20000270    00001000   00000000    rw- .stack
  20001270    20001270    00001000   00000000    rw- .sysmem
  20002270    20002270    000000a1   00000000    rw- .bss
  20002314    20002314    0000004b   00000000    rw- .data


SECTION ALLOCATION MAP

 output                                  attributes/
section   page    origin      length       input sections
--------  ----  ----------  ----------   ----------------
.intvecs   0    00000000    0000026c     
                  00000000    0000026c     tm4c123gh6pm_startup_ccs.obj (.intvecs)

.text      0    0000026c    00006f8c     
                  0000026c    00000dc8     main.obj (.text)
                  00001034    00000c20     open_interface.obj (.text)
                  00001c54    00000a4e     rtsv7M4_T_le_v4SPD16_eabi.lib : _printfi.c.obj (.text:__TI_printfi)
                  000026a2    00000002                                   : _lock.c.obj (.text:_nop)
                  000026a4    000009c0                                   : e_pow.c.obj (.text:pow)
                  00003064    00000738                                   : k_rem_pio2.c.obj (.text:__kernel_rem_pio2)
                  0000379c    00000508                                   : s_tan.c.obj (.text:tan)
                  00003ca4    000003d8     movement.obj (.text)
                  0000407c    00000328     lcd.obj (.text)
                  000043a4    00000318     rtsv7M4_T_le_v4SPD16_eabi.lib : k_tan.c.obj (.text:__kernel_tan)
                  000046bc    000002ec     uart.obj (.text)
                  000049a8    00000270     rtsv7M4_T_le_v4SPD16_eabi.lib : _printfi.c.obj (.text:_pconv_a)
                  00004c18    00000260     libcybotScan.lib : cyBot_Scan.obj (.text)
                  00004e78    00000248     Timer.obj (.text)
                  000050c0    000001ec     libcybotScan.lib : ping.obj (.text)
                  000052ac    000001d0     rtsv7M4_T_le_v4SPD16_eabi.lib : _printfi.c.obj (.text:_pconv_g)
                  0000547c    000001b6                                   : fd_add_t2.asm.obj (.text)
                  00005632    00000002                                   : div0.asm.obj (.text)
                  00005634    00000158     libcybotScan.lib : servo.obj (.text)
                  0000578c    00000158     rtsv7M4_T_le_v4SPD16_eabi.lib : e_sqrt.c.obj (.text:sqrt)
                  000058e4    0000014c                                   : vla_alloc.c.obj (.text:__vla_alloc)
                  00005a30    0000013c                                   : _printfi.c.obj (.text:_pconv_e)
                  00005b6c    00000138     button.obj (.text)
                  00005ca4    00000136     rtsv7M4_T_le_v4SPD16_eabi.lib : fd_div_t2.asm.obj (.text)
                  00005dda    00000002     --HOLE-- [fill = 0]
                  00005ddc    00000124                                   : _printfi.c.obj (.text:fcvt)
                  00005f00    00000118     libcybotScan.lib : ir.obj (.text)
                  00006018    00000110     rtsv7M4_T_le_v4SPD16_eabi.lib : s_scalbn.c.obj (.text:scalbn)
                  00006128    00000100                                   : memory.c.obj (.text:aligned_alloc)
                  00006228    000000fc                                   : fd_mul_t2.asm.obj (.text)
                  00006324    000000f8                                   : s_floor.c.obj (.text:floor)
                  0000641c    000000e4                                   : memory.c.obj (.text:free)
                  00006500    000000e4                                   : memory.c.obj (.text:realloc)
                  000065e4    000000b1                                   : _printfi.c.obj (.text:_ltostr)
                  00006695    00000001     --HOLE-- [fill = 0]
                  00006696    0000009c                                   : memcpy_t2.asm.obj (.text)
                  00006732    00000096                                   : ull_div_t2.asm.obj (.text)
                  000067c8    00000086                                   : fd_cmp_t2.asm.obj (.text:__aeabi_cdcmple)
                  0000684e    00000086                                   : fd_cmp_t2.asm.obj (.text:__aeabi_cdrcmple)
                  000068d4    0000007a                                   : memset_t2.asm.obj (.text)
                  0000694e    00000002     --HOLE-- [fill = 0]
                  00006950    00000078                                   : vla_alloc.c.obj (.text:_ZN33_INTERNAL_11_vla_alloc_c_be8bd49b21free_dead_allocationsEPv)
                  000069c8    00000070                                   : vla_alloc.c.obj (.text:__vla_dealloc)
                  00006a38    00000070                                   : memory.c.obj (.text:split)
                  00006aa8    0000006e                                   : _printfi.c.obj (.text:_mcpy)
                  00006b16    0000006e                                   : fd_tos_t2.asm.obj (.text)
                  00006b84    00000068                                   : copy_decompress_lzss.c.obj (.text:decompress:lzss:__TI_decompress_lzss)
                  00006bec    00000064                                   : s_frexp.c.obj (.text:frexp)
                  00006c50    00000056                                   : _printfi.c.obj (.text:_pconv_f)
                  00006ca6    00000054                                   : _ltoa.c.obj (.text:__TI_ltoa)
                  00006cfa    00000052                                   : _printfi.c.obj (.text:_ecpy)
                  00006d4c    0000004c                                   : atoi.c.obj (.text:atoi)
                  00006d98    00000048                                   : fd_toi_t2.asm.obj (.text)
                  00006de0    00000044                                   : autoinit.c.obj (.text:__TI_auto_init_nobinit_nopinit:__TI_auto_init_nobinit_nopinit)
                  00006e24    00000040                                   : strtok.c.obj (.text:strtok)
                  00006e64    00000040                                   : vsnprintf.c.obj (.text:vsnprintf)
                  00006ea4    0000003e                                   : _printfi.c.obj (.text:_fcpy)
                  00006ee2    00000002     --HOLE-- [fill = 0]
                  00006ee4    00000038                                   : memory.c.obj (.text:calloc)
                  00006f1c    00000038                                   : fs_tod_t2.asm.obj (.text)
                  00006f54    00000034     driverlib.lib : interrupt.obj (.text:IntRegister)
                  00006f88    00000034     rtsv7M4_T_le_v4SPD16_eabi.lib : boot_cortex_m.c.obj (.text:_c_int00_noargs:_c_int00_noargs)
                  00006fbc    00000030                                   : vsnprintf.c.obj (.text:_outs)
                  00006fec    0000002e                                   : i_tofd_t2.asm.obj (.text)
                  0000701a    0000002a                                   : strspn.c.obj (.text:strspn)
                  00007044    00000028                                   : memory.c.obj (.text:free_list_insert)
                  0000706c    00000024                                   : strcspn.c.obj (.text:strcspn)
                  00007090    0000001c                                   : copy_zero_init.c.obj (.text:decompress:ZI:__TI_zero_init_nomemset:__TI_zero_init_nomemset)
                  000070ac    0000001c                                   : memory.c.obj (.text:free_list_remove)
                  000070c8    0000001c                                   : memccpy.c.obj (.text:memccpy)
                  000070e4    0000001a                                   : s_copysign.c.obj (.text:copysign)
                  000070fe    00000018                                   : vsnprintf.c.obj (.text:_outc)
                  00007116    00000018     open_interface.obj (.text:oi_parseInt)
                  0000712e    00000018     rtsv7M4_T_le_v4SPD16_eabi.lib : strcmp.c.obj (.text:strcmp)
                  00007146    00000016                                   : strchr.c.obj (.text:strchr)
                  0000715c    00000014                                   : strcpy.c.obj (.text:strcpy)
                  00007170    00000014                                   : strlen.c.obj (.text:strlen)
                  00007184    00000012                                   : wcslen.c.obj (.text:wcslen)
                  00007196    00000010     driverlib.lib : interrupt.obj (.text:IntMasterEnable)
                  000071a6    00000010     lcd.obj (.text:lcd_clear)
                  000071b6    0000000e     rtsv7M4_T_le_v4SPD16_eabi.lib : copy_decompress_none.c.obj (.text:decompress:none:__TI_decompress_none)
                  000071c4    0000000c     driverlib.lib : cpu.obj (.text:CPUcpsie)
                  000071d0    0000000c     tm4c123gh6pm_startup_ccs.obj (.text)
                  000071dc    00000008     rtsv7M4_T_le_v4SPD16_eabi.lib : errno.c.obj (.text:__aeabi_errno_addr)
                  000071e4    00000008                                   : memory.c.obj (.text:malloc)
                  000071ec    00000004                                   : error.c.obj (.text:__abort_execution)
                  000071f0    00000004                                   : pre_init.c.obj (.text:_system_pre_init)
                  000071f4    00000004                                   : exit.c.obj (.text:abort:abort)

.const     0    000071f8    0000033b     
                  000071f8    00000158     rtsv7M4_T_le_v4SPD16_eabi.lib : k_rem_pio2.c.obj (.const:$O1$$)
                  00007350    00000101                                   : ctype.c.obj (.const:.string:_ctypes_)
                  00007451    00000004     lcd.obj (.const:.string:lineAddress$1)
                  00007455    00000003     --HOLE-- [fill = 0]
                  00007458    00000080     rtsv7M4_T_le_v4SPD16_eabi.lib : k_tan.c.obj (.const:xxx)
                  000074d8    00000030                                   : e_pow.c.obj (.const:$O1$$)
                  00007508    00000018     data.obj (.const)
                  00007520    0000000f     open_interface.obj (.const:.string:$P$T0$3)
                  0000752f    00000004     lcd.obj (.const:.string:lineAddresses$2)

.cinit     0    00007538    00000058     
                  00007538    0000001f     (.cinit..data.load) [load image, compression = lzss]
                  00007557    00000001     --HOLE-- [fill = 0]
                  00007558    0000000c     (__TI_handler_table)
                  00007564    00000004     --HOLE-- [fill = 0]
                  00007568    00000008     (.cinit..bss.load) [load image, compression = zero_init]
                  00007570    00000008     (.cinit..vtable.load) [load image, compression = zero_init]
                  00007578    00000018     (__TI_cinit_table)

.init_array 
*          0    00000000    00000000     UNINITIALIZED

.vtable    0    20000000    0000026c     UNINITIALIZED
                  20000000    0000026c     driverlib.lib : interrupt.obj (.vtable)

.stack     0    20000270    00001000     UNINITIALIZED
                  20000270    00000004     rtsv7M4_T_le_v4SPD16_eabi.lib : boot_cortex_m.c.obj (.stack)
                  20000274    00000ffc     --HOLE--

.sysmem    0    20001270    00001000     UNINITIALIZED
                  20001270    00000010     rtsv7M4_T_le_v4SPD16_eabi.lib : memory.c.obj (.sysmem)
                  20001280    00000ff0     --HOLE--

.bss       0    20002270    000000a1     UNINITIALIZED
                  20002270    00000054     lcd.obj (.bss:lastbuffer$3)
                  200022c4    00000018     open_interface.obj (.bss:firmware$2)
                  200022dc    00000010     (.common:smallest)
                  200022ec    00000008     (.common:scanData)
                  200022f4    00000004     (.common:_timeout_ticks)
                  200022f8    00000004     (.common:fallingEdge)
                  200022fc    00000004     (.common:isr_int_value)
                  20002300    00000004     (.common:left_calibration_value)
                  20002304    00000004     (.common:pulseLength)
                  20002308    00000004     (.common:right_calibration_value)
                  2000230c    00000004     (.common:risingEdge)
                  20002310    00000001     (.common:isRisingEdge)

.data      0    20002314    0000004b     UNINITIALIZED
                  20002314    00000020     open_interface.obj (.data)
                  20002334    00000008     rtsv7M4_T_le_v4SPD16_eabi.lib : _lock.c.obj (.data:$O1$$)
                  2000233c    00000008                                   : memory.c.obj (.data:$O1$$)
                  20002344    00000008     data.obj (.data)
                  2000234c    00000004     libcybotScan.lib : cyBot_Scan.obj (.data)
                  20002350    00000004     rtsv7M4_T_le_v4SPD16_eabi.lib : errno.c.obj (.data)
                  20002354    00000004                                   : strtok.c.obj (.data)
                  20002358    00000004                                   : vla_alloc.c.obj (.data)
                  2000235c    00000001     Timer.obj (.data)
                  2000235d    00000001     button.obj (.data)
                  2000235e    00000001     uart.obj (.data)

__llvm_prf_cnts 
*          0    20000000    00000000     UNINITIALIZED

MODULE SUMMARY

       Module                         code    ro data   rw data
       ------                         ----    -------   -------
    .\
       main.obj                       3528    0         32     
       open_interface.obj             3128    15        56     
       movement.obj                   984     0         0      
       lcd.obj                        824     8         84     
       uart.obj                       748     0         1      
       tm4c123gh6pm_startup_ccs.obj   12      620       0      
       Timer.obj                      584     0         5      
       button.obj                     312     0         1      
       data.obj                       0       24        8      
    +--+------------------------------+-------+---------+---------+
       Total:                         10120   667       187    
                                                               
    ../libcybotScan.lib
       cyBot_Scan.obj                 608     0         4      
       ping.obj                       492     0         13     
       servo.obj                      344     0         0      
       ir.obj                         280     0         4      
    +--+------------------------------+-------+---------+---------+
       Total:                         1724    0         21     
                                                               
    C:/ti/TivaWare_C_Series-2.1.4.178/driverlib/ccs/Debug/driverlib.lib
       interrupt.obj                  68      0         620    
       cpu.obj                        12      0         0      
    +--+------------------------------+-------+---------+---------+
       Total:                         80      0         620    
                                                               
    C:\ti\ccs1031\ccs\tools\compiler\ti-cgt-arm_20.2.4.LTS\lib\rtsv7M4_T_le_v4SPD16_eabi.lib
       _printfi.c.obj                 4851    0         0      
       e_pow.c.obj                    2496    48        0      
       k_rem_pio2.c.obj               1848    344       0      
       s_tan.c.obj                    1288    0         0      
       memory.c.obj                   956     0         8      
       k_tan.c.obj                    792     128       0      
       vla_alloc.c.obj                564     0         4      
       fd_add_t2.asm.obj              438     0         0      
       e_sqrt.c.obj                   344     0         0      
       fd_div_t2.asm.obj              310     0         0      
       s_scalbn.c.obj                 272     0         0      
       fd_cmp_t2.asm.obj              268     0         0      
       ctype.c.obj                    0       257       0      
       fd_mul_t2.asm.obj              252     0         0      
       s_floor.c.obj                  248     0         0      
       memcpy_t2.asm.obj              156     0         0      
       ull_div_t2.asm.obj             150     0         0      
       vsnprintf.c.obj                136     0         0      
       memset_t2.asm.obj              122     0         0      
       fd_tos_t2.asm.obj              110     0         0      
       copy_decompress_lzss.c.obj     104     0         0      
       s_frexp.c.obj                  100     0         0      
       _ltoa.c.obj                    84      0         0      
       atoi.c.obj                     76      0         0      
       fd_toi_t2.asm.obj              72      0         0      
       autoinit.c.obj                 68      0         0      
       strtok.c.obj                   64      0         4      
       fs_tod_t2.asm.obj              56      0         0      
       boot_cortex_m.c.obj            52      0         0      
       i_tofd_t2.asm.obj              46      0         0      
       strspn.c.obj                   42      0         0      
       strcspn.c.obj                  36      0         0      
       copy_zero_init.c.obj           28      0         0      
       memccpy.c.obj                  28      0         0      
       s_copysign.c.obj               26      0         0      
       strcmp.c.obj                   24      0         0      
       strchr.c.obj                   22      0         0      
       strcpy.c.obj                   20      0         0      
       strlen.c.obj                   20      0         0      
       wcslen.c.obj                   18      0         0      
       copy_decompress_none.c.obj     14      0         0      
       errno.c.obj                    8       0         4      
       _lock.c.obj                    2       0         8      
       error.c.obj                    4       0         0      
       exit.c.obj                     4       0         0      
       pre_init.c.obj                 4       0         0      
       div0.asm.obj                   2       0         0      
    +--+------------------------------+-------+---------+---------+
       Total:                         16625   777       28     
                                                               
       Heap:                          0       0         4096   
       Stack:                         0       0         4096   
       Linker Generated:              0       83        0      
    +--+------------------------------+-------+---------+---------+
       Grand Total:                   28549   1527      9048   


LINKER GENERATED COPY TABLES

__TI_cinit_table @ 00007578 records: 3, size/record: 8, table size: 24
	.data: load addr=00007538, load size=0000001f bytes, run addr=20002314, run size=0000004b bytes, compression=lzss
	.bss: load addr=00007568, load size=00000008 bytes, run addr=20002270, run size=000000a1 bytes, compression=zero_init
	.vtable: load addr=00007570, load size=00000008 bytes, run addr=20000000, run size=0000026c bytes, compression=zero_init


LINKER GENERATED HANDLER TABLE

__TI_handler_table @ 00007558 records: 3, size/record: 4, table size: 12
	index: 0, handler: __TI_zero_init
	index: 1, handler: __TI_decompress_lzss
	index: 2, handler: __TI_decompress_none


GLOBAL SYMBOLS: SORTED ALPHABETICALLY BY Name 

address   name                          
-------   ----                          
00005f99  ADC0SS0_Handler               
000071f5  C$$EXIT                       
000071c5  CPUcpsie                      
0000198b  GPIOF_Handler                 
00007510  INT_ARR_DIGITS                
00007197  IntMasterEnable               
00006f55  IntRegister                   
0000751c  MAX_COMMAND_LEN               
00007518  MAX_OBJECTS                   
000071d1  ResetISR                      
0000750c  SCAN_LEFT                     
00007508  SCAN_RIGHT                    
00007514  SEND_FLOAT_DECIMAL_PLACES     
000051b1  TIMER3B_Handler               
000046bd  UART1_Handler                 
20001270  __STACK_END                   
00001000  __STACK_SIZE                  
20000470  __STACK_TOP                   
00001000  __SYSMEM_SIZE                 
00007578  __TI_CINIT_Base               
00007590  __TI_CINIT_Limit              
00007558  __TI_Handler_Table_Base       
00007564  __TI_Handler_Table_Limit      
00006de1  __TI_auto_init_nobinit_nopinit
00006b85  __TI_decompress_lzss          
000071b7  __TI_decompress_none          
00006ca7  __TI_ltoa                     
ffffffff  __TI_pprof_out_hndl           
00001c55  __TI_printfi                  
ffffffff  __TI_prof_data_size           
ffffffff  __TI_prof_data_start          
00000000  __TI_static_base__            
00007091  __TI_zero_init_nomemset       
000071ed  __abort_execution             
000067c9  __aeabi_cdcmpeq               
000067c9  __aeabi_cdcmple               
0000684f  __aeabi_cdrcmple              
00006b17  __aeabi_d2f                   
00006d99  __aeabi_d2iz                  
00005487  __aeabi_dadd                  
00005ca5  __aeabi_ddiv                  
00006229  __aeabi_dmul                  
0000547d  __aeabi_dsub                  
000071dd  __aeabi_errno_addr            
00006f1d  __aeabi_f2d                   
00006fed  __aeabi_i2d                   
00005633  __aeabi_idiv0                 
00005633  __aeabi_ldiv0                 
000068d5  __aeabi_memclr                
000068d5  __aeabi_memclr4               
000068d5  __aeabi_memclr8               
00006697  __aeabi_memcpy                
00006697  __aeabi_memcpy4               
00006697  __aeabi_memcpy8               
000068d7  __aeabi_memset                
000068d7  __aeabi_memset4               
000068d7  __aeabi_memset8               
00006733  __aeabi_uldivmod              
ffffffff  __binit__                     
ffffffff  __c_args__                    
00003065  __kernel_rem_pio2             
000043a5  __kernel_tan                  
UNDEFED   __mpu_init                    
20000270  __stack                       
20000000  __start___llvm_prf_cnts       
20000000  __stop___llvm_prf_cnts        
000058e5  __vla_alloc                   
000069c9  __vla_dealloc                 
00006f89  _c_int00_noargs               
00007350  _ctypes_                      
20002334  _lock                         
000026a3  _nop                          
2000235c  _running                      
20001270  _sys_memory                   
UNDEFED   _system_post_cinit            
000071f1  _system_pre_init              
200022f4  _timeout_ticks                
20002338  _unlock                       
000071f5  abort                         
00006129  aligned_alloc                 
00006d4d  atoi                          
ffffffff  binit                         
00003ca5  bumpLeft                      
00003cf1  bumpRight                     
00005ba1  button_getButton              
00005be3  button_getButtonWait          
00005b6d  button_init                   
00006ee5  calloc                        
2000235e  command_byte                  
000070e5  copysign                      
000070e5  copysignl                     
00004cf1  cyBOT_SERVO_cal               
00004c7f  cyBOT_Scan                    
00004c27  cyBOT_init_Scan               
2000234c  cyBOT_scan_features           
00004c19  cyBOT_scan_version            
20002350  errno                         
200022f8  fallingEdge                   
00006325  floor                         
00006325  floorl                        
0000641d  free                          
00006bed  frexp                         
00006bed  frexpl                        
20000000  g_pfnRAMVectors               
00000000  g_pfnVectors                  
00001747  go_charge                     
00005faf  ir_enableInterrupt            
00005f91  ir_getDistance                
00005f69  ir_getValue                   
00005f01  ir_init                       
20002310  isRisingEdge                  
200022fc  isr_int_value                 
000071a7  lcd_clear                     
00004251  lcd_gotoLine                  
000040b9  lcd_init                      
000042b7  lcd_printf                    
00004179  lcd_putc                      
000041b1  lcd_puts                      
0000407d  lcd_reverseNibble             
000041cf  lcd_sendCommand               
0000420d  lcd_sendNibble                
00004279  lcd_setCursorPos              
00006019  ldexp                         
00006019  ldexpl                        
20002300  left_calibration_value        
00000c95  main                          
000071e5  malloc                        
00006129  memalign                      
000070c9  memccpy                       
00006697  memcpy                        
000068dd  memset                        
20002314  motor_cal_factor_L            
20002318  motor_cal_factor_R            
00003f41  move_backward                 
00003e79  move_forward                  
00003fbd  move_square                   
20002344  object_num                    
00001035  oi_alloc                      
00001871  oi_checkFirmware              
0000108f  oi_close                      
00001041  oi_free                       
00001bb5  oi_getMotorCalibrationLeft    
00001bc9  oi_getMotorCalibrationRight   
00001079  oi_init                       
00001051  oi_init_noupdate              
000016dd  oi_loadSong                   
00007117  oi_parseInt                   
000010f3  oi_parsePacket                
00001733  oi_play_song                  
00001613  oi_setLeds                    
00001b79  oi_setMotorCalibration        
00001657  oi_setWheels                  
00001919  oi_shutoff_init               
00001755  oi_uartInit                   
000017f9  oi_uartReceive                
0000183f  oi_uartSendBuff               
000017dd  oi_uartSendChar               
00001821  oi_uartSendStr                
000010a1  oi_update                     
000008a9  parse                         
00005203  ping_getDistance              
000050c1  ping_init                     
00005147  ping_trigger                  
000026a5  pow                           
000026a5  powl                          
20002304  pulseLength                   
00006501  realloc                       
20002308  right_calibration_value       
2000230c  risingEdge                    
00006019  scalbn                        
00006019  scalbnl                       
0000037d  scan                          
200022ec  scanData                      
00005635  servo_init                    
000056c5  servo_move                    
00005725  servo_setPWM                  
000056b9  servo_stop                    
200022dc  smallest                      
0000026d  smallestObject                
20002348  speed                         
0000578d  sqrt                          
0000578d  sqrtl                         
00007147  strchr                        
0000712f  strcmp                        
0000715d  strcpy                        
0000706d  strcspn                       
00007171  strlen                        
0000701b  strspn                        
00006e25  strtok                        
0000379d  tan                           
0000379d  tanl                          
00004f97  timer_getMicros               
00004f3f  timer_getMillis               
00004e79  timer_init                    
00004f1b  timer_pause                   
00004f2d  timer_resume                  
00004ef1  timer_stop                    
00004ff1  timer_waitMicros              
00005023  timer_waitMillis              
00003d3d  turn_left                     
00003dd9  turn_right                    
00004729  uart_enable                   
000047a1  uart_init                     
000046eb  uart_init_interrupts          
000047d5  uart_receive                  
000047e9  uart_receive_no_wait          
000047b9  uart_sendChar                 
0000487b  uart_sendFloat                
00004801  uart_sendInt                  
000048e3  uart_sendStr                  
00006e65  vsnprintf                     
00007185  wcslen                        


GLOBAL SYMBOLS: SORTED BY Symbol Address 

address   name                          
-------   ----                          
00000000  __TI_static_base__            
00000000  g_pfnVectors                  
0000026d  smallestObject                
0000037d  scan                          
000008a9  parse                         
00000c95  main                          
00001000  __STACK_SIZE                  
00001000  __SYSMEM_SIZE                 
00001035  oi_alloc                      
00001041  oi_free                       
00001051  oi_init_noupdate              
00001079  oi_init                       
0000108f  oi_close                      
000010a1  oi_update                     
000010f3  oi_parsePacket                
00001613  oi_setLeds                    
00001657  oi_setWheels                  
000016dd  oi_loadSong                   
00001733  oi_play_song                  
00001747  go_charge                     
00001755  oi_uartInit                   
000017dd  oi_uartSendChar               
000017f9  oi_uartReceive                
00001821  oi_uartSendStr                
0000183f  oi_uartSendBuff               
00001871  oi_checkFirmware              
00001919  oi_shutoff_init               
0000198b  GPIOF_Handler                 
00001b79  oi_setMotorCalibration        
00001bb5  oi_getMotorCalibrationLeft    
00001bc9  oi_getMotorCalibrationRight   
00001c55  __TI_printfi                  
000026a3  _nop                          
000026a5  pow                           
000026a5  powl                          
00003065  __kernel_rem_pio2             
0000379d  tan                           
0000379d  tanl                          
00003ca5  bumpLeft                      
00003cf1  bumpRight                     
00003d3d  turn_left                     
00003dd9  turn_right                    
00003e79  move_forward                  
00003f41  move_backward                 
00003fbd  move_square                   
0000407d  lcd_reverseNibble             
000040b9  lcd_init                      
00004179  lcd_putc                      
000041b1  lcd_puts                      
000041cf  lcd_sendCommand               
0000420d  lcd_sendNibble                
00004251  lcd_gotoLine                  
00004279  lcd_setCursorPos              
000042b7  lcd_printf                    
000043a5  __kernel_tan                  
000046bd  UART1_Handler                 
000046eb  uart_init_interrupts          
00004729  uart_enable                   
000047a1  uart_init                     
000047b9  uart_sendChar                 
000047d5  uart_receive                  
000047e9  uart_receive_no_wait          
00004801  uart_sendInt                  
0000487b  uart_sendFloat                
000048e3  uart_sendStr                  
00004c19  cyBOT_scan_version            
00004c27  cyBOT_init_Scan               
00004c7f  cyBOT_Scan                    
00004cf1  cyBOT_SERVO_cal               
00004e79  timer_init                    
00004ef1  timer_stop                    
00004f1b  timer_pause                   
00004f2d  timer_resume                  
00004f3f  timer_getMillis               
00004f97  timer_getMicros               
00004ff1  timer_waitMicros              
00005023  timer_waitMillis              
000050c1  ping_init                     
00005147  ping_trigger                  
000051b1  TIMER3B_Handler               
00005203  ping_getDistance              
0000547d  __aeabi_dsub                  
00005487  __aeabi_dadd                  
00005633  __aeabi_idiv0                 
00005633  __aeabi_ldiv0                 
00005635  servo_init                    
000056b9  servo_stop                    
000056c5  servo_move                    
00005725  servo_setPWM                  
0000578d  sqrt                          
0000578d  sqrtl                         
000058e5  __vla_alloc                   
00005b6d  button_init                   
00005ba1  button_getButton              
00005be3  button_getButtonWait          
00005ca5  __aeabi_ddiv                  
00005f01  ir_init                       
00005f69  ir_getValue                   
00005f91  ir_getDistance                
00005f99  ADC0SS0_Handler               
00005faf  ir_enableInterrupt            
00006019  ldexp                         
00006019  ldexpl                        
00006019  scalbn                        
00006019  scalbnl                       
00006129  aligned_alloc                 
00006129  memalign                      
00006229  __aeabi_dmul                  
00006325  floor                         
00006325  floorl                        
0000641d  free                          
00006501  realloc                       
00006697  __aeabi_memcpy                
00006697  __aeabi_memcpy4               
00006697  __aeabi_memcpy8               
00006697  memcpy                        
00006733  __aeabi_uldivmod              
000067c9  __aeabi_cdcmpeq               
000067c9  __aeabi_cdcmple               
0000684f  __aeabi_cdrcmple              
000068d5  __aeabi_memclr                
000068d5  __aeabi_memclr4               
000068d5  __aeabi_memclr8               
000068d7  __aeabi_memset                
000068d7  __aeabi_memset4               
000068d7  __aeabi_memset8               
000068dd  memset                        
000069c9  __vla_dealloc                 
00006b17  __aeabi_d2f                   
00006b85  __TI_decompress_lzss          
00006bed  frexp                         
00006bed  frexpl                        
00006ca7  __TI_ltoa                     
00006d4d  atoi                          
00006d99  __aeabi_d2iz                  
00006de1  __TI_auto_init_nobinit_nopinit
00006e25  strtok                        
00006e65  vsnprintf                     
00006ee5  calloc                        
00006f1d  __aeabi_f2d                   
00006f55  IntRegister                   
00006f89  _c_int00_noargs               
00006fed  __aeabi_i2d                   
0000701b  strspn                        
0000706d  strcspn                       
00007091  __TI_zero_init_nomemset       
000070c9  memccpy                       
000070e5  copysign                      
000070e5  copysignl                     
00007117  oi_parseInt                   
0000712f  strcmp                        
00007147  strchr                        
0000715d  strcpy                        
00007171  strlen                        
00007185  wcslen                        
00007197  IntMasterEnable               
000071a7  lcd_clear                     
000071b7  __TI_decompress_none          
000071c5  CPUcpsie                      
000071d1  ResetISR                      
000071dd  __aeabi_errno_addr            
000071e5  malloc                        
000071ed  __abort_execution             
000071f1  _system_pre_init              
000071f5  C$$EXIT                       
000071f5  abort                         
00007350  _ctypes_                      
00007508  SCAN_RIGHT                    
0000750c  SCAN_LEFT                     
00007510  INT_ARR_DIGITS                
00007514  SEND_FLOAT_DECIMAL_PLACES     
00007518  MAX_OBJECTS                   
0000751c  MAX_COMMAND_LEN               
00007558  __TI_Handler_Table_Base       
00007564  __TI_Handler_Table_Limit      
00007578  __TI_CINIT_Base               
00007590  __TI_CINIT_Limit              
20000000  __start___llvm_prf_cnts       
20000000  __stop___llvm_prf_cnts        
20000000  g_pfnRAMVectors               
20000270  __stack                       
20000470  __STACK_TOP                   
20001270  __STACK_END                   
20001270  _sys_memory                   
200022dc  smallest                      
200022ec  scanData                      
200022f4  _timeout_ticks                
200022f8  fallingEdge                   
200022fc  isr_int_value                 
20002300  left_calibration_value        
20002304  pulseLength                   
20002308  right_calibration_value       
2000230c  risingEdge                    
20002310  isRisingEdge                  
20002314  motor_cal_factor_L            
20002318  motor_cal_factor_R            
20002334  _lock                         
20002338  _unlock                       
20002344  object_num                    
20002348  speed                         
2000234c  cyBOT_scan_features           
20002350  errno                         
2000235c  _running                      
2000235e  command_byte                  
ffffffff  __TI_pprof_out_hndl           
ffffffff  __TI_prof_data_size           
ffffffff  __TI_prof_data_start          
ffffffff  __binit__                     
ffffffff  __c_args__                    
ffffffff  binit                         
UNDEFED   __mpu_init                    
UNDEFED   _system_post_cinit            

[212 symbols]
