******************************************************************************
                  TI ARM Linker PC v20.2.4                     
******************************************************************************
>> Linked Wed Mar  9 14:00:15 2022

OUTPUT FILE NAME:   <Lab7.out>
ENTRY POINT SYMBOL: "_c_int00_noargs"  address: 00007539


MEMORY CONFIGURATION

         name            origin    length      used     unused   attr    fill
----------------------  --------  ---------  --------  --------  ----  --------
  FLASH                 00000000   00040000  00007b3b  000384c5  R  X
  SRAM                  20000000   00008000  0000235c  00005ca4  RW X


SEGMENT ALLOCATION MAP

run origin  load origin   length   init length attrs members
----------  ----------- ---------- ----------- ----- -------
00000000    00000000    00007b40   00007b40    r-x
  00000000    00000000    0000026c   0000026c    r-- .intvecs
  0000026c    0000026c    0000753c   0000753c    r-x .text
  000077a8    000077a8    0000033b   0000033b    r-- .const
  00007ae8    00007ae8    00000058   00000058    r-- .cinit
20000000    20000000    00002363   00000000    rw-
  20000000    20000000    0000026c   00000000    rw- .vtable
  20000270    20000270    00001000   00000000    rw- .stack
  20001270    20001270    00001000   00000000    rw- .sysmem
  20002270    20002270    000000a5   00000000    rw- .bss
  20002318    20002318    0000004b   00000000    rw- .data


SECTION ALLOCATION MAP

 output                                  attributes/
section   page    origin      length       input sections
--------  ----  ----------  ----------   ----------------
.intvecs   0    00000000    0000026c     
                  00000000    0000026c     tm4c123gh6pm_startup_ccs.obj (.intvecs)

.text      0    0000026c    0000753c     
                  0000026c    00001378     main.obj (.text)
                  000015e4    00000c20     open_interface.obj (.text)
                  00002204    00000a4e     rtsv7M4_T_le_v4SPD16_eabi.lib : _printfi.c.obj (.text:__TI_printfi)
                  00002c52    00000002                                   : _lock.c.obj (.text:_nop)
                  00002c54    000009c0                                   : e_pow.c.obj (.text:pow)
                  00003614    00000738                                   : k_rem_pio2.c.obj (.text:__kernel_rem_pio2)
                  00003d4c    00000508                                   : s_tan.c.obj (.text:tan)
                  00004254    000003d8     movement.obj (.text)
                  0000462c    00000328     lcd.obj (.text)
                  00004954    00000318     rtsv7M4_T_le_v4SPD16_eabi.lib : k_tan.c.obj (.text:__kernel_tan)
                  00004c6c    000002ec     uart.obj (.text)
                  00004f58    00000270     rtsv7M4_T_le_v4SPD16_eabi.lib : _printfi.c.obj (.text:_pconv_a)
                  000051c8    00000260     libcybotScan.lib : cyBot_Scan.obj (.text)
                  00005428    00000248     Timer.obj (.text)
                  00005670    000001ec     libcybotScan.lib : ping.obj (.text)
                  0000585c    000001d0     rtsv7M4_T_le_v4SPD16_eabi.lib : _printfi.c.obj (.text:_pconv_g)
                  00005a2c    000001b6                                   : fd_add_t2.asm.obj (.text)
                  00005be2    00000002                                   : div0.asm.obj (.text)
                  00005be4    00000158     libcybotScan.lib : servo.obj (.text)
                  00005d3c    00000158     rtsv7M4_T_le_v4SPD16_eabi.lib : e_sqrt.c.obj (.text:sqrt)
                  00005e94    0000014c                                   : vla_alloc.c.obj (.text:__vla_alloc)
                  00005fe0    0000013c                                   : _printfi.c.obj (.text:_pconv_e)
                  0000611c    00000138     button.obj (.text)
                  00006254    00000136     rtsv7M4_T_le_v4SPD16_eabi.lib : fd_div_t2.asm.obj (.text)
                  0000638a    00000002     --HOLE-- [fill = 0]
                  0000638c    00000124                                   : _printfi.c.obj (.text:fcvt)
                  000064b0    00000118     libcybotScan.lib : ir.obj (.text)
                  000065c8    00000110     rtsv7M4_T_le_v4SPD16_eabi.lib : s_scalbn.c.obj (.text:scalbn)
                  000066d8    00000100                                   : memory.c.obj (.text:aligned_alloc)
                  000067d8    000000fc                                   : fd_mul_t2.asm.obj (.text)
                  000068d4    000000f8                                   : s_floor.c.obj (.text:floor)
                  000069cc    000000e4                                   : memory.c.obj (.text:free)
                  00006ab0    000000e4                                   : memory.c.obj (.text:realloc)
                  00006b94    000000b1                                   : _printfi.c.obj (.text:_ltostr)
                  00006c45    00000001     --HOLE-- [fill = 0]
                  00006c46    0000009c                                   : memcpy_t2.asm.obj (.text)
                  00006ce2    00000096                                   : ull_div_t2.asm.obj (.text)
                  00006d78    00000086                                   : fd_cmp_t2.asm.obj (.text:__aeabi_cdcmple)
                  00006dfe    00000086                                   : fd_cmp_t2.asm.obj (.text:__aeabi_cdrcmple)
                  00006e84    0000007a                                   : memset_t2.asm.obj (.text)
                  00006efe    00000002     --HOLE-- [fill = 0]
                  00006f00    00000078                                   : vla_alloc.c.obj (.text:_ZN33_INTERNAL_11_vla_alloc_c_be8bd49b21free_dead_allocationsEPv)
                  00006f78    00000070                                   : vla_alloc.c.obj (.text:__vla_dealloc)
                  00006fe8    00000070                                   : memory.c.obj (.text:split)
                  00007058    0000006e                                   : _printfi.c.obj (.text:_mcpy)
                  000070c6    0000006e                                   : fd_tos_t2.asm.obj (.text)
                  00007134    00000068                                   : copy_decompress_lzss.c.obj (.text:decompress:lzss:__TI_decompress_lzss)
                  0000719c    00000064                                   : s_frexp.c.obj (.text:frexp)
                  00007200    00000056                                   : _printfi.c.obj (.text:_pconv_f)
                  00007256    00000054                                   : _ltoa.c.obj (.text:__TI_ltoa)
                  000072aa    00000052                                   : _printfi.c.obj (.text:_ecpy)
                  000072fc    0000004c                                   : atoi.c.obj (.text:atoi)
                  00007348    00000048                                   : fd_toi_t2.asm.obj (.text)
                  00007390    00000044                                   : autoinit.c.obj (.text:__TI_auto_init_nobinit_nopinit:__TI_auto_init_nobinit_nopinit)
                  000073d4    00000040                                   : strtok.c.obj (.text:strtok)
                  00007414    00000040                                   : vsnprintf.c.obj (.text:vsnprintf)
                  00007454    0000003e                                   : _printfi.c.obj (.text:_fcpy)
                  00007492    00000002     --HOLE-- [fill = 0]
                  00007494    00000038                                   : memory.c.obj (.text:calloc)
                  000074cc    00000038                                   : fs_tod_t2.asm.obj (.text)
                  00007504    00000034     driverlib.lib : interrupt.obj (.text:IntRegister)
                  00007538    00000034     rtsv7M4_T_le_v4SPD16_eabi.lib : boot_cortex_m.c.obj (.text:_c_int00_noargs:_c_int00_noargs)
                  0000756c    00000030                                   : vsnprintf.c.obj (.text:_outs)
                  0000759c    0000002e                                   : i_tofd_t2.asm.obj (.text)
                  000075ca    0000002a                                   : strspn.c.obj (.text:strspn)
                  000075f4    00000028                                   : memory.c.obj (.text:free_list_insert)
                  0000761c    00000024                                   : strcspn.c.obj (.text:strcspn)
                  00007640    0000001c                                   : copy_zero_init.c.obj (.text:decompress:ZI:__TI_zero_init_nomemset:__TI_zero_init_nomemset)
                  0000765c    0000001c                                   : memory.c.obj (.text:free_list_remove)
                  00007678    0000001c                                   : memccpy.c.obj (.text:memccpy)
                  00007694    0000001a                                   : s_copysign.c.obj (.text:copysign)
                  000076ae    00000018                                   : vsnprintf.c.obj (.text:_outc)
                  000076c6    00000018     open_interface.obj (.text:oi_parseInt)
                  000076de    00000018     rtsv7M4_T_le_v4SPD16_eabi.lib : strcmp.c.obj (.text:strcmp)
                  000076f6    00000016                                   : strchr.c.obj (.text:strchr)
                  0000770c    00000014                                   : strcpy.c.obj (.text:strcpy)
                  00007720    00000014                                   : strlen.c.obj (.text:strlen)
                  00007734    00000012                                   : wcslen.c.obj (.text:wcslen)
                  00007746    00000010     driverlib.lib : interrupt.obj (.text:IntMasterEnable)
                  00007756    00000010     lcd.obj (.text:lcd_clear)
                  00007766    0000000e     rtsv7M4_T_le_v4SPD16_eabi.lib : copy_decompress_none.c.obj (.text:decompress:none:__TI_decompress_none)
                  00007774    0000000c     driverlib.lib : cpu.obj (.text:CPUcpsie)
                  00007780    0000000c     tm4c123gh6pm_startup_ccs.obj (.text)
                  0000778c    00000008     rtsv7M4_T_le_v4SPD16_eabi.lib : errno.c.obj (.text:__aeabi_errno_addr)
                  00007794    00000008                                   : memory.c.obj (.text:malloc)
                  0000779c    00000004                                   : error.c.obj (.text:__abort_execution)
                  000077a0    00000004                                   : pre_init.c.obj (.text:_system_pre_init)
                  000077a4    00000004                                   : exit.c.obj (.text:abort:abort)

.const     0    000077a8    0000033b     
                  000077a8    00000158     rtsv7M4_T_le_v4SPD16_eabi.lib : k_rem_pio2.c.obj (.const:$O1$$)
                  00007900    00000101                                   : ctype.c.obj (.const:.string:_ctypes_)
                  00007a01    00000004     lcd.obj (.const:.string:lineAddress$1)
                  00007a05    00000003     --HOLE-- [fill = 0]
                  00007a08    00000080     rtsv7M4_T_le_v4SPD16_eabi.lib : k_tan.c.obj (.const:xxx)
                  00007a88    00000030                                   : e_pow.c.obj (.const:$O1$$)
                  00007ab8    00000018     data.obj (.const)
                  00007ad0    0000000f     open_interface.obj (.const:.string:$P$T0$3)
                  00007adf    00000004     lcd.obj (.const:.string:lineAddresses$2)

.cinit     0    00007ae8    00000058     
                  00007ae8    0000001f     (.cinit..data.load) [load image, compression = lzss]
                  00007b07    00000001     --HOLE-- [fill = 0]
                  00007b08    0000000c     (__TI_handler_table)
                  00007b14    00000004     --HOLE-- [fill = 0]
                  00007b18    00000008     (.cinit..bss.load) [load image, compression = zero_init]
                  00007b20    00000008     (.cinit..vtable.load) [load image, compression = zero_init]
                  00007b28    00000018     (__TI_cinit_table)

.init_array 
*          0    00000000    00000000     UNINITIALIZED

.vtable    0    20000000    0000026c     UNINITIALIZED
                  20000000    0000026c     driverlib.lib : interrupt.obj (.vtable)

.stack     0    20000270    00001000     UNINITIALIZED
                  20000270    00000004     rtsv7M4_T_le_v4SPD16_eabi.lib : boot_cortex_m.c.obj (.stack)
                  20000274    00000ffc     --HOLE--

.sysmem    0    20001270    00001000     UNINITIALIZED
                  20001270    00000010     rtsv7M4_T_le_v4SPD16_eabi.lib : memory.c.obj (.sysmem)
                  20001280    00000ff0     --HOLE--

.bss       0    20002270    000000a5     UNINITIALIZED
                  20002270    00000054     lcd.obj (.bss:lastbuffer$3)
                  200022c4    00000018     open_interface.obj (.bss:firmware$2)
                  200022dc    00000014     (.common:smallest)
                  200022f0    00000008     (.common:scanData)
                  200022f8    00000004     (.common:_timeout_ticks)
                  200022fc    00000004     (.common:fallingEdge)
                  20002300    00000004     (.common:isr_int_value)
                  20002304    00000004     (.common:left_calibration_value)
                  20002308    00000004     (.common:pulseLength)
                  2000230c    00000004     (.common:right_calibration_value)
                  20002310    00000004     (.common:risingEdge)
                  20002314    00000001     (.common:isRisingEdge)

.data      0    20002318    0000004b     UNINITIALIZED
                  20002318    00000020     open_interface.obj (.data)
                  20002338    00000008     rtsv7M4_T_le_v4SPD16_eabi.lib : _lock.c.obj (.data:$O1$$)
                  20002340    00000008                                   : memory.c.obj (.data:$O1$$)
                  20002348    00000008     data.obj (.data)
                  20002350    00000004     libcybotScan.lib : cyBot_Scan.obj (.data)
                  20002354    00000004     rtsv7M4_T_le_v4SPD16_eabi.lib : errno.c.obj (.data)
                  20002358    00000004                                   : strtok.c.obj (.data)
                  2000235c    00000004                                   : vla_alloc.c.obj (.data)
                  20002360    00000001     Timer.obj (.data)
                  20002361    00000001     button.obj (.data)
                  20002362    00000001     uart.obj (.data)

__llvm_prf_cnts 
*          0    20000000    00000000     UNINITIALIZED

MODULE SUMMARY

       Module                         code    ro data   rw data
       ------                         ----    -------   -------
    .\
       main.obj                       4984    0         36     
       open_interface.obj             3128    15        56     
       movement.obj                   984     0         0      
       lcd.obj                        824     8         84     
       uart.obj                       748     0         1      
       tm4c123gh6pm_startup_ccs.obj   12      620       0      
       Timer.obj                      584     0         5      
       button.obj                     312     0         1      
       data.obj                       0       24        8      
    +--+------------------------------+-------+---------+---------+
       Total:                         11576   667       191    
                                                               
    ../libcybotScan.lib
       cyBot_Scan.obj                 608     0         4      
       ping.obj                       492     0         13     
       servo.obj                      344     0         0      
       ir.obj                         280     0         4      
    +--+------------------------------+-------+---------+---------+
       Total:                         1724    0         21     
                                                               
    C:/ti/TivaWare_C_Series-2.1.4.178/driverlib/ccs/Debug/driverlib.lib
       interrupt.obj                  68      0         620    
       cpu.obj                        12      0         0      
    +--+------------------------------+-------+---------+---------+
       Total:                         80      0         620    
                                                               
    C:\ti\ccs1031\ccs\tools\compiler\ti-cgt-arm_20.2.4.LTS\lib\rtsv7M4_T_le_v4SPD16_eabi.lib
       _printfi.c.obj                 4851    0         0      
       e_pow.c.obj                    2496    48        0      
       k_rem_pio2.c.obj               1848    344       0      
       s_tan.c.obj                    1288    0         0      
       memory.c.obj                   956     0         8      
       k_tan.c.obj                    792     128       0      
       vla_alloc.c.obj                564     0         4      
       fd_add_t2.asm.obj              438     0         0      
       e_sqrt.c.obj                   344     0         0      
       fd_div_t2.asm.obj              310     0         0      
       s_scalbn.c.obj                 272     0         0      
       fd_cmp_t2.asm.obj              268     0         0      
       ctype.c.obj                    0       257       0      
       fd_mul_t2.asm.obj              252     0         0      
       s_floor.c.obj                  248     0         0      
       memcpy_t2.asm.obj              156     0         0      
       ull_div_t2.asm.obj             150     0         0      
       vsnprintf.c.obj                136     0         0      
       memset_t2.asm.obj              122     0         0      
       fd_tos_t2.asm.obj              110     0         0      
       copy_decompress_lzss.c.obj     104     0         0      
       s_frexp.c.obj                  100     0         0      
       _ltoa.c.obj                    84      0         0      
       atoi.c.obj                     76      0         0      
       fd_toi_t2.asm.obj              72      0         0      
       autoinit.c.obj                 68      0         0      
       strtok.c.obj                   64      0         4      
       fs_tod_t2.asm.obj              56      0         0      
       boot_cortex_m.c.obj            52      0         0      
       i_tofd_t2.asm.obj              46      0         0      
       strspn.c.obj                   42      0         0      
       strcspn.c.obj                  36      0         0      
       copy_zero_init.c.obj           28      0         0      
       memccpy.c.obj                  28      0         0      
       s_copysign.c.obj               26      0         0      
       strcmp.c.obj                   24      0         0      
       strchr.c.obj                   22      0         0      
       strcpy.c.obj                   20      0         0      
       strlen.c.obj                   20      0         0      
       wcslen.c.obj                   18      0         0      
       copy_decompress_none.c.obj     14      0         0      
       errno.c.obj                    8       0         4      
       _lock.c.obj                    2       0         8      
       error.c.obj                    4       0         0      
       exit.c.obj                     4       0         0      
       pre_init.c.obj                 4       0         0      
       div0.asm.obj                   2       0         0      
    +--+------------------------------+-------+---------+---------+
       Total:                         16625   777       28     
                                                               
       Heap:                          0       0         4096   
       Stack:                         0       0         4096   
       Linker Generated:              0       83        0      
    +--+------------------------------+-------+---------+---------+
       Grand Total:                   30005   1527      9052   


LINKER GENERATED COPY TABLES

__TI_cinit_table @ 00007b28 records: 3, size/record: 8, table size: 24
	.data: load addr=00007ae8, load size=0000001f bytes, run addr=20002318, run size=0000004b bytes, compression=lzss
	.bss: load addr=00007b18, load size=00000008 bytes, run addr=20002270, run size=000000a5 bytes, compression=zero_init
	.vtable: load addr=00007b20, load size=00000008 bytes, run addr=20000000, run size=0000026c bytes, compression=zero_init


LINKER GENERATED HANDLER TABLE

__TI_handler_table @ 00007b08 records: 3, size/record: 4, table size: 12
	index: 0, handler: __TI_zero_init
	index: 1, handler: __TI_decompress_lzss
	index: 2, handler: __TI_decompress_none


GLOBAL SYMBOLS: SORTED ALPHABETICALLY BY Name 

address   name                          
-------   ----                          
00006549  ADC0SS0_Handler               
000077a5  C$$EXIT                       
00007775  CPUcpsie                      
00001f3b  GPIOF_Handler                 
00007ac0  INT_ARR_DIGITS                
00007747  IntMasterEnable               
00007505  IntRegister                   
00007acc  MAX_COMMAND_LEN               
00007ac8  MAX_OBJECTS                   
00007781  ResetISR                      
00007abc  SCAN_LEFT                     
00007ab8  SCAN_RIGHT                    
00007ac4  SEND_FLOAT_DECIMAL_PLACES     
00005761  TIMER3B_Handler               
00004c6d  UART1_Handler                 
20001270  __STACK_END                   
00001000  __STACK_SIZE                  
20000470  __STACK_TOP                   
00001000  __SYSMEM_SIZE                 
00007b28  __TI_CINIT_Base               
00007b40  __TI_CINIT_Limit              
00007b08  __TI_Handler_Table_Base       
00007b14  __TI_Handler_Table_Limit      
00007391  __TI_auto_init_nobinit_nopinit
00007135  __TI_decompress_lzss          
00007767  __TI_decompress_none          
00007257  __TI_ltoa                     
ffffffff  __TI_pprof_out_hndl           
00002205  __TI_printfi                  
ffffffff  __TI_prof_data_size           
ffffffff  __TI_prof_data_start          
00000000  __TI_static_base__            
00007641  __TI_zero_init_nomemset       
0000779d  __abort_execution             
00006d79  __aeabi_cdcmpeq               
00006d79  __aeabi_cdcmple               
00006dff  __aeabi_cdrcmple              
000070c7  __aeabi_d2f                   
00007349  __aeabi_d2iz                  
00005a37  __aeabi_dadd                  
00006255  __aeabi_ddiv                  
000067d9  __aeabi_dmul                  
00005a2d  __aeabi_dsub                  
0000778d  __aeabi_errno_addr            
000074cd  __aeabi_f2d                   
0000759d  __aeabi_i2d                   
00005be3  __aeabi_idiv0                 
00005be3  __aeabi_ldiv0                 
00006e85  __aeabi_memclr                
00006e85  __aeabi_memclr4               
00006e85  __aeabi_memclr8               
00006c47  __aeabi_memcpy                
00006c47  __aeabi_memcpy4               
00006c47  __aeabi_memcpy8               
00006e87  __aeabi_memset                
00006e87  __aeabi_memset4               
00006e87  __aeabi_memset8               
00006ce3  __aeabi_uldivmod              
ffffffff  __binit__                     
ffffffff  __c_args__                    
00003615  __kernel_rem_pio2             
00004955  __kernel_tan                  
UNDEFED   __mpu_init                    
20000270  __stack                       
20000000  __start___llvm_prf_cnts       
20000000  __stop___llvm_prf_cnts        
00005e95  __vla_alloc                   
00006f79  __vla_dealloc                 
00007539  _c_int00_noargs               
00007900  _ctypes_                      
20002338  _lock                         
00002c53  _nop                          
20002360  _running                      
20001270  _sys_memory                   
UNDEFED   _system_post_cinit            
000077a1  _system_pre_init              
200022f8  _timeout_ticks                
2000233c  _unlock                       
000077a5  abort                         
000066d9  aligned_alloc                 
000072fd  atoi                          
ffffffff  binit                         
000003dd  build_object                  
00004255  bumpLeft                      
000042a1  bumpRight                     
00006151  button_getButton              
00006193  button_getButtonWait          
0000611d  button_init                   
00007495  calloc                        
20002362  command_byte                  
00007695  copysign                      
00007695  copysignl                     
000052a1  cyBOT_SERVO_cal               
0000522f  cyBOT_Scan                    
000051d7  cyBOT_init_Scan               
20002350  cyBOT_scan_features           
000051c9  cyBOT_scan_version            
20002354  errno                         
200022fc  fallingEdge                   
000068d5  floor                         
000068d5  floorl                        
000069cd  free                          
0000719d  frexp                         
0000719d  frexpl                        
00000471  full_scan                     
20000000  g_pfnRAMVectors               
00000000  g_pfnVectors                  
00001cf7  go_charge                     
00001121  handle_buttons                
0000655f  ir_enableInterrupt            
00006541  ir_getDistance                
00006519  ir_getValue                   
000064b1  ir_init                       
20002314  isRisingEdge                  
20002300  isr_int_value                 
00007757  lcd_clear                     
00004801  lcd_gotoLine                  
00004669  lcd_init                      
00004867  lcd_printf                    
00004729  lcd_putc                      
00004761  lcd_puts                      
0000462d  lcd_reverseNibble             
0000477f  lcd_sendCommand               
000047bd  lcd_sendNibble                
00004829  lcd_setCursorPos              
000065c9  ldexp                         
000065c9  ldexpl                        
20002304  left_calibration_value        
00001251  main                          
00007795  malloc                        
000066d9  memalign                      
00007679  memccpy                       
00006c47  memcpy                        
00006e8d  memset                        
20002318  motor_cal_factor_L            
2000231c  motor_cal_factor_R            
000044f1  move_backward                 
00004429  move_forward                  
0000456d  move_square                   
20002348  object_num                    
000015e5  oi_alloc                      
00001e21  oi_checkFirmware              
0000163f  oi_close                      
000015f1  oi_free                       
00002165  oi_getMotorCalibrationLeft    
00002179  oi_getMotorCalibrationRight   
00001629  oi_init                       
00001601  oi_init_noupdate              
00001c8d  oi_loadSong                   
000076c7  oi_parseInt                   
000016a3  oi_parsePacket                
00001ce3  oi_play_song                  
00001bc3  oi_setLeds                    
00002129  oi_setMotorCalibration        
00001c07  oi_setWheels                  
00001ec9  oi_shutoff_init               
00001d05  oi_uartInit                   
00001da9  oi_uartReceive                
00001def  oi_uartSendBuff               
00001d8d  oi_uartSendChar               
00001dd1  oi_uartSendStr                
00001651  oi_update                     
00000d65  parse                         
000057b3  ping_getDistance              
00005671  ping_init                     
000056f7  ping_trigger                  
00002c55  pow                           
00002c55  powl                          
20002308  pulseLength                   
00006ab1  realloc                       
2000230c  right_calibration_value       
20002310  risingEdge                    
000065c9  scalbn                        
000065c9  scalbnl                       
000007f9  scan                          
200022f0  scanData                      
00000389  scan_test                     
00005be5  servo_init                    
00005c75  servo_move                    
00005cd5  servo_setPWM                  
00005c69  servo_stop                    
200022dc  smallest                      
0000026d  smallestObject                
2000234c  speed                         
00005d3d  sqrt                          
00005d3d  sqrtl                         
000076f7  strchr                        
000076df  strcmp                        
0000770d  strcpy                        
0000761d  strcspn                       
00007721  strlen                        
000075cb  strspn                        
000073d5  strtok                        
00003d4d  tan                           
00003d4d  tanl                          
00005547  timer_getMicros               
000054ef  timer_getMillis               
00005429  timer_init                    
000054cb  timer_pause                   
000054dd  timer_resume                  
000054a1  timer_stop                    
000055a1  timer_waitMicros              
000055d3  timer_waitMillis              
000042ed  turn_left                     
00004389  turn_right                    
00004cd9  uart_enable                   
00004d51  uart_init                     
00004c9b  uart_init_interrupts          
00004d85  uart_receive                  
00004d99  uart_receive_no_wait          
00004d69  uart_sendChar                 
00004e2b  uart_sendFloat                
00004db1  uart_sendInt                  
00004e93  uart_sendStr                  
00007415  vsnprintf                     
00007735  wcslen                        


GLOBAL SYMBOLS: SORTED BY Symbol Address 

address   name                          
-------   ----                          
00000000  __TI_static_base__            
00000000  g_pfnVectors                  
0000026d  smallestObject                
00000389  scan_test                     
000003dd  build_object                  
00000471  full_scan                     
000007f9  scan                          
00000d65  parse                         
00001000  __STACK_SIZE                  
00001000  __SYSMEM_SIZE                 
00001121  handle_buttons                
00001251  main                          
000015e5  oi_alloc                      
000015f1  oi_free                       
00001601  oi_init_noupdate              
00001629  oi_init                       
0000163f  oi_close                      
00001651  oi_update                     
000016a3  oi_parsePacket                
00001bc3  oi_setLeds                    
00001c07  oi_setWheels                  
00001c8d  oi_loadSong                   
00001ce3  oi_play_song                  
00001cf7  go_charge                     
00001d05  oi_uartInit                   
00001d8d  oi_uartSendChar               
00001da9  oi_uartReceive                
00001dd1  oi_uartSendStr                
00001def  oi_uartSendBuff               
00001e21  oi_checkFirmware              
00001ec9  oi_shutoff_init               
00001f3b  GPIOF_Handler                 
00002129  oi_setMotorCalibration        
00002165  oi_getMotorCalibrationLeft    
00002179  oi_getMotorCalibrationRight   
00002205  __TI_printfi                  
00002c53  _nop                          
00002c55  pow                           
00002c55  powl                          
00003615  __kernel_rem_pio2             
00003d4d  tan                           
00003d4d  tanl                          
00004255  bumpLeft                      
000042a1  bumpRight                     
000042ed  turn_left                     
00004389  turn_right                    
00004429  move_forward                  
000044f1  move_backward                 
0000456d  move_square                   
0000462d  lcd_reverseNibble             
00004669  lcd_init                      
00004729  lcd_putc                      
00004761  lcd_puts                      
0000477f  lcd_sendCommand               
000047bd  lcd_sendNibble                
00004801  lcd_gotoLine                  
00004829  lcd_setCursorPos              
00004867  lcd_printf                    
00004955  __kernel_tan                  
00004c6d  UART1_Handler                 
00004c9b  uart_init_interrupts          
00004cd9  uart_enable                   
00004d51  uart_init                     
00004d69  uart_sendChar                 
00004d85  uart_receive                  
00004d99  uart_receive_no_wait          
00004db1  uart_sendInt                  
00004e2b  uart_sendFloat                
00004e93  uart_sendStr                  
000051c9  cyBOT_scan_version            
000051d7  cyBOT_init_Scan               
0000522f  cyBOT_Scan                    
000052a1  cyBOT_SERVO_cal               
00005429  timer_init                    
000054a1  timer_stop                    
000054cb  timer_pause                   
000054dd  timer_resume                  
000054ef  timer_getMillis               
00005547  timer_getMicros               
000055a1  timer_waitMicros              
000055d3  timer_waitMillis              
00005671  ping_init                     
000056f7  ping_trigger                  
00005761  TIMER3B_Handler               
000057b3  ping_getDistance              
00005a2d  __aeabi_dsub                  
00005a37  __aeabi_dadd                  
00005be3  __aeabi_idiv0                 
00005be3  __aeabi_ldiv0                 
00005be5  servo_init                    
00005c69  servo_stop                    
00005c75  servo_move                    
00005cd5  servo_setPWM                  
00005d3d  sqrt                          
00005d3d  sqrtl                         
00005e95  __vla_alloc                   
0000611d  button_init                   
00006151  button_getButton              
00006193  button_getButtonWait          
00006255  __aeabi_ddiv                  
000064b1  ir_init                       
00006519  ir_getValue                   
00006541  ir_getDistance                
00006549  ADC0SS0_Handler               
0000655f  ir_enableInterrupt            
000065c9  ldexp                         
000065c9  ldexpl                        
000065c9  scalbn                        
000065c9  scalbnl                       
000066d9  aligned_alloc                 
000066d9  memalign                      
000067d9  __aeabi_dmul                  
000068d5  floor                         
000068d5  floorl                        
000069cd  free                          
00006ab1  realloc                       
00006c47  __aeabi_memcpy                
00006c47  __aeabi_memcpy4               
00006c47  __aeabi_memcpy8               
00006c47  memcpy                        
00006ce3  __aeabi_uldivmod              
00006d79  __aeabi_cdcmpeq               
00006d79  __aeabi_cdcmple               
00006dff  __aeabi_cdrcmple              
00006e85  __aeabi_memclr                
00006e85  __aeabi_memclr4               
00006e85  __aeabi_memclr8               
00006e87  __aeabi_memset                
00006e87  __aeabi_memset4               
00006e87  __aeabi_memset8               
00006e8d  memset                        
00006f79  __vla_dealloc                 
000070c7  __aeabi_d2f                   
00007135  __TI_decompress_lzss          
0000719d  frexp                         
0000719d  frexpl                        
00007257  __TI_ltoa                     
000072fd  atoi                          
00007349  __aeabi_d2iz                  
00007391  __TI_auto_init_nobinit_nopinit
000073d5  strtok                        
00007415  vsnprintf                     
00007495  calloc                        
000074cd  __aeabi_f2d                   
00007505  IntRegister                   
00007539  _c_int00_noargs               
0000759d  __aeabi_i2d                   
000075cb  strspn                        
0000761d  strcspn                       
00007641  __TI_zero_init_nomemset       
00007679  memccpy                       
00007695  copysign                      
00007695  copysignl                     
000076c7  oi_parseInt                   
000076df  strcmp                        
000076f7  strchr                        
0000770d  strcpy                        
00007721  strlen                        
00007735  wcslen                        
00007747  IntMasterEnable               
00007757  lcd_clear                     
00007767  __TI_decompress_none          
00007775  CPUcpsie                      
00007781  ResetISR                      
0000778d  __aeabi_errno_addr            
00007795  malloc                        
0000779d  __abort_execution             
000077a1  _system_pre_init              
000077a5  C$$EXIT                       
000077a5  abort                         
00007900  _ctypes_                      
00007ab8  SCAN_RIGHT                    
00007abc  SCAN_LEFT                     
00007ac0  INT_ARR_DIGITS                
00007ac4  SEND_FLOAT_DECIMAL_PLACES     
00007ac8  MAX_OBJECTS                   
00007acc  MAX_COMMAND_LEN               
00007b08  __TI_Handler_Table_Base       
00007b14  __TI_Handler_Table_Limit      
00007b28  __TI_CINIT_Base               
00007b40  __TI_CINIT_Limit              
20000000  __start___llvm_prf_cnts       
20000000  __stop___llvm_prf_cnts        
20000000  g_pfnRAMVectors               
20000270  __stack                       
20000470  __STACK_TOP                   
20001270  __STACK_END                   
20001270  _sys_memory                   
200022dc  smallest                      
200022f0  scanData                      
200022f8  _timeout_ticks                
200022fc  fallingEdge                   
20002300  isr_int_value                 
20002304  left_calibration_value        
20002308  pulseLength                   
2000230c  right_calibration_value       
20002310  risingEdge                    
20002314  isRisingEdge                  
20002318  motor_cal_factor_L            
2000231c  motor_cal_factor_R            
20002338  _lock                         
2000233c  _unlock                       
20002348  object_num                    
2000234c  speed                         
20002350  cyBOT_scan_features           
20002354  errno                         
20002360  _running                      
20002362  command_byte                  
ffffffff  __TI_pprof_out_hndl           
ffffffff  __TI_prof_data_size           
ffffffff  __TI_prof_data_start          
ffffffff  __binit__                     
ffffffff  __c_args__                    
ffffffff  binit                         
UNDEFED   __mpu_init                    
UNDEFED   _system_post_cinit            

[216 symbols]
